Component: ARM Compiler 5.06 update 5 (build 528) Tool: armlink [4d35e2]

==============================================================================

Section Cross References

    main.o(i.main) refers to ml_oled.o(i.OLED_Init) for OLED_Init
    main.o(i.main) refers to motor.o(i.motor_init) for motor_init
    main.o(i.main) refers to motor.o(i.encoder_init) for encoder_init
    main.o(i.main) refers to ml_uart.o(i.uart_init) for uart_init
    main.o(i.main) refers to pid.o(i.pid_init) for pid_init
    main.o(i.main) refers to ml_i2c.o(i.I2C_Init) for I2C_Init
    main.o(i.main) refers to ml_exti.o(i.exti_init) for exti_init
    main.o(i.main) refers to ml_tim.o(i.tim_interrupt_ms_init) for tim_interrupt_ms_init
    main.o(i.main) refers to grayscale_sensor.o(i.Grayscale_Sensor_Init) for Grayscale_Sensor_Init
    main.o(i.main) refers to grayscale_sensor.o(i.Grayscale_Sensor_Read_All) for Grayscale_Sensor_Read_All
    main.o(i.main) refers to gray_track.o(i.track) for track
    main.o(i.main) refers to gray_track.o(i.digtal) for digtal
    main.o(i.main) refers to ml_oled.o(i.OLED_ShowNum) for OLED_ShowNum
    main.o(i.main) refers to ml_oled.o(i.OLED_ShowString) for OLED_ShowString
    main.o(i.main) refers to ffix.o(x$fpl$ffix) for __aeabi_f2iz
    main.o(i.main) refers to ml_oled.o(i.OLED_ShowSignedNum) for OLED_ShowSignedNum
    main.o(i.main) refers to ml_delay.o(i.delay_ms) for delay_ms
    main.o(i.main) refers to pid.o(.bss) for motorA
    main.o(i.main) refers to gray_track.o(.bss) for g_sensor_data
    main.o(i.main) refers to gray_track.o(.data) for g_track_state
    main.o(i.main) refers to motor.o(.data) for Encoder_count1
    isr.o(i.EXTI0_IRQHandler) refers to ml_mpu6050.o(i.MPU6050_GetData) for MPU6050_GetData
    isr.o(i.EXTI0_IRQHandler) refers to fflt_clz.o(x$fpl$fflt) for __aeabi_i2f
    isr.o(i.EXTI0_IRQHandler) refers to f2d.o(x$fpl$f2d) for __aeabi_f2d
    isr.o(i.EXTI0_IRQHandler) refers to ddiv.o(x$fpl$ddiv) for __aeabi_ddiv
    isr.o(i.EXTI0_IRQHandler) refers to dmul.o(x$fpl$dmul) for __aeabi_dmul
    isr.o(i.EXTI0_IRQHandler) refers to daddsub_clz.o(x$fpl$dadd) for __aeabi_dadd
    isr.o(i.EXTI0_IRQHandler) refers to d2f.o(x$fpl$d2f) for __aeabi_d2f
    isr.o(i.EXTI0_IRQHandler) refers to fdiv.o(x$fpl$fdiv) for __aeabi_fdiv
    isr.o(i.EXTI0_IRQHandler) refers to atan.o(i.atan) for atan
    isr.o(i.EXTI0_IRQHandler) refers to atan2.o(i.atan2) for atan2
    isr.o(i.EXTI0_IRQHandler) refers to filter.o(i.Kalman_Filter) for Kalman_Filter
    isr.o(i.EXTI0_IRQHandler) refers to ml_mpu6050.o(.data) for gx
    isr.o(i.EXTI0_IRQHandler) refers to ml_hmc5883l.o(.data) for hmc_y
    isr.o(i.EXTI0_IRQHandler) refers to filter.o(.data) for KF_Roll
    isr.o(i.EXTI4_IRQHandler) refers to ml_gpio.o(i.gpio_get) for gpio_get
    isr.o(i.EXTI4_IRQHandler) refers to motor.o(.data) for Encoder_count2
    isr.o(i.EXTI9_5_IRQHandler) refers to ml_gpio.o(i.gpio_get) for gpio_get
    isr.o(i.EXTI9_5_IRQHandler) refers to motor.o(.data) for Encoder_count1
    isr.o(i.TIM3_IRQHandler) refers to pid.o(i.pid_control) for pid_control
    isr.o(i.TIM3_IRQHandler) refers to isr.o(.data) for g_tim3_tick
    motor.o(i.encoder_init) refers to ml_exti.o(i.exti_init) for exti_init
    motor.o(i.encoder_init) refers to ml_gpio.o(i.gpio_init) for gpio_init
    motor.o(i.motorA_duty) refers to ml_pwm.o(i.pwm_update) for pwm_update
    motor.o(i.motorA_duty) refers to ml_gpio.o(i.gpio_set) for gpio_set
    motor.o(i.motorA_duty) refers to motor.o(.data) for motorA_dir
    motor.o(i.motorB_duty) refers to ml_pwm.o(i.pwm_update) for pwm_update
    motor.o(i.motorB_duty) refers to ml_gpio.o(i.gpio_set) for gpio_set
    motor.o(i.motorB_duty) refers to motor.o(.data) for motorB_dir
    motor.o(i.motor_init) refers to ml_gpio.o(i.gpio_init) for gpio_init
    motor.o(i.motor_init) refers to ml_gpio.o(i.gpio_set) for gpio_set
    motor.o(i.motor_init) refers to ml_pwm.o(i.pwm_init) for pwm_init
    pid.o(i.datavision_send) refers to ml_uart.o(i.uart_sendbyte) for uart_sendbyte
    pid.o(i.datavision_send) refers to ffixu.o(x$fpl$ffixu) for __aeabi_f2uiz
    pid.o(i.datavision_send) refers to pid.o(.bss) for motorA
    pid.o(i.motor_target_set) refers to fflt_clz.o(x$fpl$fflt) for __aeabi_i2f
    pid.o(i.motor_target_set) refers to motor.o(.data) for motorA_dir
    pid.o(i.motor_target_set) refers to pid.o(.bss) for motorA
    pid.o(i.pid_cal) refers to faddsub_clz.o(x$fpl$fsub) for __aeabi_fsub
    pid.o(i.pid_cal) refers to fmul.o(x$fpl$fmul) for __aeabi_fmul
    pid.o(i.pid_cal) refers to faddsub_clz.o(x$fpl$frsb) for __aeabi_frsub
    pid.o(i.pid_cal) refers to faddsub_clz.o(x$fpl$fadd) for __aeabi_fadd
    pid.o(i.pid_control) refers to fflt_clz.o(x$fpl$fflt) for __aeabi_i2f
    pid.o(i.pid_control) refers to pid.o(i.pid_cal) for pid_cal
    pid.o(i.pid_control) refers to pid.o(i.pidout_limit) for pidout_limit
    pid.o(i.pid_control) refers to ffix.o(x$fpl$ffix) for __aeabi_f2iz
[...]

==============================================================================

Image Symbol Table

    Local Symbols

    Symbol Name                              Value     Ov Type        Size  Object(Section)

    ../clib/angel/boardlib.s                 0x00000000   Number         0  boardinit2.o ABSOLUTE
    ../clib/angel/boardlib.s                 0x00000000   Number         0  boardinit1.o ABSOLUTE
    ../clib/angel/boardlib.s                 0x00000000   Number         0  boardinit3.o ABSOLUTE
    ../clib/angel/boardlib.s                 0x00000000   Number         0  boardshut.o ABSOLUTE
    ../clib/angel/dczerorl2.s                0x00000000   Number         0  __dczerorl2.o ABSOLUTE
    ../clib/angel/handlers.s                 0x00000000   Number         0  __scatter_zi.o ABSOLUTE
    ../clib/angel/kernel.s                   0x00000000   Number         0  rtexit2.o ABSOLUTE
    ../clib/angel/kernel.s                   0x00000000   Number         0  rtexit.o ABSOLUTE
    ../clib/angel/kernel.s                   0x00000000   Number         0  __rtentry.o ABSOLUTE
    ../clib/angel/kernel.s                   0x00000000   Number         0  __rtentry2.o ABSOLUTE
    ../clib/angel/kernel.s                   0x00000000   Number         0  __rtentry4.o ABSOLUTE
    ../clib/angel/rt.s                       0x00000000   Number         0  rt_errno_addr_intlibspace.o ABSOLUTE
    ../clib/angel/rt.s                       0x00000000   Number         0  rt_errno_addr.o ABSOLUTE
    ../clib/angel/rt.s                       0x00000000   Number         0  rt_raise.o ABSOLUTE
    ../clib/angel/scatter.s                  0x00000000   Number         0  __scatter.o ABSOLUTE
    ../clib/angel/startup.s                  0x00000000   Number         0  __main.o ABSOLUTE
    ../clib/angel/sys.s                      0x00000000   Number         0  libspace.o ABSOLUTE
    ../clib/angel/sys.s                      0x00000000   Number         0  use_no_semi_2.o ABSOLUTE
    ../clib/angel/sys.s                      0x00000000   Number         0  sys_stackheap_outer.o ABSOLUTE
    ../clib/angel/sys.s                      0x00000000   Number         0  indicate_semi.o ABSOLUTE
    ../clib/angel/sys.s                      0x00000000   Number         0  use_no_semi.o ABSOLUTE
    ../clib/angel/sysapp.c                   0x00000000   Number         0  sys_wrch.o ABSOLUTE
    ../clib/angel/sysapp.c                   0x00000000   Number         0  sys_command.o ABSOLUTE
    ../clib/armsys.c                         0x00000000   Number         0  argv_veneer.o ABSOLUTE
    ../clib/armsys.c                         0x00000000   Number         0  argv_veneer.o ABSOLUTE
    ../clib/armsys.c                         0x00000000   Number         0  _get_argv_nomalloc.o ABSOLUTE
    ../clib/armsys.c                         0x00000000   Number         0  no_argv.o ABSOLUTE
    ../clib/fenv.c                           0x00000000   Number         0  _rserrno.o ABSOLUTE
    ../clib/heapalloc.c                      0x00000000   Number         0  hrguard.o ABSOLUTE
    ../clib/heapaux.c                        0x00000000   Number         0  heapauxi.o ABSOLUTE
    ../clib/libinit.s                        0x00000000   Number         0  libinit.o ABSOLUTE
    ../clib/libinit.s                        0x00000000   Number         0  libshutdown2.o ABSOLUTE
    ../clib/libinit.s                        0x00000000   Number         0  libinit2.o ABSOLUTE
    ../clib/libinit.s                        0x00000000   Number         0  libshutdown.o ABSOLUTE
    ../clib/printf.c                         0x00000000   Number         0  _printf_dec.o ABSOLUTE
    ../clib/printf.c                         0x00000000   Number         0  __printf_flags.o ABSOLUTE
    ../clib/printf.c                         0x00000000   Number         0  _printf_char_common.o ABSOLUTE
    ../clib/printf.c                         0x00000000   Number         0  __printf_nopercent.o ABSOLUTE
    ../clib/printf.c                         0x00000000   Number         0  __2printf.o ABSOLUTE
    ../clib/printf.c                         0x00000000   Number         0  __printf_flags_wp.o ABSOLUTE
    ../clib/printf.c                         0x00000000   Number         0  __printf_wp.o ABSOLUTE
    ../clib/printf.c                         0x00000000   Number         0  _printf_char_file.o ABSOLUTE
    ../clib/printf.c                         0x00000000   Number         0  __printf_ss.o ABSOLUTE
    ../clib/printf.c                         0x00000000   Number         0  noretval__2printf.o ABSOLUTE
    ../clib/printf.c                         0x00000000   Number         0  __printf_flags_ss.o ABSOLUTE
    ../clib/printf.c                         0x00000000   Number         0  __printf_ss_wp.o ABSOLUTE
    ../clib/printf.c                         0x00000000   Number         0  __printf_flags_ss_wp.o ABSOLUTE
    ../clib/printf.c                         0x00000000   Number         0  __printf.o ABSOLUTE
    ../clib/printf.c                         0x00000000   Number         0  _printf_intcommon.o ABSOLUTE
    ../clib/printf_percent.s                 0x00000000   Number         0  _printf_percent_end.o ABSOLUTE
    ../clib/printf_percent.s                 0x00000000   Number         0  _printf_d.o ABSOLUTE
    ../clib/printf_percent.s                 0x00000000   Number         0  _printf_percent.o ABSOLUTE
    ../clib/signal.c                         0x00000000   Number         0  defsig_exit.o ABSOLUTE
    ../clib/signal.c                         0x00000000   Number         0  defsig_rtmem_formal.o ABSOLUTE
    ../clib/signal.c                         0x00000000   Number         0  defsig_rtmem_outer.o ABSOLUTE
    ../clib/signal.c                         0x00000000   Number         0  __raise.o ABSOLUTE
    ../clib/signal.c                         0x00000000   Number         0  defsig_other.o ABSOLUTE
    ../clib/signal.c                         0x00000000   Number         0  defsig_segv_inner.o ABSOLUTE
    ../clib/signal.c                         0x00000000   Number         0  defsig_cppl_inner.o ABSOLUTE
    ../clib/signal.c                         0x00000000   Number         0  defsig_pvfn_inner.o ABSOLUTE
    ../clib/signal.c                         0x00000000   Number         0  defsig_stak_inner.o ABSOLUTE
    ../clib/signal.c                         0x00000000   Number         0  defsig_rtred_inner.o ABSOLUTE
    ../clib/signal.c                         0x00000000   Number         0  defsig_fpe_inner.o ABSOLUTE
    ../clib/signal.c                         0x00000000   Number         0  defsig_abrt_inner.o ABSOLUTE
    ../clib/signal.c                         0x00000000   Number         0  defsig_general.o ABSOLUTE
    ../clib/signal.c                         0x00000000   Number         0  defsig_rtmem_inner.o ABSOLUTE
    ../clib/signal.s                         0x00000000   Number         0  defsig.o ABSOLUTE
    ../clib/stdio.c                          0x00000000   Number         0  ferror_locked.o ABSOLUTE
    ../clib/stdio.c                          0x00000000   Number         0  ferror.o ABSOLUTE
    ../clib/stdlib.c                         0x00000000   Number         0  exit.o ABSOLUTE
    ../clib/string.c                         0x00000000   Number         0  strcpy.o ABSOLUTE
    ../fplib/d2f.s                           0x00000000   Number         0  d2f.o ABSOLUTE
    ../fplib/daddsub.s                       0x00000000   Number         0  daddsub_clz.o ABSOLUTE
    ../fplib/dcheck1.s                       0x00000000   Number         0  dcheck1.o ABSOLUTE
    ../fplib/dcmpi.s                         0x00000000   Number         0  dcmpi.o ABSOLUTE
    ../fplib/ddiv.s                          0x00000000   Number         0  ddiv.o ABSOLUTE
    ../fplib/dfix.s                          0x00000000   Number         0  dfix.o ABSOLUTE
    ../fplib/dflt.s                          0x00000000   Number         0  dflt_clz.o ABSOLUTE
    ../fplib/dleqf.s                         0x00000000   Number         0  dleqf.o ABSOLUTE
    ../fplib/dmul.s                          0x00000000   Number         0  dmul.o ABSOLUTE
    ../fplib/dnaninf.s                       0x00000000   Number         0  dnaninf.o ABSOLUTE
    ../fplib/dretinf.s                       0x00000000   Number         0  dretinf.o ABSOLUTE
    ../fplib/drleqf.s                        0x00000000   Number         0  drleqf.o ABSOLUTE
    ../fplib/dsqrt.s                         0x00000000   Number         0  dsqrt_noumaal.o ABSOLUTE
    ../fplib/f2d.s                           0x00000000   Number         0  f2d.o ABSOLUTE
    ../fplib/faddsub.s                       0x00000000   Number         0  faddsub_clz.o ABSOLUTE
    ../fplib/fcmpi.s                         0x00000000   Number         0  fcmpi.o ABSOLUTE
    ../fplib/fdiv.s                          0x00000000   Number         0  fdiv.o ABSOLUTE
    ../fplib/ffix.s                          0x00000000   Number         0  ffix.o ABSOLUTE
    ../fplib/ffixu.s                         0x00000000   Number         0  ffixu.o ABSOLUTE
    ../fplib/fflt.s                          0x00000000   Number         0  fflt_clz.o ABSOLUTE
    ../fplib/fleqf.s                         0x00000000   Number         0  fleqf.o ABSOLUTE
    ../fplib/fmul.s                          0x00000000   Number         0  fmul.o ABSOLUTE
    ../fplib/fnaninf.s                       0x00000000   Number         0  fnaninf.o ABSOLUTE
    ../fplib/fpinit.s                        0x00000000   Number         0  fpinit.o ABSOLUTE
    ../fplib/fretinf.s                       0x00000000   Number         0  fretinf.o ABSOLUTE
    ../fplib/frleqf.s                        0x00000000   Number         0  frleqf.o ABSOLUTE
    ../fplib/retnan.s                        0x00000000   Number         0  retnan.o ABSOLUTE
    ../fplib/scalbn.s                        0x00000000   Number         0  scalbn.o ABSOLUTE
    ../fplib/trapv.s                         0x00000000   Number         0  trapv.o ABSOLUTE
    ../fplib/usenofp.s                       0x00000000   Number         0  usenofp.o ABSOLUTE
    ../mathlib/atan.c                        0x00000000   Number         0  atan_x.o ABSOLUTE
    ../mathlib/atan.c                        0x00000000   Number         0  atan.o ABSOLUTE
    ../mathlib/atan2.c                       0x00000000   Number         0  atan2.o ABSOLUTE
    ../mathlib/atan2.c                       0x00000000   Number         0  atan2_x.o ABSOLUTE
    ../mathlib/dunder.c                      0x00000000   Number         0  dunder.o ABSOLUTE
    ../mathlib/fpclassify.c                  0x00000000   Number         0  fpclassify.o ABSOLUTE
    ../mathlib/poly.c                        0x00000000   Number         0  poly.o ABSOLUTE
    ../mathlib/pow.c                         0x00000000   Number         0  pow_x.o ABSOLUTE
    ../mathlib/pow.c                         0x00000000   Number         0  pow.o ABSOLUTE
    ../mathlib/qnan.c                        0x00000000   Number         0  qnan.o ABSOLUTE
    ../mathlib/sqrt.c                        0x00000000   Number         0  sqrt.o ABSOLUTE
    ../mathlib/sqrt.c                        0x00000000   Number         0  sqrt_x.o ABSOLUTE
    ..\ML_LIBS\ml_adc.c                      0x00000000   Number         0  ml_adc.o ABSOLUTE
    ..\ML_LIBS\ml_delay.c                    0x00000000   Number         0  ml_delay.o ABSOLUTE
    ..\ML_LIBS\ml_exti.c                     0x00000000   Number         0  ml_exti.o ABSOLUTE
    ..\ML_LIBS\ml_gpio.c                     0x00000000   Number         0  ml_gpio.o ABSOLUTE
    ..\ML_LIBS\ml_nvic.c                     0x00000000   Number         0  ml_nvic.o ABSOLUTE
    ..\ML_LIBS\ml_pwm.c                      0x00000000   Number         0  ml_pwm.o ABSOLUTE
    ..\ML_LIBS\ml_tim.c                      0x00000000   Number         0  ml_tim.o ABSOLUTE
    ..\ML_LIBS\ml_uart.c                     0x00000000   Number         0  ml_uart.o ABSOLUTE
    ..\code\filter.c                         0x00000000   Number         0  filter.o ABSOLUTE
    ..\code\gray_track.c                     0x00000000   Number         0  gray_track.o ABSOLUTE
    ..\code\grayscale_sensor.c               0x00000000   Number         0  grayscale_sensor.o ABSOLUTE
    ..\code\motor.c                          0x00000000   Number         0  motor.o ABSOLUTE
    ..\code\pid.c                            0x00000000   Number         0  pid.o ABSOLUTE
    ..\ml_libs\ml_hmc5883l.c                 0x00000000   Number         0  ml_hmc5883l.o ABSOLUTE
    ..\ml_libs\ml_i2c.c                      0x00000000   Number         0  ml_i2c.o ABSOLUTE
    ..\ml_libs\ml_mpu6050.c                  0x00000000   Number         0  ml_mpu6050.o ABSOLUTE
    ..\ml_libs\ml_oled.c                     0x00000000   Number         0  ml_oled.o ABSOLUTE
    ..\sys\startup_stm32f10x_md.s            0x00000000   Number         0  startup_stm32f10x_md.o ABSOLUTE
    ..\sys\system_stm32f10x.c                0x00000000   Number         0  system_stm32f10x.o ABSOLUTE
    dc.s                                     0x00000000   Number         0  dc.o ABSOLUTE
    isr.c                                    0x00000000   Number         0  isr.o ABSOLUTE
    main.c                                   0x00000000   Number         0  main.o ABSOLUTE
    RESET                                    0x08000000   Section      236  startup_stm32f10x_md.o(RESET)
    !!!main                                  0x080000ec   Section        8  __main.o(!!!main)
    !!!scatter                               0x080000f4   Section       52  __scatter.o(!!!scatter)
    !!dczerorl2                              0x08000128   Section       90  __dczerorl2.o(!!dczerorl2)
    !!handler_zi                             0x08000184   Section       28  __scatter_zi.o(!!handler_zi)
    .ARM.Collect$$libinit$$00000000          0x080001a0   Section        2  libinit.o(.ARM.Collect$$libinit$$00000000)
    .ARM.Collect$$libinit$$00000002          0x080001a2   Section        0  libinit2.o(.ARM.Collect$$libinit$$00000002)
    .ARM.Collect$$libinit$$00000004          0x080001a2   Section        0  libinit2.o(.ARM.Collect$$libinit$$00000004)
    .ARM.Collect$$libinit$$0000000A          0x080001a2   Section        0  libinit2.o(.ARM.Collect$$libinit$$0000000A)
    .ARM.Collect$$libinit$$0000000C          0x080001a2   Section        0  libinit2.o(.ARM.Collect$$libinit$$0000000C)
    .ARM.Collect$$libinit$$0000000E          0x080001a2   Section        0  libinit2.o(.ARM.Collect$$libinit$$0000000E)
    .ARM.Collect$$libinit$$00000011          0x080001a2   Section        0  libinit2.o(.ARM.Collect$$libinit$$00000011)
    .ARM.Collect$$libinit$$00000013          0x080001a2   Section        0  libinit2.o(.ARM.Collect$$libinit$$00000013)
    .ARM.Collect$$libinit$$00000015          0x080001a2   Section        0  libinit2.o(.ARM.Collect$$libinit$$00000015)
    .ARM.Collect$$libinit$$00000017          0x080001a2   Section        0  libinit2.o(.ARM.Collect$$libinit$$00000017)
    .ARM.Collect$$libinit$$00000019          0x080001a2   Section        0  libinit2.o(.ARM.Collect$$libinit$$00000019)
    .ARM.Collect$$libinit$$0000001B          0x080001a2   Section        0  libinit2.o(.ARM.Collect$$libinit$$0000001B)
    .ARM.Collect$$libinit$$0000001D          0x080001a2   Section        0  libinit2.o(.ARM.Collect$$libinit$$0000001D)
    .ARM.Collect$$libinit$$0000001F          0x080001a2   Section        0  libinit2.o(.ARM.Collect$$libinit$$0000001F)
    .ARM.Collect$$libinit$$00000021          0x080001a2   Section        0  libinit2.o(.ARM.Collect$$libinit$$00000021)
    .ARM.Collect$$libinit$$00000023          0x080001a2   Section        0  libinit2.o(.ARM.Collect$$libinit$$00000023)
    .ARM.Collect$$libinit$$00000025          0x080001a2   Section        0  libinit2.o(.ARM.Collect$$libinit$$00000025)
    .ARM.Collect$$libinit$$0000002C          0x080001a2   Section        0  libinit2.o(.ARM.Collect$$libinit$$0000002C)
    .ARM.Collect$$libinit$$0000002E          0x080001a2   Section        0  libinit2.o(.ARM.Collect$$libinit$$0000002E)
    .ARM.Collect$$libinit$$00000030          0x080001a2   Section        0  libinit2.o(.ARM.Collect$$libinit$$00000030)
    .ARM.Collect$$libinit$$00000032          0x080001a2   Section        0  libinit2.o(.ARM.Collect$$libinit$$00000032)
    .ARM.Collect$$libinit$$00000033          0x080001a2   Section        2  libinit2.o(.ARM.Collect$$libinit$$00000033)
    .ARM.Collect$$libshutdown$$00000000      0x080001a4   Section        2  libshutdown.o(.ARM.Collect$$libshutdown$$00000000)
    .ARM.Collect$$libshutdown$$00000002      0x080001a6   Section        0  libshutdown2.o(.ARM.Collect$$libshutdown$$00000002)
    .ARM.Collect$$libshutdown$$00000004      0x080001a6   Section        0  libshutdown2.o(.ARM.Collect$$libshutdown$$00000004)
    .ARM.Collect$$libshutdown$$00000007      0x080001a6   Section        0  libshutdown2.o(.ARM.Collect$$libshutdown$$00000007)
    .ARM.Collect$$libshutdown$$0000000A      0x080001a6   Section        0  libshutdown2.o(.ARM.Collect$$libshutdown$$0000000A)
    .ARM.Collect$$libshutdown$$0000000C      0x080001a6   Section        0  libshutdown2.o(.ARM.Collect$$libshutdown$$0000000C)
    .ARM.Collect$$libshutdown$$0000000F      0x080001a6   Section        0  libshutdown2.o(.ARM.Collect$$libshutdown$$0000000F)
    .ARM.Collect$$libshutdown$$00000010      0x080001a6   Section        2  libshutdown2.o(.ARM.Collect$$libshutdown$$00000010)
    .ARM.Collect$$rtentry$$00000000          0x080001a8   Section        0  __rtentry.o(.ARM.Collect$$rtentry$$00000000)
    .ARM.Collect$$rtentry$$00000002          0x080001a8   Section        0  __rtentry2.o(.ARM.Collect$$rtentry$$00000002)
    .ARM.Collect$$rtentry$$00000004          0x080001a8   Section        6  __rtentry4.o(.ARM.Collect$$rtentry$$00000004)
    .ARM.Collect$$rtentry$$00000009          0x080001ae   Section        0  __rtentry2.o(.ARM.Collect$$rtentry$$00000009)
    .ARM.Collect$$rtentry$$0000000A          0x080001ae   Section        4  __rtentry2.o(.ARM.Collect$$rtentry$$0000000A)
    .ARM.Collect$$rtentry$$0000000C          0x080001b2   Section        0  __rtentry2.o(.ARM.Collect$$rtentry$$0000000C)
    .ARM.Collect$$rtentry$$0000000D          0x080001b2   Section        8  __rtentry2.o(.ARM.Collect$$rtentry$$0000000D)
    .ARM.Collect$$rtexit$$00000000           0x080001ba   Section        2  rtexit.o(.ARM.Collect$$rtexit$$00000000)
    .ARM.Collect$$rtexit$$00000002           0x080001bc   Section        0  rtexit2.o(.ARM.Collect$$rtexit$$00000002)
    .ARM.Collect$$rtexit$$00000003           0x080001bc   Section        4  rtexit2.o(.ARM.Collect$$rtexit$$00000003)
    .ARM.Collect$$rtexit$$00000004           0x080001c0   Section        6  rtexit2.o(.ARM.Collect$$rtexit$$00000004)
    .text                                    0x080001c8   Section       64  startup_stm32f10x_md.o(.text)
    .text                                    0x08000208   Section        2  use_no_semi_2.o(.text)
    .text                                    0x0800020a   Section        0  strcpy.o(.text)
    .text                                    0x08000252   Section        0  heapauxi.o(.text)
    .text                                    0x08000258   Section        2  use_no_semi.o(.text)
    .text                                    0x0800025c   Section        8  libspace.o(.text)
    .text                                    0x08000264   Section       74  sys_stackheap_outer.o(.text)
    .text                                    0x080002ae   Section        0  exit.o(.text)
    i.EXTI0_IRQHandler                       0x080002c0   Section        0  isr.o(i.EXTI0_IRQHandler)
    i.EXTI1_IRQHandler                       0x080005c0   Section        0  isr.o(i.EXTI1_IRQHandler)
    i.EXTI2_IRQHandler                       0x080005d8   Section        0  isr.o(i.EXTI2_IRQHandler)
    i.EXTI3_IRQHandler                       0x080005f0   Section        0  isr.o(i.EXTI3_IRQHandler)
    i.EXTI4_IRQHandler                       0x08000608   Section        0  isr.o(i.EXTI4_IRQHandler)
    i.EXTI9_5_IRQHandler                     0x08000644   Section        0  isr.o(i.EXTI9_5_IRQHandler)
    i.Grayscale_Sensor_Init                  0x080006c4   Section        0  grayscale_sensor.o(i.Grayscale_Sensor_Init)
    i.Grayscale_Sensor_Read_All              0x08000738   Section        0  grayscale_sensor.o(i.Grayscale_Sensor_Read_All)
    i.I2C_Init                               0x0800075e   Section        0  ml_i2c.o(i.I2C_Init)
    i.I2C_NotSendAck                         0x0800078a   Section        0  ml_i2c.o(i.I2C_NotSendAck)
    i.I2C_ReceiveByte                        0x080007ac   Section        0  ml_i2c.o(i.I2C_ReceiveByte)
    i.I2C_SendByte                           0x080007ec   Section        0  ml_i2c.o(i.I2C_SendByte)
    i.I2C_Start                              0x0800082e   Section        0  ml_i2c.o(i.I2C_Start)
    i.I2C_Stop                               0x0800085a   Section        0  ml_i2c.o(i.I2C_Stop)
    i.I2C_WaitAck                            0x0800087c   Section        0  ml_i2c.o(i.I2C_WaitAck)
    i.Kalman_Filter                          0x080008ac   Section        0  filter.o(i.Kalman_Filter)
    i.MPU6050_GetData                        0x080009ec   Section        0  ml_mpu6050.o(i.MPU6050_GetData)
    i.MPU6050_Read                           0x08000aa4   Section        0  ml_mpu6050.o(i.MPU6050_Read)
    i.NVIC_Group_Config                      0x08000ae4   Section        0  ml_nvic.o(i.NVIC_Group_Config)
    i.NVIC_init                              0x08000b0c   Section        0  ml_nvic.o(i.NVIC_init)
    i.OLED_Clear                             0x08000b58   Section        0  ml_oled.o(i.OLED_Clear)
    i.OLED_I2C_Init                          0x08000b82   Section        0  ml_oled.o(i.OLED_I2C_Init)
    i.OLED_I2C_SendByte                      0x08000bae   Section        0  ml_oled.o(i.OLED_I2C_SendByte)
    i.OLED_I2C_Start                         0x08000bf8   Section        0  ml_oled.o(i.OLED_I2C_Start)
    i.OLED_I2C_Stop                          0x08000c24   Section        0  ml_oled.o(i.OLED_I2C_Stop)
    i.OLED_Init                              0x08000c46   Section        0  ml_oled.o(i.OLED_Init)
    i.OLED_Pow                               0x08000cfc   Section        0  ml_oled.o(i.OLED_Pow)
    i.OLED_SetCursor                         0x08000d10   Section        0  ml_oled.o(i.OLED_SetCursor)
    i.OLED_ShowChar                          0x08000d34   Section        0  ml_oled.o(i.OLED_ShowChar)
    i.OLED_ShowNum                           0x08000da8   Section        0  ml_oled.o(i.OLED_ShowNum)
    i.OLED_ShowSignedNum                     0x08000dec   Section        0  ml_oled.o(i.OLED_ShowSignedNum)
    i.OLED_ShowString                        0x08000e52   Section        0  ml_oled.o(i.OLED_ShowString)
    i.OLED_WriteCommand                      0x08000e7a   Section        0  ml_oled.o(i.OLED_WriteCommand)
    i.OLED_WriteData                         0x08000e9a   Section        0  ml_oled.o(i.OLED_WriteData)
    i.Read_OUT_value                         0x08000eba   Section        0  grayscale_sensor.o(i.Read_OUT_value)
    Read_OUT_value                           0x08000ebb   Thumb Code    12  grayscale_sensor.o(i.Read_OUT_value)
    i.SetSysClock                            0x08000ec6   Section        0  system_stm32f10x.o(i.SetSysClock)
    SetSysClock                              0x08000ec7   Thumb Code     8  system_stm32f10x.o(i.SetSysClock)
    i.SetSysClockTo72                        0x08000ed0   Section        0  system_stm32f10x.o(i.SetSysClockTo72)
    SetSysClockTo72                          0x08000ed1   Thumb Code   214  system_stm32f10x.o(i.SetSysClockTo72)
    i.SystemInit                             0x08000fb0   Section        0  system_stm32f10x.o(i.SystemInit)
    i.TIM2_IRQHandler                        0x08001010   Section        0  isr.o(i.TIM2_IRQHandler)
    i.TIM3_IRQHandler                        0x08001030   Section        0  isr.o(i.TIM3_IRQHandler)
    i.TIM4_IRQHandler                        0x08001060   Section        0  isr.o(i.TIM4_IRQHandler)
    i.USART1_IRQHandler                      0x0800107c   Section        0  isr.o(i.USART1_IRQHandler)
    i.USART2_IRQHandler                      0x08001098   Section        0  isr.o(i.USART2_IRQHandler)
    i.USART3_IRQHandler                      0x080010b4   Section        0  isr.o(i.USART3_IRQHandler)
    i.__ARM_fpclassify                       0x080010d0   Section        0  fpclassify.o(i.__ARM_fpclassify)
    i.__kernel_poly                          0x080010f8   Section        0  poly.o(i.__kernel_poly)
    i.__mathlib_dbl_infnan                   0x080011a2   Section        0  dunder.o(i.__mathlib_dbl_infnan)
    i.__mathlib_dbl_infnan2                  0x080011a8   Section        0  dunder.o(i.__mathlib_dbl_infnan2)
    i.__mathlib_dbl_underflow                0x080011ac   Section        0  dunder.o(i.__mathlib_dbl_underflow)
    i._delay_us                              0x080011bc   Section        0  grayscale_sensor.o(i._delay_us)
    _delay_us                                0x080011bd   Thumb Code    10  grayscale_sensor.o(i._delay_us)
    i._select_channel                        0x080011c8   Section        0  grayscale_sensor.o(i._select_channel)
    _select_channel                          0x080011c9   Thumb Code    92  grayscale_sensor.o(i._select_channel)
    i._sys_exit                              0x08001228   Section        0  ml_uart.o(i._sys_exit)
    i.atan                                   0x0800122c   Section        0  atan.o(i.atan)
    i.atan2                                  0x0800144c   Section        0  atan2.o(i.atan2)
    i.delay_ms                               0x080015cc   Section        0  ml_delay.o(i.delay_ms)
    i.delay_us                               0x080015e4   Section        0  ml_delay.o(i.delay_us)
    i.digtal                                 0x08001614   Section        0  gray_track.o(i.digtal)
    i.encoder_init                           0x08001630   Section        0  motor.o(i.encoder_init)
    i.exti_init                              0x0800165c   Section        0  ml_exti.o(i.exti_init)
    i.exti_pin_init                          0x08001768   Section        0  ml_exti.o(i.exti_pin_init)
    i.gpio_get                               0x080018b0   Section        0  ml_gpio.o(i.gpio_get)
    i.gpio_init                              0x080018d4   Section        0  ml_gpio.o(i.gpio_init)
    i.gpio_set                               0x08001a78   Section        0  ml_gpio.o(i.gpio_set)
    i.main                                   0x08001ab8   Section        0  main.o(i.main)
    i.motorA_duty                            0x08001c98   Section        0  motor.o(i.motorA_duty)
    i.motorB_duty                            0x08001cd0   Section        0  motor.o(i.motorB_duty)
    i.motor_init                             0x08001d08   Section        0  motor.o(i.motor_init)
    i.motor_target_set                       0x08001d60   Section        0  pid.o(i.motor_target_set)
    i.pid_cal                                0x08001dc4   Section        0  pid.o(i.pid_cal)
    i.pid_control                            0x08001e88   Section        0  pid.o(i.pid_control)
    i.pid_init                               0x08001f28   Section        0  pid.o(i.pid_init)
    i.pidout_limit                           0x08001f38   Section        0  pid.o(i.pidout_limit)
    i.pwm_init                               0x08001f60   Section        0  ml_pwm.o(i.pwm_init)
    i.pwm_pin_init                           0x080020d0   Section        0  ml_pwm.o(i.pwm_pin_init)
    i.pwm_update                             0x0800217c   Section        0  ml_pwm.o(i.pwm_update)
    i.tim_interrupt_ms_init                  0x08002290   Section        0  ml_tim.o(i.tim_interrupt_ms_init)
    i.track                                  0x08002300   Section        0  gray_track.o(i.track)
    i.uart_baud_config                       0x080024c4   Section        0  ml_uart.o(i.uart_baud_config)
    i.uart_init                              0x08002564   Section        0  ml_uart.o(i.uart_init)
    i.uart_pin_init                          0x080025c8   Section        0  ml_uart.o(i.uart_pin_init)
    x$fpl$d2f                                0x08002620   Section       98  d2f.o(x$fpl$d2f)
    x$fpl$dadd                               0x08002684   Section      336  daddsub_clz.o(x$fpl$dadd)
    _dadd1                                   0x08002695   Thumb Code     0  daddsub_clz.o(x$fpl$dadd)
    x$fpl$dcheck1                            0x080027d4   Section       16  dcheck1.o(x$fpl$dcheck1)
    x$fpl$ddiv                               0x080027e4   Section      688  ddiv.o(x$fpl$ddiv)
    ddiv_entry                               0x080027eb   Thumb Code     0  ddiv.o(x$fpl$ddiv)
    x$fpl$dflt                               0x08002a94   Section       46  dflt_clz.o(x$fpl$dflt)
    x$fpl$dfltu                              0x08002ac2   Section       38  dflt_clz.o(x$fpl$dfltu)
    x$fpl$dmul                               0x08002ae8   Section      340  dmul.o(x$fpl$dmul)
    x$fpl$dnaninf                            0x08002c3c   Section      156  dnaninf.o(x$fpl$dnaninf)
    x$fpl$dretinf                            0x08002cd8   Section       12  dretinf.o(x$fpl$dretinf)
    x$fpl$drsb                               0x08002ce4   Section       22  daddsub_clz.o(x$fpl$drsb)
    x$fpl$dsub                               0x08002cfc   Section      468  daddsub_clz.o(x$fpl$dsub)
    _dsub1                                   0x08002d0d   Thumb Code     0  daddsub_clz.o(x$fpl$dsub)
    x$fpl$f2d                                0x08002ed0   Section       86  f2d.o(x$fpl$f2d)
    x$fpl$fadd                               0x08002f28   Section      196  faddsub_clz.o(x$fpl$fadd)
    _fadd1                                   0x08002f37   Thumb Code     0  faddsub_clz.o(x$fpl$fadd)
    x$fpl$fcmpinf                            0x08002fec   Section       24  fcmpi.o(x$fpl$fcmpinf)
    x$fpl$fdiv                               0x08003004   Section      388  fdiv.o(x$fpl$fdiv)
    _fdiv1                                   0x08003005   Thumb Code     0  fdiv.o(x$fpl$fdiv)
    x$fpl$ffix                               0x08003188   Section       54  ffix.o(x$fpl$ffix)
    x$fpl$ffixu                              0x080031c0   Section       62  ffixu.o(x$fpl$ffixu)
    x$fpl$fflt                               0x08003200   Section       48  fflt_clz.o(x$fpl$fflt)
    x$fpl$ffltu                              0x08003230   Section       38  fflt_clz.o(x$fpl$ffltu)
    x$fpl$fleqf                              0x08003258   Section      104  fleqf.o(x$fpl$fleqf)
    x$fpl$fmul                               0x080032c0   Section      258  fmul.o(x$fpl$fmul)
    x$fpl$fnaninf                            0x080033c2   Section      140  fnaninf.o(x$fpl$fnaninf)
    x$fpl$fretinf                            0x0800344e   Section       10  fretinf.o(x$fpl$fretinf)
    x$fpl$frleqf                             0x08003458   Section       98  frleqf.o(x$fpl$frleqf)
    x$fpl$frsb                               0x080034ba   Section       20  faddsub_clz.o(x$fpl$frsb)
    x$fpl$fsub                               0x080034d0   Section      234  faddsub_clz.o(x$fpl$fsub)
    _fsub1                                   0x080034df   Thumb Code     0  faddsub_clz.o(x$fpl$fsub)
    x$fpl$retnan                             0x080035ba   Section      100  retnan.o(x$fpl$retnan)
    x$fpl$scalbn                             0x0800361e   Section       92  scalbn.o(x$fpl$scalbn)
    x$fpl$trapveneer                         0x0800367a   Section       48  trapv.o(x$fpl$trapveneer)
    .constdata                               0x080036aa   Section     1520  ml_oled.o(.constdata)
    x$fpl$usenofp                            0x080036aa   Section        0  usenofp.o(x$fpl$usenofp)
    .constdata                               0x08003ca0   Section      152  atan.o(.constdata)
    atanhi                                   0x08003ca0   Data          32  atan.o(.constdata)
    atanlo                                   0x08003cc0   Data          32  atan.o(.constdata)
    aTodd                                    0x08003ce0   Data          40  atan.o(.constdata)
    aTeven                                   0x08003d08   Data          48  atan.o(.constdata)
    .constdata                               0x08003d38   Section        8  qnan.o(.constdata)
    .conststring                             0x08003d40   Section       31  gray_track.o(.conststring)
    .data                                    0x20000000   Section        4  isr.o(.data)
    .data                                    0x20000004   Section       16  motor.o(.data)
    .data                                    0x20000014   Section       40  gray_track.o(.data)
    .data                                    0x2000003c   Section      144  filter.o(.data)
    .data                                    0x200000cc   Section       12  ml_gpio.o(.data)
    .data                                    0x200000d8   Section       12  ml_tim.o(.data)
    .data                                    0x200000e4   Section       16  ml_uart.o(.data)
    .data                                    0x200000f4   Section       48  ml_mpu6050.o(.data)
    .data                                    0x20000124   Section       12  ml_hmc5883l.o(.data)
    .bss                                     0x20000130   Section      156  pid.o(.bss)
    .bss                                     0x200001cc   Section       16  gray_track.o(.bss)
    .bss                                     0x200001dc   Section       96  libspace.o(.bss)
    HEAP                                     0x20000240   Section      512  startup_stm32f10x_md.o(HEAP)
    Heap_Mem                                 0x20000240   Data         512  startup_stm32f10x_md.o(HEAP)
    STACK                                    0x20000440   Section     1024  startup_stm32f10x_md.o(STACK)
    Stack_Mem                                0x20000440   Data        1024  startup_stm32f10x_md.o(STACK)
    __initial_sp                             0x20000840   Data           0  startup_stm32f10x_md.o(STACK)

    Global Symbols

    Symbol Name                              Value     Ov Type        Size  Object(Section)

    BuildAttributes$$THM_ISAv4$P$D$K$B$S$PE$A:L22UL41UL21$X:L11$S22US41US21$IEEE1$IW$USESV6$~STKCKD$USESV7$~SHL$OTIME$ROPI$IEEEX$EBA8$UX$STANDARDLIB$REQ8$PRES8$EABIv2 0x00000000   Number         0  anon$$obj.o ABSOLUTE
    __ARM_use_no_argv                        0x00000000   Number         0  main.o ABSOLUTE
    __ARM_exceptions_init                     - Undefined Weak Reference
    __alloca_initialize                       - Undefined Weak Reference
    __arm_preinit_                            - Undefined Weak Reference
    __cpp_initialize__aeabi_                  - Undefined Weak Reference
    __cxa_finalize                            - Undefined Weak Reference
    __rt_locale                               - Undefined Weak Reference
    __sigvec_lookup                           - Undefined Weak Reference
    _atexit_init                              - Undefined Weak Reference
    _call_atexit_fns                          - Undefined Weak Reference
    _clock_init                               - Undefined Weak Reference
    _fp_trap_init                             - Undefined Weak Reference
    _fp_trap_shutdown                         - Undefined Weak Reference
    _get_lc_collate                           - Undefined Weak Reference
    _get_lc_ctype                             - Undefined Weak Reference
    _get_lc_monetary                          - Undefined Weak Reference
    _get_lc_numeric                           - Undefined Weak Reference
    _get_lc_time                              - Undefined Weak Reference
    _getenv_init                              - Undefined Weak Reference
    _handle_redirection                       - Undefined Weak Reference
    _init_alloc                               - Undefined Weak Reference
    _init_user_alloc                          - Undefined Weak Reference
    _initio                                   - Undefined Weak Reference
    _mutex_acquire                            - Undefined Weak Reference
    _mutex_release                            - Undefined Weak Reference
    _printf_post_padding                      - Undefined Weak Reference
    _printf_pre_padding                       - Undefined Weak Reference
    _printf_truncate_signed                   - Undefined Weak Reference
    _printf_truncate_unsigned                 - Undefined Weak Reference
    _rand_init                                - Undefined Weak Reference
    _signal_finish                            - Undefined Weak Reference
    _signal_init                              - Undefined Weak Reference
    _terminate_alloc                          - Undefined Weak Reference
    _terminate_user_alloc                     - Undefined Weak Reference
    _terminateio                              - Undefined Weak Reference
    __Vectors_Size                           0x000000ec   Number         0  startup_stm32f10x_md.o ABSOLUTE
    __Vectors                                0x08000000   Data           4  startup_stm32f10x_md.o(RESET)
    __Vectors_End                            0x080000ec   Data           0  startup_stm32f10x_md.o(RESET)
    __main                                   0x080000ed   Thumb Code     8  __main.o(!!!main)
    __scatterload                            0x080000f5   Thumb Code     0  __scatter.o(!!!scatter)
    __scatterload_rt2                        0x080000f5   Thumb Code    44  __scatter.o(!!!scatter)
    __scatterload_rt2_thumb_only             0x080000f5   Thumb Code     0  __scatter.o(!!!scatter)
    __scatterload_null                       0x08000103   Thumb Code     0  __scatter.o(!!!scatter)
    __decompress                             0x08000129   Thumb Code    90  __dczerorl2.o(!!dczerorl2)
    __decompress1                            0x08000129   Thumb Code     0  __dczerorl2.o(!!dczerorl2)
    __scatterload_zeroinit                   0x08000185   Thumb Code    28  __scatter_zi.o(!!handler_zi)
    __rt_lib_init                            0x080001a1   Thumb Code     0  libinit.o(.ARM.Collect$$libinit$$00000000)
    __rt_lib_init_alloca_1                   0x080001a3   Thumb Code     0  libinit2.o(.ARM.Collect$$libinit$$0000002E)
    __rt_lib_init_argv_1                     0x080001a3   Thumb Code     0  libinit2.o(.ARM.Collect$$libinit$$0000002C)
    __rt_lib_init_atexit_1                   0x080001a3   Thumb Code     0  libinit2.o(.ARM.Collect$$libinit$$0000001B)
    __rt_lib_init_clock_1                    0x080001a3   Thumb Code     0  libinit2.o(.ARM.Collect$$libinit$$00000021)
    __rt_lib_init_cpp_1                      0x080001a3   Thumb Code     0  libinit2.o(.ARM.Collect$$libinit$$00000032)
    __rt_lib_init_exceptions_1               0x080001a3   Thumb Code     0  libinit2.o(.ARM.Collect$$libinit$$00000030)
    __rt_lib_init_fp_1                       0x080001a3   Thumb Code     0  libinit2.o(.ARM.Collect$$libinit$$00000002)
    __rt_lib_init_fp_trap_1                  0x080001a3   Thumb Code     0  libinit2.o(.ARM.Collect$$libinit$$0000001F)
    __rt_lib_init_getenv_1                   0x080001a3   Thumb Code     0  libinit2.o(.ARM.Collect$$libinit$$00000023)
    __rt_lib_init_heap_1                     0x080001a3   Thumb Code     0  libinit2.o(.ARM.Collect$$libinit$$0000000A)
    __rt_lib_init_lc_collate_1               0x080001a3   Thumb Code     0  libinit2.o(.ARM.Collect$$libinit$$00000011)
    __rt_lib_init_lc_ctype_1                 0x080001a3   Thumb Code     0  libinit2.o(.ARM.Collect$$libinit$$00000013)
    __rt_lib_init_lc_monetary_1              0x080001a3   Thumb Code     0  libinit2.o(.ARM.Collect$$libinit$$00000015)
    __rt_lib_init_lc_numeric_1               0x080001a3   Thumb Code     0  libinit2.o(.ARM.Collect$$libinit$$00000017)
    __rt_lib_init_lc_time_1                  0x080001a3   Thumb Code     0  libinit2.o(.ARM.Collect$$libinit$$00000019)
    __rt_lib_init_preinit_1                  0x080001a3   Thumb Code     0  libinit2.o(.ARM.Collect$$libinit$$00000004)
    __rt_lib_init_rand_1                     0x080001a3   Thumb Code     0  libinit2.o(.ARM.Collect$$libinit$$0000000E)
    __rt_lib_init_return                     0x080001a3   Thumb Code     0  libinit2.o(.ARM.Collect$$libinit$$00000033)
    __rt_lib_init_signal_1                   0x080001a3   Thumb Code     0  libinit2.o(.ARM.Collect$$libinit$$0000001D)
    __rt_lib_init_stdio_1                    0x080001a3   Thumb Code     0  libinit2.o(.ARM.Collect$$libinit$$00000025)
    __rt_lib_init_user_alloc_1               0x080001a3   Thumb Code     0  libinit2.o(.ARM.Collect$$libinit$$0000000C)
    __rt_lib_shutdown                        0x080001a5   Thumb Code     0  libshutdown.o(.ARM.Collect$$libshutdown$$00000000)
    __rt_lib_shutdown_cpp_1                  0x080001a7   Thumb Code     0  libshutdown2.o(.ARM.Collect$$libshutdown$$00000002)
    __rt_lib_shutdown_fp_trap_1              0x080001a7   Thumb Code     0  libshutdown2.o(.ARM.Collect$$libshutdown$$00000007)
    __rt_lib_shutdown_heap_1                 0x080001a7   Thumb Code     0  libshutdown2.o(.ARM.Collect$$libshutdown$$0000000F)
    __rt_lib_shutdown_return                 0x080001a7   Thumb Code     0  libshutdown2.o(.ARM.Collect$$libshutdown$$00000010)
    __rt_lib_shutdown_signal_1               0x080001a7   Thumb Code     0  libshutdown2.o(.ARM.Collect$$libshutdown$$0000000A)
    __rt_lib_shutdown_stdio_1                0x080001a7   Thumb Code     0  libshutdown2.o(.ARM.Collect$$libshutdown$$00000004)
    __rt_lib_shutdown_user_alloc_1           0x080001a7   Thumb Code     0  libshutdown2.o(.ARM.Collect$$libshutdown$$0000000C)
    __rt_entry                               0x080001a9   Thumb Code     0  __rtentry.o(.ARM.Collect$$rtentry$$00000000)
    __rt_entry_presh_1                       0x080001a9   Thumb Code     0  __rtentry2.o(.ARM.Collect$$rtentry$$00000002)
    __rt_entry_sh                            0x080001a9   Thumb Code     0  __rtentry4.o(.ARM.Collect$$rtentry$$00000004)
    __rt_entry_li                            0x080001af   Thumb Code     0  __rtentry2.o(.ARM.Collect$$rtentry$$0000000A)
    __rt_entry_postsh_1                      0x080001af   Thumb Code     0  __rtentry2.o(.ARM.Collect$$rtentry$$00000009)
    __rt_entry_main                          0x080001b3   Thumb Code     0  __rtentry2.o(.ARM.Collect$$rtentry$$0000000D)
    __rt_entry_postli_1                      0x080001b3   Thumb Code     0  __rtentry2.o(.ARM.Collect$$rtentry$$0000000C)
    __rt_exit                                0x080001bb   Thumb Code     0  rtexit.o(.ARM.Collect$$rtexit$$00000000)
    __rt_exit_ls                             0x080001bd   Thumb Code     0  rtexit2.o(.ARM.Collect$$rtexit$$00000003)
    __rt_exit_prels_1                        0x080001bd   Thumb Code     0  rtexit2.o(.ARM.Collect$$rtexit$$00000002)
    __rt_exit_exit                           0x080001c1   Thumb Code     0  rtexit2.o(.ARM.Collect$$rtexit$$00000004)
    Reset_Handler                            0x080001c9   Thumb Code     8  startup_stm32f10x_md.o(.text)
    NMI_Handler                              0x080001d1   Thumb Code     2  startup_stm32f10x_md.o(.text)
    HardFault_Handler                        0x080001d3   Thumb Code     2  startup_stm32f10x_md.o(.text)
    MemManage_Handler                        0x080001d5   Thumb Code     2  startup_stm32f10x_md.o(.text)
    BusFault_Handler                         0x080001d7   Thumb Code     2  startup_stm32f10x_md.o(.text)
    UsageFault_Handler                       0x080001d9   Thumb Code     2  startup_stm32f10x_md.o(.text)
    SVC_Handler                              0x080001db   Thumb Code     2  startup_stm32f10x_md.o(.text)
    DebugMon_Handler                         0x080001dd   Thumb Code     2  startup_stm32f10x_md.o(.text)
    PendSV_Handler                           0x080001df   Thumb Code     2  startup_stm32f10x_md.o(.text)
    SysTick_Handler                          0x080001e1   Thumb Code     2  startup_stm32f10x_md.o(.text)
    ADC1_2_IRQHandler                        0x080001e3   Thumb Code     0  startup_stm32f10x_md.o(.text)
    CAN1_RX1_IRQHandler                      0x080001e3   Thumb Code     0  startup_stm32f10x_md.o(.text)
    CAN1_SCE_IRQHandler                      0x080001e3   Thumb Code     0  startup_stm32f10x_md.o(.text)
    DMA1_Channel1_IRQHandler                 0x080001e3   Thumb Code     0  startup_stm32f10x_md.o(.text)
    DMA1_Channel2_IRQHandler                 0x080001e3   Thumb Code     0  startup_stm32f10x_md.o(.text)
    DMA1_Channel3_IRQHandler                 0x080001e3   Thumb Code     0  startup_stm32f10x_md.o(.text)
    DMA1_Channel4_IRQHandler                 0x080001e3   Thumb Code     0  startup_stm32f10x_md.o(.text)
    DMA1_Channel5_IRQHandler                 0x080001e3   Thumb Code     0  startup_stm32f10x_md.o(.text)
    DMA1_Channel6_IRQHandler                 0x080001e3   Thumb Code     0  startup_stm32f10x_md.o(.text)
    DMA1_Channel7_IRQHandler                 0x080001e3   Thumb Code     0  startup_stm32f10x_md.o(.text)
    EXTI15_10_IRQHandler                     0x080001e3   Thumb Code     0  startup_stm32f10x_md.o(.text)
    FLASH_IRQHandler                         0x080001e3   Thumb Code     0  startup_stm32f10x_md.o(.text)
    I2C1_ER_IRQHandler                       0x080001e3   Thumb Code     0  startup_stm32f10x_md.o(.text)
    I2C1_EV_IRQHandler                       0x080001e3   Thumb Code     0  startup_stm32f10x_md.o(.text)
    I2C2_ER_IRQHandler                       0x080001e3   Thumb Code     0  startup_stm32f10x_md.o(.text)
    I2C2_EV_IRQHandler                       0x080001e3   Thumb Code     0  startup_stm32f10x_md.o(.text)
    PVD_IRQHandler                           0x080001e3   Thumb Code     0  startup_stm32f10x_md.o(.text)
    RCC_IRQHandler                           0x080001e3   Thumb Code     0  startup_stm32f10x_md.o(.text)
    RTCAlarm_IRQHandler                      0x080001e3   Thumb Code     0  startup_stm32f10x_md.o(.text)
    RTC_IRQHandler                           0x080001e3   Thumb Code     0  startup_stm32f10x_md.o(.text)
    SPI1_IRQHandler                          0x080001e3   Thumb Code     0  startup_stm32f10x_md.o(.text)
    SPI2_IRQHandler                          0x080001e3   Thumb Code     0  startup_stm32f10x_md.o(.text)
    TAMPER_IRQHandler                        0x080001e3   Thumb Code     0  startup_stm32f10x_md.o(.text)
    TIM1_BRK_IRQHandler                      0x080001e3   Thumb Code     0  startup_stm32f10x_md.o(.text)
    TIM1_CC_IRQHandler                       0x080001e3   Thumb Code     0  startup_stm32f10x_md.o(.text)
    TIM1_TRG_COM_IRQHandler                  0x080001e3   Thumb Code     0  startup_stm32f10x_md.o(.text)
    TIM1_UP_IRQHandler                       0x080001e3   Thumb Code     0  startup_stm32f10x_md.o(.text)
    USBWakeUp_IRQHandler                     0x080001e3   Thumb Code     0  startup_stm32f10x_md.o(.text)
    USB_HP_CAN1_TX_IRQHandler                0x080001e3   Thumb Code     0  startup_stm32f10x_md.o(.text)
    USB_LP_CAN1_RX0_IRQHandler               0x080001e3   Thumb Code     0  startup_stm32f10x_md.o(.text)
    WWDG_IRQHandler                          0x080001e3   Thumb Code     0  startup_stm32f10x_md.o(.text)
    __user_initial_stackheap                 0x080001e5   Thumb Code     0  startup_stm32f10x_md.o(.text)
    __use_no_semihosting                     0x08000209   Thumb Code     2  use_no_semi_2.o(.text)
    strcpy                                   0x0800020b   Thumb Code    72  strcpy.o(.text)
    __use_two_region_memory                  0x08000253   Thumb Code     2  heapauxi.o(.text)
    __rt_heap_escrow$2region                 0x08000255   Thumb Code     2  heapauxi.o(.text)
    __rt_heap_expand$2region                 0x08000257   Thumb Code     2  heapauxi.o(.text)
    __I$use$semihosting                      0x08000259   Thumb Code     0  use_no_semi.o(.text)
    __use_no_semihosting_swi                 0x08000259   Thumb Code     2  use_no_semi.o(.text)
    __user_libspace                          0x0800025d   Thumb Code     8  libspace.o(.text)
    __user_perproc_libspace                  0x0800025d   Thumb Code     0  libspace.o(.text)
    __user_perthread_libspace                0x0800025d   Thumb Code     0  libspace.o(.text)
    __user_setup_stackheap                   0x08000265   Thumb Code    74  sys_stackheap_outer.o(.text)
    exit                                     0x080002af   Thumb Code    18  exit.o(.text)
    EXTI0_IRQHandler                         0x080002c1   Thumb Code   660  isr.o(i.EXTI0_IRQHandler)
    EXTI1_IRQHandler                         0x080005c1   Thumb Code    18  isr.o(i.EXTI1_IRQHandler)
    EXTI2_IRQHandler                         0x080005d9   Thumb Code    18  isr.o(i.EXTI2_IRQHandler)
    EXTI3_IRQHandler                         0x080005f1   Thumb Code    18  isr.o(i.EXTI3_IRQHandler)
    EXTI4_IRQHandler                         0x08000609   Thumb Code    52  isr.o(i.EXTI4_IRQHandler)
    EXTI9_5_IRQHandler                       0x08000645   Thumb Code   120  isr.o(i.EXTI9_5_IRQHandler)
    Grayscale_Sensor_Init                    0x080006c5   Thumb Code   102  grayscale_sensor.o(i.Grayscale_Sensor_Init)
    Grayscale_Sensor_Read_All                0x08000739   Thumb Code    38  grayscale_sensor.o(i.Grayscale_Sensor_Read_All)
    I2C_Init                                 0x0800075f   Thumb Code    44  ml_i2c.o(i.I2C_Init)
    I2C_NotSendAck                           0x0800078b   Thumb Code    34  ml_i2c.o(i.I2C_NotSendAck)
    I2C_ReceiveByte                          0x080007ad   Thumb Code    64  ml_i2c.o(i.I2C_ReceiveByte)
    I2C_SendByte                             0x080007ed   Thumb Code    66  ml_i2c.o(i.I2C_SendByte)
    I2C_Start                                0x0800082f   Thumb Code    44  ml_i2c.o(i.I2C_Start)
    I2C_Stop                                 0x0800085b   Thumb Code    34  ml_i2c.o(i.I2C_Stop)
    I2C_WaitAck                              0x0800087d   Thumb Code    48  ml_i2c.o(i.I2C_WaitAck)
    Kalman_Filter                            0x080008ad   Thumb Code   320  filter.o(i.Kalman_Filter)
    MPU6050_GetData                          0x080009ed   Thumb Code   160  ml_mpu6050.o(i.MPU6050_GetData)
    MPU6050_Read                             0x08000aa5   Thumb Code    64  ml_mpu6050.o(i.MPU6050_Read)
    NVIC_Group_Config                        0x08000ae5   Thumb Code    30  ml_nvic.o(i.NVIC_Group_Config)
    NVIC_init                                0x08000b0d   Thumb Code    70  ml_nvic.o(i.NVIC_init)
    OLED_Clear                               0x08000b59   Thumb Code    42  ml_oled.o(i.OLED_Clear)
    OLED_I2C_Init                            0x08000b83   Thumb Code    44  ml_oled.o(i.OLED_I2C_Init)
    OLED_I2C_SendByte                        0x08000baf   Thumb Code    74  ml_oled.o(i.OLED_I2C_SendByte)
    OLED_I2C_Start                           0x08000bf9   Thumb Code    44  ml_oled.o(i.OLED_I2C_Start)
    OLED_I2C_Stop                            0x08000c25   Thumb Code    34  ml_oled.o(i.OLED_I2C_Stop)
    OLED_Init                                0x08000c47   Thumb Code   182  ml_oled.o(i.OLED_Init)
    OLED_Pow                                 0x08000cfd   Thumb Code    20  ml_oled.o(i.OLED_Pow)
    OLED_SetCursor                           0x08000d11   Thumb Code    34  ml_oled.o(i.OLED_SetCursor)
    OLED_ShowChar                            0x08000d35   Thumb Code   110  ml_oled.o(i.OLED_ShowChar)
    OLED_ShowNum                             0x08000da9   Thumb Code    68  ml_oled.o(i.OLED_ShowNum)
    OLED_ShowSignedNum                       0x08000ded   Thumb Code   102  ml_oled.o(i.OLED_ShowSignedNum)
    OLED_ShowString                          0x08000e53   Thumb Code    40  ml_oled.o(i.OLED_ShowString)
    OLED_WriteCommand                        0x08000e7b   Thumb Code    32  ml_oled.o(i.OLED_WriteCommand)
    OLED_WriteData                           0x08000e9b   Thumb Code    32  ml_oled.o(i.OLED_WriteData)
    SystemInit                               0x08000fb1   Thumb Code    78  system_stm32f10x.o(i.SystemInit)
    TIM2_IRQHandler                          0x08001011   Thumb Code    30  isr.o(i.TIM2_IRQHandler)
    TIM3_IRQHandler                          0x08001031   Thumb Code    40  isr.o(i.TIM3_IRQHandler)
    TIM4_IRQHandler                          0x08001061   Thumb Code    24  isr.o(i.TIM4_IRQHandler)
    USART1_IRQHandler                        0x0800107d   Thumb Code    24  isr.o(i.USART1_IRQHandler)
    USART2_IRQHandler                        0x08001099   Thumb Code    24  isr.o(i.USART2_IRQHandler)
    USART3_IRQHandler                        0x080010b5   Thumb Code    24  isr.o(i.USART3_IRQHandler)
    __ARM_fpclassify                         0x080010d1   Thumb Code    40  fpclassify.o(i.__ARM_fpclassify)
    __kernel_poly                            0x080010f9   Thumb Code   170  poly.o(i.__kernel_poly)
    __mathlib_dbl_infnan                     0x080011a3   Thumb Code     6  dunder.o(i.__mathlib_dbl_infnan)
    __mathlib_dbl_infnan2                    0x080011a9   Thumb Code     4  dunder.o(i.__mathlib_dbl_infnan2)
    __mathlib_dbl_underflow                  0x080011ad   Thumb Code    10  dunder.o(i.__mathlib_dbl_underflow)
    _sys_exit                                0x08001229   Thumb Code     4  ml_uart.o(i._sys_exit)
    atan                                     0x0800122d   Thumb Code   474  atan.o(i.atan)
    atan2                                    0x0800144d   Thumb Code   346  atan2.o(i.atan2)
    delay_ms                                 0x080015cd   Thumb Code    24  ml_delay.o(i.delay_ms)
    delay_us                                 0x080015e5   Thumb Code    46  ml_delay.o(i.delay_us)
    digtal                                   0x08001615   Thumb Code    22  gray_track.o(i.digtal)
    encoder_init                             0x08001631   Thumb Code    44  motor.o(i.encoder_init)
    exti_init                                0x0800165d   Thumb Code   254  ml_exti.o(i.exti_init)
    exti_pin_init                            0x08001769   Thumb Code   328  ml_exti.o(i.exti_pin_init)
    gpio_get                                 0x080018b1   Thumb Code    30  ml_gpio.o(i.gpio_get)
    gpio_init                                0x080018d5   Thumb Code   412  ml_gpio.o(i.gpio_init)
    gpio_set                                 0x08001a79   Thumb Code    60  ml_gpio.o(i.gpio_set)
    main                                     0x08001ab9   Thumb Code   408  main.o(i.main)
    motorA_duty                              0x08001c99   Thumb Code    50  motor.o(i.motorA_duty)
    motorB_duty                              0x08001cd1   Thumb Code    50  motor.o(i.motorB_duty)
    motor_init                               0x08001d09   Thumb Code    88  motor.o(i.motor_init)
    motor_target_set                         0x08001d61   Thumb Code    84  pid.o(i.motor_target_set)
    pid_cal                                  0x08001dc5   Thumb Code   194  pid.o(i.pid_cal)
    pid_control                              0x08001e89   Thumb Code   134  pid.o(i.pid_control)
    pid_init                                 0x08001f29   Thumb Code    14  pid.o(i.pid_init)
    pidout_limit                             0x08001f39   Thumb Code    34  pid.o(i.pidout_limit)
    pwm_init                                 0x08001f61   Thumb Code   354  ml_pwm.o(i.pwm_init)
    pwm_pin_init                             0x080020d1   Thumb Code   172  ml_pwm.o(i.pwm_pin_init)
    pwm_update                               0x0800217d   Thumb Code   266  ml_pwm.o(i.pwm_update)
    tim_interrupt_ms_init                    0x08002291   Thumb Code   104  ml_tim.o(i.tim_interrupt_ms_init)
    track                                    0x08002301   Thumb Code   368  gray_track.o(i.track)
    uart_baud_config                         0x080024c5   Thumb Code   142  ml_uart.o(i.uart_baud_config)
    uart_init                                0x08002565   Thumb Code    92  ml_uart.o(i.uart_init)
    uart_pin_init                            0x080025c9   Thumb Code    86  ml_uart.o(i.uart_pin_init)
    __aeabi_d2f                              0x08002621   Thumb Code     0  d2f.o(x$fpl$d2f)
    _d2f                                     0x08002621   Thumb Code    98  d2f.o(x$fpl$d2f)
    __aeabi_dadd                             0x08002685   Thumb Code     0  daddsub_clz.o(x$fpl$dadd)
    _dadd                                    0x08002685   Thumb Code   332  daddsub_clz.o(x$fpl$dadd)
    __fpl_dcheck_NaN1                        0x080027d5   Thumb Code    10  dcheck1.o(x$fpl$dcheck1)
    __aeabi_ddiv                             0x080027e5   Thumb Code     0  ddiv.o(x$fpl$ddiv)
    _ddiv                                    0x080027e5   Thumb Code   552  ddiv.o(x$fpl$ddiv)
    __aeabi_i2d                              0x08002a95   Thumb Code     0  dflt_clz.o(x$fpl$dflt)
    _dflt                                    0x08002a95   Thumb Code    46  dflt_clz.o(x$fpl$dflt)
    __aeabi_ui2d                             0x08002ac3   Thumb Code     0  dflt_clz.o(x$fpl$dfltu)
    _dfltu                                   0x08002ac3   Thumb Code    38  dflt_clz.o(x$fpl$dfltu)
    __aeabi_dmul                             0x08002ae9   Thumb Code     0  dmul.o(x$fpl$dmul)
    _dmul                                    0x08002ae9   Thumb Code   332  dmul.o(x$fpl$dmul)
    __fpl_dnaninf                            0x08002c3d   Thumb Code   156  dnaninf.o(x$fpl$dnaninf)
    __fpl_dretinf                            0x08002cd9   Thumb Code    12  dretinf.o(x$fpl$dretinf)
    __aeabi_drsub                            0x08002ce5   Thumb Code     0  daddsub_clz.o(x$fpl$drsb)
    _drsb                                    0x08002ce5   Thumb Code    22  daddsub_clz.o(x$fpl$drsb)
    __aeabi_dsub                             0x08002cfd   Thumb Code     0  daddsub_clz.o(x$fpl$dsub)
    _dsub                                    0x08002cfd   Thumb Code   464  daddsub_clz.o(x$fpl$dsub)
    __aeabi_f2d                              0x08002ed1   Thumb Code     0  f2d.o(x$fpl$f2d)
    _f2d                                     0x08002ed1   Thumb Code    86  f2d.o(x$fpl$f2d)
    __aeabi_fadd                             0x08002f29   Thumb Code     0  faddsub_clz.o(x$fpl$fadd)
    _fadd                                    0x08002f29   Thumb Code   196  faddsub_clz.o(x$fpl$fadd)
    __fpl_fcmp_Inf                           0x08002fed   Thumb Code    24  fcmpi.o(x$fpl$fcmpinf)
    __aeabi_fdiv                             0x08003005   Thumb Code     0  fdiv.o(x$fpl$fdiv)
    _fdiv                                    0x08003005   Thumb Code   384  fdiv.o(x$fpl$fdiv)
    __aeabi_f2iz                             0x08003189   Thumb Code     0  ffix.o(x$fpl$ffix)
    _ffix                                    0x08003189   Thumb Code    54  ffix.o(x$fpl$ffix)
    __aeabi_f2uiz                            0x080031c1   Thumb Code     0  ffixu.o(x$fpl$ffixu)
    _ffixu                                   0x080031c1   Thumb Code    62  ffixu.o(x$fpl$ffixu)
    __aeabi_i2f                              0x08003201   Thumb Code     0  fflt_clz.o(x$fpl$fflt)
    _fflt                                    0x08003201   Thumb Code    48  fflt_clz.o(x$fpl$fflt)
    __aeabi_ui2f                             0x08003231   Thumb Code     0  fflt_clz.o(x$fpl$ffltu)
    _ffltu                                   0x08003231   Thumb Code    38  fflt_clz.o(x$fpl$ffltu)
    __aeabi_cfcmple                          0x08003259   Thumb Code     0  fleqf.o(x$fpl$fleqf)
    _fcmple                                  0x08003259   Thumb Code   104  fleqf.o(x$fpl$fleqf)
    __fpl_fcmple_InfNaN                      0x080032ab   Thumb Code     0  fleqf.o(x$fpl$fleqf)
    __aeabi_fmul                             0x080032c1   Thumb Code     0  fmul.o(x$fpl$fmul)
    _fmul                                    0x080032c1   Thumb Code   258  fmul.o(x$fpl$fmul)
    __fpl_fnaninf                            0x080033c3   Thumb Code   140  fnaninf.o(x$fpl$fnaninf)
    __fpl_fretinf                            0x0800344f   Thumb Code    10  fretinf.o(x$fpl$fretinf)
    __aeabi_cfrcmple                         0x08003459   Thumb Code     0  frleqf.o(x$fpl$frleqf)
    _frcmple                                 0x08003459   Thumb Code    98  frleqf.o(x$fpl$frleqf)
    __aeabi_frsub                            0x080034bb   Thumb Code     0  faddsub_clz.o(x$fpl$frsb)
    _frsb                                    0x080034bb   Thumb Code    20  faddsub_clz.o(x$fpl$frsb)
    __aeabi_fsub                             0x080034d1   Thumb Code     0  faddsub_clz.o(x$fpl$fsub)
    _fsub                                    0x080034d1   Thumb Code   234  faddsub_clz.o(x$fpl$fsub)
    __fpl_return_NaN                         0x080035bb   Thumb Code   100  retnan.o(x$fpl$retnan)
    __ARM_scalbn                             0x0800361f   Thumb Code    92  scalbn.o(x$fpl$scalbn)
    __fpl_cmpreturn                          0x0800367b   Thumb Code    48  trapv.o(x$fpl$trapveneer)
    OLED_F8x16                               0x080036aa   Data        1520  ml_oled.o(.constdata)
    __I$use$fp                               0x080036aa   Number         0  usenofp.o(x$fpl$usenofp)
    __mathlib_zero                           0x08003d38   Data           8  qnan.o(.constdata)
    Region$$Table$$Base                      0x08003d60   Number         0  anon$$obj.o(Region$$Table)
    Region$$Table$$Limit                     0x08003d80   Number         0  anon$$obj.o(Region$$Table)
    g_tim3_tick                              0x20000000   Data           4  isr.o(.data)
    motorA_dir                               0x20000004   Data           1  motor.o(.data)
    motorB_dir                               0x20000005   Data           1  motor.o(.data)
    Encoder_count1                           0x20000008   Data           4  motor.o(.data)
    Encoder_count2                           0x2000000c   Data           4  motor.o(.data)
    speed_now                                0x20000010   Data           4  motor.o(.data)
    g_track_state                            0x20000014   Data           8  gray_track.o(.data)
    sensor_labels                            0x2000001c   Data          32  gray_track.o(.data)
    KF_Yaw                                   0x2000003c   Data          48  filter.o(.data)
    KF_Roll                                  0x2000006c   Data          48  filter.o(.data)
    KF_Pitch                                 0x2000009c   Data          48  filter.o(.data)
    gpio_index                               0x200000cc   Data          12  ml_gpio.o(.data)
    tim_index                                0x200000d8   Data          12  ml_tim.o(.data)
    uart_index                               0x200000e4   Data          12  ml_uart.o(.data)
    __stdout                                 0x200000f0   Data           4  ml_uart.o(.data)
    ax                                       0x200000f4   Data           2  ml_mpu6050.o(.data)
    ay                                       0x200000f6   Data           2  ml_mpu6050.o(.data)
    az                                       0x200000f8   Data           2  ml_mpu6050.o(.data)
    gx                                       0x200000fa   Data           2  ml_mpu6050.o(.data)
    gy                                       0x200000fc   Data           2  ml_mpu6050.o(.data)
    gz                                       0x200000fe   Data           2  ml_mpu6050.o(.data)
    roll_gyro                                0x20000100   Data           4  ml_mpu6050.o(.data)
    pitch_gyro                               0x20000104   Data           4  ml_mpu6050.o(.data)
    yaw_gyro                                 0x20000108   Data           4  ml_mpu6050.o(.data)
    roll_acc                                 0x2000010c   Data           4  ml_mpu6050.o(.data)
    pitch_acc                                0x20000110   Data           4  ml_mpu6050.o(.data)
    yaw_acc                                  0x20000114   Data           4  ml_mpu6050.o(.data)
    roll_Kalman                              0x20000118   Data           4  ml_mpu6050.o(.data)
    pitch_Kalman                             0x2000011c   Data           4  ml_mpu6050.o(.data)
    yaw_Kalman                               0x20000120   Data           4  ml_mpu6050.o(.data)
    hmc_x                                    0x20000124   Data           2  ml_hmc5883l.o(.data)
    hmc_y                                    0x20000126   Data           2  ml_hmc5883l.o(.data)
    hmc_z                                    0x20000128   Data           2  ml_hmc5883l.o(.data)
    yaw_hmc                                  0x2000012c   Data           4  ml_hmc5883l.o(.data)
    motorA                                   0x20000130   Data          52  pid.o(.bss)
    motorB                                   0x20000164   Data          52  pid.o(.bss)
    angle                                    0x20000198   Data          52  pid.o(.bss)
    g_sensor_data                            0x200001cc   Data          16  gray_track.o(.bss)
    __libspace_start                         0x200001dc   Data          96  libspace.o(.bss)
    __temporary_stack_top$libspace           0x2000023c   Data           0  libspace.o(.bss)



==============================================================================

Memory Map of the image

  Image Entry point : 0x080000ed

  Load Region LR_IROM1 (Base: 0x08000000, Size: 0x00003eb0, Max: 0x00010000, ABSOLUTE, COMPRESSED[0x00003ddc])

    Execution Region ER_IROM1 (Exec base: 0x08000000, Load base: 0x08000000, Size: 0x00003d80, Max: 0x00010000, ABSOLUTE)

    Exec Addr    Load Addr    Size         Type   Attr      Idx    E Section Name        Object

    0x08000000   0x08000000   0x000000ec   Data   RO          398    RESET               startup_stm32f10x_md.o
    0x080000ec   0x080000ec   0x00000008   Code   RO          941  * !!!main             c_w.l(__main.o)
    0x080000f4   0x080000f4   0x00000034   Code   RO         1256    !!!scatter          c_w.l(__scatter.o)
    0x08000128   0x08000128   0x0000005a   Code   RO         1254    !!dczerorl2         c_w.l(__dczerorl2.o)
    0x08000182   0x08000182   0x00000002   PAD
    0x08000184   0x08000184   0x0000001c   Code   RO         1258    !!handler_zi        c_w.l(__scatter_zi.o)
    0x080001a0   0x080001a0   0x00000002   Code   RO         1125    .ARM.Collect$$libinit$$00000000  c_w.l(libinit.o)
    0x080001a2   0x080001a2   0x00000000   Code   RO         1133    .ARM.Collect$$libinit$$00000002  c_w.l(libinit2.o)
    0x080001a2   0x080001a2   0x00000000   Code   RO         1135    .ARM.Collect$$libinit$$00000004  c_w.l(libinit2.o)
    0x080001a2   0x080001a2   0x00000000   Code   RO         1138    .ARM.Collect$$libinit$$0000000A  c_w.l(libinit2.o)
    0x080001a2   0x080001a2   0x00000000   Code   RO         1140    .ARM.Collect$$libinit$$0000000C  c_w.l(libinit2.o)
    0x080001a2   0x080001a2   0x00000000   Code   RO         1142    .ARM.Collect$$libinit$$0000000E  c_w.l(libinit2.o)
    0x080001a2   0x080001a2   0x00000000   Code   RO         1145    .ARM.Collect$$libinit$$00000011  c_w.l(libinit2.o)
    0x080001a2   0x080001a2   0x00000000   Code   RO         1147    .ARM.Collect$$libinit$$00000013  c_w.l(libinit2.o)
    0x080001a2   0x080001a2   0x00000000   Code   RO         1149    .ARM.Collect$$libinit$$00000015  c_w.l(libinit2.o)
    0x080001a2   0x080001a2   0x00000000   Code   RO         1151    .ARM.Collect$$libinit$$00000017  c_w.l(libinit2.o)
    0x080001a2   0x080001a2   0x00000000   Code   RO         1153    .ARM.Collect$$libinit$$00000019  c_w.l(libinit2.o)
    0x080001a2   0x080001a2   0x00000000   Code   RO         1155    .ARM.Collect$$libinit$$0000001B  c_w.l(libinit2.o)
    0x080001a2   0x080001a2   0x00000000   Code   RO         1157    .ARM.Collect$$libinit$$0000001D  c_w.l(libinit2.o)
    0x080001a2   0x080001a2   0x00000000   Code   RO         1159    .ARM.Collect$$libinit$$0000001F  c_w.l(libinit2.o)
    0x080001a2   0x080001a2   0x00000000   Code   RO         1161    .ARM.Collect$$libinit$$00000021  c_w.l(libinit2.o)
    0x080001a2   0x080001a2   0x00000000   Code   RO         1163    .ARM.Collect$$libinit$$00000023  c_w.l(libinit2.o)
    0x080001a2   0x080001a2   0x00000000   Code   RO         1165    .ARM.Collect$$libinit$$00000025  c_w.l(libinit2.o)
    0x080001a2   0x080001a2   0x00000000   Code   RO         1169    .ARM.Collect$$libinit$$0000002C  c_w.l(libinit2.o)
    0x080001a2   0x080001a2   0x00000000   Code   RO         1171    .ARM.Collect$$libinit$$0000002E  c_w.l(libinit2.o)
    0x080001a2   0x080001a2   0x00000000   Code   RO         1173    .ARM.Collect$$libinit$$00000030  c_w.l(libinit2.o)
    0x080001a2   0x080001a2   0x00000000   Code   RO         1175    .ARM.Collect$$libinit$$00000032  c_w.l(libinit2.o)
    0x080001a2   0x080001a2   0x00000002   Code   RO         1176    .ARM.Collect$$libinit$$00000033  c_w.l(libinit2.o)
    0x080001a4   0x080001a4   0x00000002   Code   RO         1196    .ARM.Collect$$libshutdown$$00000000  c_w.l(libshutdown.o)
    0x080001a6   0x080001a6   0x00000000   Code   RO         1206    .ARM.Collect$$libshutdown$$00000002  c_w.l(libshutdown2.o)
    0x080001a6   0x080001a6   0x00000000   Code   RO         1208    .ARM.Collect$$libshutdown$$00000004  c_w.l(libshutdown2.o)
    0x080001a6   0x080001a6   0x00000000   Code   RO         1211    .ARM.Collect$$libshutdown$$00000007  c_w.l(libshutdown2.o)
    0x080001a6   0x080001a6   0x00000000   Code   RO         1214    .ARM.Collect$$libshutdown$$0000000A  c_w.l(libshutdown2.o)
    0x080001a6   0x080001a6   0x00000000   Code   RO         1216    .ARM.Collect$$libshutdown$$0000000C  c_w.l(libshutdown2.o)
    0x080001a6   0x080001a6   0x00000000   Code   RO         1219    .ARM.Collect$$libshutdown$$0000000F  c_w.l(libshutdown2.o)
    0x080001a6   0x080001a6   0x00000002   Code   RO         1220    .ARM.Collect$$libshutdown$$00000010  c_w.l(libshutdown2.o)
    0x080001a8   0x080001a8   0x00000000   Code   RO         1029    .ARM.Collect$$rtentry$$00000000  c_w.l(__rtentry.o)
    0x080001a8   0x080001a8   0x00000000   Code   RO         1080    .ARM.Collect$$rtentry$$00000002  c_w.l(__rtentry2.o)
    0x080001a8   0x080001a8   0x00000006   Code   RO         1092    .ARM.Collect$$rtentry$$00000004  c_w.l(__rtentry4.o)
    0x080001ae   0x080001ae   0x00000000   Code   RO         1082    .ARM.Collect$$rtentry$$00000009  c_w.l(__rtentry2.o)
    0x080001ae   0x080001ae   0x00000004   Code   RO         1083    .ARM.Collect$$rtentry$$0000000A  c_w.l(__rtentry2.o)
    0x080001b2   0x080001b2   0x00000000   Code   RO         1085    .ARM.Collect$$rtentry$$0000000C  c_w.l(__rtentry2.o)
    0x080001b2   0x080001b2   0x00000008   Code   RO         1086    .ARM.Collect$$rtentry$$0000000D  c_w.l(__rtentry2.o)
    0x080001ba   0x080001ba   0x00000002   Code   RO         1130    .ARM.Collect$$rtexit$$00000000  c_w.l(rtexit.o)
    0x080001bc   0x080001bc   0x00000000   Code   RO         1180    .ARM.Collect$$rtexit$$00000002  c_w.l(rtexit2.o)
    0x080001bc   0x080001bc   0x00000004   Code   RO         1181    .ARM.Collect$$rtexit$$00000003  c_w.l(rtexit2.o)
    0x080001c0   0x080001c0   0x00000006   Code   RO         1182    .ARM.Collect$$rtexit$$00000004  c_w.l(rtexit2.o)
    0x080001c6   0x080001c6   0x00000002   PAD
    0x080001c8   0x080001c8   0x00000040   Code   RO          399    .text               startup_stm32f10x_md.o
    0x08000208   0x08000208   0x00000002   Code   RO          905    .text               c_w.l(use_no_semi_2.o)
    0x0800020a   0x0800020a   0x00000048   Code   RO          937    .text               c_w.l(strcpy.o)
    0x08000252   0x08000252   0x00000006   Code   RO          939    .text               c_w.l(heapauxi.o)
    0x08000258   0x08000258   0x00000002   Code   RO         1027    .text               c_w.l(use_no_semi.o)
    0x0800025a   0x0800025a   0x00000002   PAD
    0x0800025c   0x0800025c   0x00000008   Code   RO         1111    .text               c_w.l(libspace.o)
    0x08000264   0x08000264   0x0000004a   Code   RO         1114    .text               c_w.l(sys_stackheap_outer.o)
    0x080002ae   0x080002ae   0x00000012   Code   RO         1118    .text               c_w.l(exit.o)
    0x080002c0   0x080002c0   0x00000300   Code   RO          102    i.EXTI0_IRQHandler  isr.o
    0x080005c0   0x080005c0   0x00000018   Code   RO          103    i.EXTI1_IRQHandler  isr.o
    0x080005d8   0x080005d8   0x00000018   Code   RO          104    i.EXTI2_IRQHandler  isr.o
    0x080005f0   0x080005f0   0x00000018   Code   RO          105    i.EXTI3_IRQHandler  isr.o
    0x08000608   0x08000608   0x0000003c   Code   RO          106    i.EXTI4_IRQHandler  isr.o
    0x08000644   0x08000644   0x00000080   Code   RO          107    i.EXTI9_5_IRQHandler  isr.o
    0x080006c4   0x080006c4   0x00000074   Code   RO          323    i.Grayscale_Sensor_Init  grayscale_sensor.o
    0x08000738   0x08000738   0x00000026   Code   RO          324    i.Grayscale_Sensor_Read_All  grayscale_sensor.o
    0x0800075e   0x0800075e   0x0000002c   Code   RO          699    i.I2C_Init          ml_i2c.o
    0x0800078a   0x0800078a   0x00000022   Code   RO          700    i.I2C_NotSendAck    ml_i2c.o
    0x080007ac   0x080007ac   0x00000040   Code   RO          701    i.I2C_ReceiveByte   ml_i2c.o
    0x080007ec   0x080007ec   0x00000042   Code   RO          703    i.I2C_SendByte      ml_i2c.o
    0x0800082e   0x0800082e   0x0000002c   Code   RO          704    i.I2C_Start         ml_i2c.o
    0x0800085a   0x0800085a   0x00000022   Code   RO          705    i.I2C_Stop          ml_i2c.o
    0x0800087c   0x0800087c   0x00000030   Code   RO          706    i.I2C_WaitAck       ml_i2c.o
    0x080008ac   0x080008ac   0x00000140   Code   RO          299    i.Kalman_Filter     filter.o
    0x080009ec   0x080009ec   0x000000b8   Code   RO          663    i.MPU6050_GetData   ml_mpu6050.o
    0x08000aa4   0x08000aa4   0x00000040   Code   RO          665    i.MPU6050_Read      ml_mpu6050.o
    0x08000ae4   0x08000ae4   0x00000028   Code   RO          497    i.NVIC_Group_Config  ml_nvic.o
    0x08000b0c   0x08000b0c   0x0000004c   Code   RO          498    i.NVIC_init         ml_nvic.o
    0x08000b58   0x08000b58   0x0000002a   Code   RO          753    i.OLED_Clear        ml_oled.o
    0x08000b82   0x08000b82   0x0000002c   Code   RO          754    i.OLED_I2C_Init     ml_oled.o
    0x08000bae   0x08000bae   0x0000004a   Code   RO          755    i.OLED_I2C_SendByte  ml_oled.o
    0x08000bf8   0x08000bf8   0x0000002c   Code   RO          756    i.OLED_I2C_Start    ml_oled.o
    0x08000c24   0x08000c24   0x00000022   Code   RO          757    i.OLED_I2C_Stop     ml_oled.o
    0x08000c46   0x08000c46   0x000000b6   Code   RO          758    i.OLED_Init         ml_oled.o
    0x08000cfc   0x08000cfc   0x00000014   Code   RO          759    i.OLED_Pow          ml_oled.o
    0x08000d10   0x08000d10   0x00000022   Code   RO          760    i.OLED_SetCursor    ml_oled.o
    0x08000d32   0x08000d32   0x00000002   PAD
    0x08000d34   0x08000d34   0x00000074   Code   RO          762    i.OLED_ShowChar     ml_oled.o
    0x08000da8   0x08000da8   0x00000044   Code   RO          765    i.OLED_ShowNum      ml_oled.o
    0x08000dec   0x08000dec   0x00000066   Code   RO          766    i.OLED_ShowSignedNum  ml_oled.o
    0x08000e52   0x08000e52   0x00000028   Code   RO          767    i.OLED_ShowString   ml_oled.o
    0x08000e7a   0x08000e7a   0x00000020   Code   RO          768    i.OLED_WriteCommand  ml_oled.o
    0x08000e9a   0x08000e9a   0x00000020   Code   RO          769    i.OLED_WriteData    ml_oled.o
    0x08000eba   0x08000eba   0x0000000c   Code   RO          326    i.Read_OUT_value    grayscale_sensor.o
    0x08000ec6   0x08000ec6   0x00000008   Code   RO          362    i.SetSysClock       system_stm32f10x.o
    0x08000ece   0x08000ece   0x00000002   PAD
    0x08000ed0   0x08000ed0   0x000000e0   Code   RO          363    i.SetSysClockTo72   system_stm32f10x.o
    0x08000fb0   0x08000fb0   0x00000060   Code   RO          365    i.SystemInit        system_stm32f10x.o
    0x08001010   0x08001010   0x0000001e   Code   RO          108    i.TIM2_IRQHandler   isr.o
    0x0800102e   0x0800102e   0x00000002   PAD
    0x08001030   0x08001030   0x00000030   Code   RO          109    i.TIM3_IRQHandler   isr.o
    0x08001060   0x08001060   0x0000001c   Code   RO          110    i.TIM4_IRQHandler   isr.o
    0x0800107c   0x0800107c   0x0000001c   Code   RO          111    i.USART1_IRQHandler  isr.o
    0x08001098   0x08001098   0x0000001c   Code   RO          112    i.USART2_IRQHandler  isr.o
    0x080010b4   0x080010b4   0x0000001c   Code   RO          113    i.USART3_IRQHandler  isr.o
    0x080010d0   0x080010d0   0x00000028   Code   RO         1066    i.__ARM_fpclassify  m_ws.l(fpclassify.o)
    0x080010f8   0x080010f8   0x000000aa   Code   RO         1068    i.__kernel_poly     m_ws.l(poly.o)
    0x080011a2   0x080011a2   0x00000006   Code   RO         1053    i.__mathlib_dbl_infnan  m_ws.l(dunder.o)
    0x080011a8   0x080011a8   0x00000004   Code   RO         1054    i.__mathlib_dbl_infnan2  m_ws.l(dunder.o)
    0x080011ac   0x080011ac   0x00000010   Code   RO         1058    i.__mathlib_dbl_underflow  m_ws.l(dunder.o)
    0x080011bc   0x080011bc   0x0000000a   Code   RO          327    i._delay_us         grayscale_sensor.o
    0x080011c6   0x080011c6   0x00000002   PAD
    0x080011c8   0x080011c8   0x00000060   Code   RO          328    i._select_channel   grayscale_sensor.o
    0x08001228   0x08001228   0x00000004   Code   RO          557    i._sys_exit         ml_uart.o
    0x0800122c   0x0800122c   0x00000220   Code   RO         1000    i.atan              m_ws.l(atan.o)
    0x0800144c   0x0800144c   0x00000180   Code   RO         1010    i.atan2             m_ws.l(atan2.o)
    0x080015cc   0x080015cc   0x00000018   Code   RO          473    i.delay_ms          ml_delay.o
    0x080015e4   0x080015e4   0x0000002e   Code   RO          475    i.delay_us          ml_delay.o
    0x08001612   0x08001612   0x00000002   PAD
    0x08001614   0x08001614   0x0000001c   Code   RO          267    i.digtal            gray_track.o
    0x08001630   0x08001630   0x0000002c   Code   RO          183    i.encoder_init      motor.o
    0x0800165c   0x0800165c   0x0000010c   Code   RO          645    i.exti_init         ml_exti.o
    0x08001768   0x08001768   0x00000148   Code   RO          646    i.exti_pin_init     ml_exti.o
    0x080018b0   0x080018b0   0x00000024   Code   RO          404    i.gpio_get          ml_gpio.o
    0x080018d4   0x080018d4   0x000001a4   Code   RO          405    i.gpio_init         ml_gpio.o
    0x08001a78   0x08001a78   0x00000040   Code   RO          406    i.gpio_set          ml_gpio.o
    0x08001ab8   0x08001ab8   0x000001e0   Code   RO            1    i.main              main.o
    0x08001c98   0x08001c98   0x00000038   Code   RO          184    i.motorA_duty       motor.o
    0x08001cd0   0x08001cd0   0x00000038   Code   RO          185    i.motorB_duty       motor.o
    0x08001d08   0x08001d08   0x00000058   Code   RO          186    i.motor_init        motor.o
    0x08001d60   0x08001d60   0x00000064   Code   RO          220    i.motor_target_set  pid.o
    0x08001dc4   0x08001dc4   0x000000c2   Code   RO          221    i.pid_cal           pid.o
    0x08001e86   0x08001e86   0x00000002   PAD
    0x08001e88   0x08001e88   0x000000a0   Code   RO          222    i.pid_control       pid.o
    0x08001f28   0x08001f28   0x0000000e   Code   RO          223    i.pid_init          pid.o
    0x08001f36   0x08001f36   0x00000002   PAD
    0x08001f38   0x08001f38   0x00000028   Code   RO          224    i.pidout_limit      pid.o
    0x08001f60   0x08001f60   0x00000170   Code   RO          515    i.pwm_init          ml_pwm.o
    0x080020d0   0x080020d0   0x000000ac   Code   RO          516    i.pwm_pin_init      ml_pwm.o
    0x0800217c   0x0800217c   0x00000114   Code   RO          517    i.pwm_update        ml_pwm.o
    0x08002290   0x08002290   0x00000070   Code   RO          539    i.tim_interrupt_ms_init  ml_tim.o
    0x08002300   0x08002300   0x000001c4   Code   RO          269    i.track             gray_track.o
    0x080024c4   0x080024c4   0x000000a0   Code   RO          559    i.uart_baud_config  ml_uart.o
    0x08002564   0x08002564   0x00000064   Code   RO          561    i.uart_init         ml_uart.o
    0x080025c8   0x080025c8   0x00000056   Code   RO          562    i.uart_pin_init     ml_uart.o
    0x0800261e   0x0800261e   0x00000002   PAD
    0x08002620   0x08002620   0x00000062   Code   RO          943    x$fpl$d2f           fz_ws.l(d2f.o)
    0x08002682   0x08002682   0x00000002   PAD
    0x08002684   0x08002684   0x00000150   Code   RO          945    x$fpl$dadd          fz_ws.l(daddsub_clz.o)
    0x080027d4   0x080027d4   0x00000010   Code   RO         1105    x$fpl$dcheck1       fz_ws.l(dcheck1.o)
    0x080027e4   0x080027e4   0x000002b0   Code   RO          952    x$fpl$ddiv          fz_ws.l(ddiv.o)
    0x08002a94   0x08002a94   0x0000002e   Code   RO          960    x$fpl$dflt          fz_ws.l(dflt_clz.o)
    0x08002ac2   0x08002ac2   0x00000026   Code   RO          959    x$fpl$dfltu         fz_ws.l(dflt_clz.o)
    0x08002ae8   0x08002ae8   0x00000154   Code   RO          965    x$fpl$dmul          fz_ws.l(dmul.o)
    0x08002c3c   0x08002c3c   0x0000009c   Code   RO         1037    x$fpl$dnaninf       fz_ws.l(dnaninf.o)
    0x08002cd8   0x08002cd8   0x0000000c   Code   RO         1039    x$fpl$dretinf       fz_ws.l(dretinf.o)
    0x08002ce4   0x08002ce4   0x00000016   Code   RO          946    x$fpl$drsb          fz_ws.l(daddsub_clz.o)
    0x08002cfa   0x08002cfa   0x00000002   PAD
    0x08002cfc   0x08002cfc   0x000001d4   Code   RO          947    x$fpl$dsub          fz_ws.l(daddsub_clz.o)
    0x08002ed0   0x08002ed0   0x00000056   Code   RO          967    x$fpl$f2d           fz_ws.l(f2d.o)
    0x08002f26   0x08002f26   0x00000002   PAD
    0x08002f28   0x08002f28   0x000000c4   Code   RO          969    x$fpl$fadd          fz_ws.l(faddsub_clz.o)
    0x08002fec   0x08002fec   0x00000018   Code   RO         1043    x$fpl$fcmpinf       fz_ws.l(fcmpi.o)
    0x08003004   0x08003004   0x00000184   Code   RO          976    x$fpl$fdiv          fz_ws.l(fdiv.o)
    0x08003188   0x08003188   0x00000036   Code   RO          979    x$fpl$ffix          fz_ws.l(ffix.o)
    0x080031be   0x080031be   0x00000002   PAD
    0x080031c0   0x080031c0   0x0000003e   Code   RO          983    x$fpl$ffixu         fz_ws.l(ffixu.o)
    0x080031fe   0x080031fe   0x00000002   PAD
    0x08003200   0x08003200   0x00000030   Code   RO          988    x$fpl$fflt          fz_ws.l(fflt_clz.o)
    0x08003230   0x08003230   0x00000026   Code   RO          987    x$fpl$ffltu         fz_ws.l(fflt_clz.o)
    0x08003256   0x08003256   0x00000002   PAD
    0x08003258   0x08003258   0x00000068   Code   RO          993    x$fpl$fleqf         fz_ws.l(fleqf.o)
    0x080032c0   0x080032c0   0x00000102   Code   RO          995    x$fpl$fmul          fz_ws.l(fmul.o)
    0x080033c2   0x080033c2   0x0000008c   Code   RO         1045    x$fpl$fnaninf       fz_ws.l(fnaninf.o)
    0x0800344e   0x0800344e   0x0000000a   Code   RO         1047    x$fpl$fretinf       fz_ws.l(fretinf.o)
    0x08003458   0x08003458   0x00000062   Code   RO          997    x$fpl$frleqf        fz_ws.l(frleqf.o)
    0x080034ba   0x080034ba   0x00000014   Code   RO          970    x$fpl$frsb          fz_ws.l(faddsub_clz.o)
    0x080034ce   0x080034ce   0x00000002   PAD
    0x080034d0   0x080034d0   0x000000ea   Code   RO          971    x$fpl$fsub          fz_ws.l(faddsub_clz.o)
    0x080035ba   0x080035ba   0x00000064   Code   RO         1128    x$fpl$retnan        fz_ws.l(retnan.o)
    0x0800361e   0x0800361e   0x0000005c   Code   RO         1049    x$fpl$scalbn        fz_ws.l(scalbn.o)
    0x0800367a   0x0800367a   0x00000030   Code   RO         1177    x$fpl$trapveneer    fz_ws.l(trapv.o)
    0x080036aa   0x080036aa   0x00000000   Code   RO         1051    x$fpl$usenofp       fz_ws.l(usenofp.o)
    0x080036aa   0x080036aa   0x000005f0   Data   RO          770    .constdata          ml_oled.o
    0x08003c9a   0x08003c9a   0x00000006   PAD
    0x08003ca0   0x08003ca0   0x00000098   Data   RO         1001    .constdata          m_ws.l(atan.o)
    0x08003d38   0x08003d38   0x00000008   Data   RO         1070    .constdata          m_ws.l(qnan.o)
    0x08003d40   0x08003d40   0x0000001f   Data   RO          271    .conststring        gray_track.o
    0x08003d5f   0x08003d5f   0x00000001   PAD
    0x08003d60   0x08003d60   0x00000020   Data   RO         1252    Region$$Table       anon$$obj.o


    Execution Region RW_IRAM1 (Exec base: 0x20000000, Load base: 0x08003d80, Size: 0x00000840, Max: 0x00005000, ABSOLUTE, COMPRESSED[0x0000005c])

    Exec Addr    Load Addr    Size         Type   Attr      Idx    E Section Name        Object

    0x20000000   COMPRESSED   0x00000004   Data   RW          114    .data               isr.o
    0x20000004   COMPRESSED   0x00000010   Data   RW          187    .data               motor.o
    0x20000014   COMPRESSED   0x00000028   Data   RW          272    .data               gray_track.o
    0x2000003c   COMPRESSED   0x00000090   Data   RW          301    .data               filter.o
    0x200000cc   COMPRESSED   0x0000000c   Data   RW          407    .data               ml_gpio.o
    0x200000d8   COMPRESSED   0x0000000c   Data   RW          540    .data               ml_tim.o
    0x200000e4   COMPRESSED   0x00000010   Data   RW          565    .data               ml_uart.o
    0x200000f4   COMPRESSED   0x00000030   Data   RW          667    .data               ml_mpu6050.o
    0x20000124   COMPRESSED   0x0000000c   Data   RW          871    .data               ml_hmc5883l.o
    0x20000130        -       0x0000009c   Zero   RW          225    .bss                pid.o
    0x200001cc        -       0x00000010   Zero   RW          270    .bss                gray_track.o
    0x200001dc        -       0x00000060   Zero   RW         1112    .bss                c_w.l(libspace.o)
    0x2000023c   COMPRESSED   0x00000004   PAD
    0x20000240        -       0x00000200   Zero   RW          397    HEAP                startup_stm32f10x_md.o
    0x20000440        -       0x00000400   Zero   RW          396    STACK               startup_stm32f10x_md.o


==============================================================================

Image component sizes


      Code (inc. data)   RO Data    RW Data    ZI Data      Debug   Object Name

       320          0          0        144          0       1646   filter.o
       480         90         31         40         16       2329   gray_track.o
       272         18          0          0          0       2640   grayscale_sensor.o
      1218        166          0          4          0       5304   isr.o
       480         72          0          0          0     206703   main.o
        70          0          0          0          0        926   ml_delay.o
       596         38          0          0          0       1416   ml_exti.o
       520         18          0         12          0       4699   ml_gpio.o
         0          0          0         12          0        308   ml_hmc5883l.o
       334          0          0          0          0       3342   ml_i2c.o
       248         24          0         48          0       1758   ml_mpu6050.o
       116         16          0          0          0       1076   ml_nvic.o
       864          6       1520          0          0       8226   ml_oled.o
       816         36          0          0          0       1943   ml_pwm.o
       112          8          0         12          0       1428   ml_tim.o
       350         26          0         16          0       4028   ml_uart.o
       244         12          0         16          0       2208   motor.o
       508         48          0          0        156       3599   pid.o
        64         26        236          0       1536        816   startup_stm32f10x_md.o
       328         28          0          0          0       1797   system_stm32f10x.o

    ----------------------------------------------------------------------
      7956        632       1826        304       1708     256192   Object Totals
         0          0         32          0          0          0   (incl. Generated)
        16          0          7          0          0          0   (incl. Padding)

    ----------------------------------------------------------------------

      Code (inc. data)   RO Data    RW Data    ZI Data      Debug   Library Member Name

        90          0          0          0          0          0   __dczerorl2.o
         8          0          0          0          0         68   __main.o
         0          0          0          0          0          0   __rtentry.o
        12          0          0          0          0          0   __rtentry2.o
         6          0          0          0          0          0   __rtentry4.o
        52          8          0          0          0          0   __scatter.o
        28          0          0          0          0          0   __scatter_zi.o
        18          0          0          0          0         80   exit.o
         6          0          0          0          0        152   heapauxi.o
         2          0          0          0          0          0   libinit.o
         2          0          0          0          0          0   libinit2.o
         2          0          0          0          0          0   libshutdown.o
         2          0          0          0          0          0   libshutdown2.o
         8          4          0          0         96         68   libspace.o
         2          0          0          0          0          0   rtexit.o
        10          0          0          0          0          0   rtexit2.o
        72          0          0          0          0         80   strcpy.o
        74          0          0          0          0         80   sys_stackheap_outer.o
         2          0          0          0          0         68   use_no_semi.o
         2          0          0          0          0         68   use_no_semi_2.o
        98          4          0          0          0         92   d2f.o
       826         16          0          0          0        348   daddsub_clz.o
        16          4          0          0          0         68   dcheck1.o
       688        140          0          0          0        208   ddiv.o
        84          0          0          0          0        136   dflt_clz.o
       340         12          0          0          0        104   dmul.o
       156          4          0          0          0         92   dnaninf.o
        12          0          0          0          0         68   dretinf.o
        86          4          0          0          0         84   f2d.o
       450          8          0          0          0        236   faddsub_clz.o
        24          0          0          0          0         68   fcmpi.o
       388         76          0          0          0         96   fdiv.o
        54          4          0          0          0         84   ffix.o
        62          4          0          0          0         84   ffixu.o
        86          0          0          0          0        136   fflt_clz.o
       104          4          0          0          0         84   fleqf.o
       258          4          0          0          0         84   fmul.o
       140          4          0          0          0         84   fnaninf.o
        10          0          0          0          0         68   fretinf.o
        98          0          0          0          0         68   frleqf.o
       100          0          0          0          0         68   retnan.o
        92          0          0          0          0         68   scalbn.o
        48          0          0          0          0         68   trapv.o
         0          0          0          0          0          0   usenofp.o
       544         70        152          0          0        124   atan.o
       384         38          0          0          0        144   atan2.o
        26          6          0          0          0        204   dunder.o
        40          0          0          0          0         68   fpclassify.o
       170          0          0          0          0         96   poly.o
         0          0          8          0          0          0   qnan.o

    ----------------------------------------------------------------------
      5802        414        160          0        100       3796   Library Totals
        20          0          0          0          4          0   (incl. Padding)

    ----------------------------------------------------------------------

      Code (inc. data)   RO Data    RW Data    ZI Data      Debug   Library Name

       398         12          0          0         96        664   c_w.l
      4220        288          0          0          0       2496   fz_ws.l
      1164        114        160          0          0        636   m_ws.l

    ----------------------------------------------------------------------
      5802        414        160          0        100       3796   Library Totals

    ----------------------------------------------------------------------

==============================================================================


      Code (inc. data)   RO Data    RW Data    ZI Data      Debug   

     13758       1046       1986        304       1808     254316   Grand Totals
     13758       1046       1986         92       1808     254316   ELF Image Totals (compressed)
     13758       1046       1986         92          0          0   ROM Totals

==============================================================================

    Total RO  Size (Code + RO Data)                15744 (  15.38kB)
    Total RW  Size (RW Data + ZI Data)              2112 (   2.06kB)
    Total ROM Size (Code + RO Data + RW Data)      15836 (  15.46kB)

==============================================================================

