Component: ARM Compiler 5.06 update 5 (build 528) Tool: armlink [4d35e2]

==============================================================================

Section Cross References

    main.o(i.main) refers to ml_oled.o(i.OLED_Init) for OLED_Init
    main.o(i.main) refers to motor.o(i.motor_init) for motor_init
    main.o(i.main) refers to motor.o(i.encoder_init) for encoder_init
    main.o(i.main) refers to ml_uart.o(i.uart_init) for uart_init
    main.o(i.main) refers to printfa.o(i.__0printf) for __2printf
    main.o(i.main) refers to uart_tune.o(i.uart_tune_init) for uart_tune_init
    main.o(i.main) refers to pid.o(i.pid_init) for pid_init
    main.o(i.main) refers to ml_i2c.o(i.I2C_Init) for I2C_Init
    main.o(i.main) refers to ml_exti.o(i.exti_init) for exti_init
    main.o(i.main) refers to ml_tim.o(i.tim_interrupt_ms_init) for tim_interrupt_ms_init
    main.o(i.main) refers to grayscale_sensor.o(i.Grayscale_Sensor_Init) for Grayscale_Sensor_Init
    main.o(i.main) refers to grayscale_sensor.o(i.Grayscale_Sensor_Read_All) for Grayscale_Sensor_Read_All
    main.o(i.main) refers to gray_track.o(i.track) for track
    main.o(i.main) refers to gray_track.o(i.digtal) for digtal
    main.o(i.main) refers to ml_oled.o(i.OLED_ShowNum) for OLED_ShowNum
    main.o(i.main) refers to ml_oled.o(i.OLED_ShowString) for OLED_ShowString
    main.o(i.main) refers to ffixi.o(.text) for __aeabi_f2iz
    main.o(i.main) refers to ml_oled.o(i.OLED_ShowSignedNum) for OLED_ShowSignedNum
    main.o(i.main) refers to uart_tune.o(i.uart_tune_process) for uart_tune_process
    main.o(i.main) refers to ml_delay.o(i.delay_ms) for delay_ms
    main.o(i.main) refers to pid.o(.bss) for motorA
    main.o(i.main) refers to gray_track.o(.bss) for g_sensor_data
    main.o(i.main) refers to gray_track.o(.data) for g_track_state
    isr.o(i.EXTI0_IRQHandler) refers to ml_mpu6050.o(i.MPU6050_GetData) for MPU6050_GetData
    isr.o(i.EXTI0_IRQHandler) refers to fflti.o(.text) for __aeabi_i2f
    isr.o(i.EXTI0_IRQHandler) refers to f2d.o(.text) for __aeabi_f2d
    isr.o(i.EXTI0_IRQHandler) refers to ddiv.o(.text) for __aeabi_ddiv
    isr.o(i.EXTI0_IRQHandler) refers to dmul.o(.text) for __aeabi_dmul
    isr.o(i.EXTI0_IRQHandler) refers to dadd.o(.text) for __aeabi_dadd
    isr.o(i.EXTI0_IRQHandler) refers to d2f.o(.text) for __aeabi_d2f
    isr.o(i.EXTI0_IRQHandler) refers to fdiv.o(.text) for __aeabi_fdiv
    isr.o(i.EXTI0_IRQHandler) refers to atan.o(i.atan) for atan
    isr.o(i.EXTI0_IRQHandler) refers to atan2.o(i.atan2) for atan2
    isr.o(i.EXTI0_IRQHandler) refers to filter.o(i.Kalman_Filter) for Kalman_Filter
    isr.o(i.EXTI0_IRQHandler) refers to ml_mpu6050.o(.data) for gx
    isr.o(i.EXTI0_IRQHandler) refers to ml_hmc5883l.o(.data) for hmc_y
    isr.o(i.EXTI0_IRQHandler) refers to filter.o(.data) for KF_Roll
    isr.o(i.EXTI4_IRQHandler) refers to ml_gpio.o(i.gpio_get) for gpio_get
    isr.o(i.EXTI4_IRQHandler) refers to motor.o(.data) for Encoder_count2
    isr.o(i.EXTI9_5_IRQHandler) refers to ml_gpio.o(i.gpio_get) for gpio_get
    isr.o(i.EXTI9_5_IRQHandler) refers to motor.o(.data) for Encoder_count1
    isr.o(i.TIM3_IRQHandler) refers to pid.o(i.pid_control) for pid_control
    isr.o(i.TIM3_IRQHandler) refers to isr.o(.data) for g_tim3_tick
    isr.o(i.USART3_IRQHandler) refers to uart_tune.o(i.uart_tune_rx_isr) for uart_tune_rx_isr
    motor.o(i.encoder_init) refers to ml_exti.o(i.exti_init) for exti_init
    motor.o(i.encoder_init) refers to ml_gpio.o(i.gpio_init) for gpio_init
    motor.o(i.motorA_duty) refers to ml_pwm.o(i.pwm_update) for pwm_update
    motor.o(i.motorA_duty) refers to ml_gpio.o(i.gpio_set) for gpio_set
    motor.o(i.motorA_duty) refers to motor.o(.data) for motorA_dir
    motor.o(i.motorB_duty) refers to ml_pwm.o(i.pwm_update) for pwm_update
    motor.o(i.motorB_duty) refers to ml_gpio.o(i.gpio_set) for gpio_set
    motor.o(i.motorB_duty) refers to motor.o(.data) for motorB_dir
    motor.o(i.motor_init) refers to ml_pwm.o(i.pwm_init) for pwm_init
    motor.o(i.motor_init) refers to ml_gpio.o(i.gpio_init) for gpio_init
    pid.o(i.datavision_send) refers to ml_uart.o(i.uart_sendbyte) for uart_sendbyte
    pid.o(i.datavision_send) refers to ffixui.o(.text) for __aeabi_f2uiz
    pid.o(i.datavision_send) refers to pid.o(.bss) for motorA
    pid.o(i.motor_target_set) refers to fflti.o(.text) for __aeabi_i2f
    pid.o(i.motor_target_set) refers to motor.o(.data) for motorA_dir
    pid.o(i.motor_target_set) refers to pid.o(.bss) for motorA
    pid.o(i.pid_cal) refers to fadd.o(.text) for __aeabi_fsub
    pid.o(i.pid_cal) refers to fmul.o(.text) for __aeabi_fmul
    pid.o(i.pid_control) refers to fflti.o(.text) for __aeabi_i2f
    pid.o(i.pid_control) refers to pid.o(i.pid_cal) for pid_cal
    pid.o(i.pid_control) refers to pid.o(i.pidout_limit) for pidout_limit
    pid.o(i.pid_control) refers to ffixi.o(.text) for __aeabi_f2iz
    pid.o(i.pid_control) refers to motor.o(i.motorA_duty) for motorA_duty
[...]
    printf7.o(i._printf_core) refers to uldiv.o(.text) for __aeabi_uldivmod
    printf7.o(i._printf_core) refers to printf7.o(i._printf_post_padding) for _printf_post_padding
    printf8.o(i.__0fprintf$8) refers to printf8.o(i._printf_core) for _printf_core
    printf8.o(i.__0fprintf$8) refers to ml_uart.o(i.fputc) for fputc
    printf8.o(i.__0printf$8) refers to printf8.o(i._printf_core) for _printf_core
    printf8.o(i.__0printf$8) refers to ml_uart.o(i.fputc) for fputc
    printf8.o(i.__0printf$8) refers to ml_uart.o(.data) for __stdout
    printf8.o(i.__0snprintf$8) refers to printf8.o(i._printf_core) for _printf_core
    printf8.o(i.__0snprintf$8) refers to printf8.o(i._snputc) for _snputc
    printf8.o(i.__0sprintf$8) refers to printf8.o(i._printf_core) for _printf_core
    printf8.o(i.__0sprintf$8) refers to printf8.o(i._sputc) for _sputc
    printf8.o(i.__0vfprintf$8) refers to printf8.o(i._printf_core) for _printf_core
    printf8.o(i.__0vfprintf$8) refers to ml_uart.o(i.fputc) for fputc
    printf8.o(i.__0vprintf$8) refers to printf8.o(i._printf_core) for _printf_core
    printf8.o(i.__0vprintf$8) refers to ml_uart.o(i.fputc) for fputc
    printf8.o(i.__0vprintf$8) refers to ml_uart.o(.data) for __stdout
    printf8.o(i.__0vsnprintf$8) refers to printf8.o(i._printf_core) for _printf_core
    printf8.o(i.__0vsnprintf$8) refers to printf8.o(i._snputc) for _snputc
    printf8.o(i.__0vsprintf$8) refers to printf8.o(i._printf_core) for _printf_core
    printf8.o(i.__0vsprintf$8) refers to printf8.o(i._sputc) for _sputc
    printf8.o(i._printf_core) refers to printf8.o(i._printf_pre_padding) for _printf_pre_padding
    printf8.o(i._printf_core) refers to uldiv.o(.text) for __aeabi_uldivmod
    printf8.o(i._printf_core) refers to printf8.o(i._printf_post_padding) for _printf_post_padding
    printfa.o(i.__0fprintf) refers (Special) to iusefp.o(.text) for __I$use$fp
    printfa.o(i.__0fprintf) refers to printfa.o(i._printf_core) for _printf_core
    printfa.o(i.__0fprintf) refers to ml_uart.o(i.fputc) for fputc
    printfa.o(i.__0printf) refers (Special) to iusefp.o(.text) for __I$use$fp
    printfa.o(i.__0printf) refers to printfa.o(i._printf_core) for _printf_core
    printfa.o(i.__0printf) refers to ml_uart.o(i.fputc) for fputc
    printfa.o(i.__0printf) refers to ml_uart.o(.data) for __stdout
    printfa.o(i.__0snprintf) refers (Special) to iusefp.o(.text) for __I$use$fp
    printfa.o(i.__0snprintf) refers to printfa.o(i._printf_core) for _printf_core
    printfa.o(i.__0snprintf) refers to printfa.o(i._snputc) for _snputc
    printfa.o(i.__0sprintf) refers (Special) to iusefp.o(.text) for __I$use$fp
    printfa.o(i.__0sprintf) refers to printfa.o(i._printf_core) for _printf_core
    printfa.o(i.__0sprintf) refers to printfa.o(i._sputc) for _sputc
    printfa.o(i.__0vfprintf) refers (Special) to iusefp.o(.text) for __I$use$fp
    printfa.o(i.__0vfprintf) refers to printfa.o(i._printf_core) for _printf_core
    printfa.o(i.__0vfprintf) refers to ml_uart.o(i.fputc) for fputc
    printfa.o(i.__0vprintf) refers (Special) to iusefp.o(.text) for __I$use$fp
    printfa.o(i.__0vprintf) refers to printfa.o(i._printf_core) for _printf_core
    printfa.o(i.__0vprintf) refers to ml_uart.o(i.fputc) for fputc
    printfa.o(i.__0vprintf) refers to ml_uart.o(.data) for __stdout
    printfa.o(i.__0vsnprintf) refers (Special) to iusefp.o(.text) for __I$use$fp
    printfa.o(i.__0vsnprintf) refers to printfa.o(i._printf_core) for _printf_core
    printfa.o(i.__0vsnprintf) refers to printfa.o(i._snputc) for _snputc
    printfa.o(i.__0vsprintf) refers (Special) to iusefp.o(.text) for __I$use$fp
    printfa.o(i.__0vsprintf) refers to printfa.o(i._printf_core) for _printf_core
    printfa.o(i.__0vsprintf) refers to printfa.o(i._sputc) for _sputc
    printfa.o(i._fp_digits) refers (Special) to iusefp.o(.text) for __I$use$fp
    printfa.o(i._fp_digits) refers to dmul.o(.text) for __aeabi_dmul
    printfa.o(i._fp_digits) refers to ddiv.o(.text) for __aeabi_ddiv
    printfa.o(i._fp_digits) refers to cdrcmple.o(.text) for __aeabi_cdrcmple
    printfa.o(i._fp_digits) refers to dadd.o(.text) for __aeabi_dadd
    printfa.o(i._fp_digits) refers to dfixul.o(.text) for __aeabi_d2ulz
    printfa.o(i._fp_digits) refers to uldiv.o(.text) for __aeabi_uldivmod
    printfa.o(i._printf_core) refers (Special) to iusefp.o(.text) for __I$use$fp
    printfa.o(i._printf_core) refers to printfa.o(i._printf_pre_padding) for _printf_pre_padding
    printfa.o(i._printf_core) refers to uldiv.o(.text) for __aeabi_uldivmod
    printfa.o(i._printf_core) refers to printfa.o(i._printf_post_padding) for _printf_post_padding
    printfa.o(i._printf_core) refers to printfa.o(i._fp_digits) for _fp_digits
    printfa.o(i._printf_core) refers to uidiv.o(.text) for __aeabi_uidivmod
    printfa.o(i._printf_post_padding) refers (Special) to iusefp.o(.text) for __I$use$fp
    printfa.o(i._printf_pre_padding) refers (Special) to iusefp.o(.text) for __I$use$fp
    printfa.o(i._snputc) refers (Special) to iusefp.o(.text) for __I$use$fp
    printfa.o(i._sputc) refers (Special) to iusefp.o(.text) for __I$use$fp
    fadd.o(.text) refers (Special) to iusefp.o(.text) for __I$use$fp
    fadd.o(.text) refers to fepilogue.o(.text) for _float_epilogue
    fmul.o(.text) refers (Special) to iusefp.o(.text) for __I$use$fp
    fdiv.o(.text) refers (Special) to iusefp.o(.text) for __I$use$fp
    fdiv.o(.text) refers to fepilogue.o(.text) for _float_round
    dadd.o(.text) refers (Special) to iusefp.o(.text) for __I$use$fp
    dadd.o(.text) refers to llshl.o(.text) for __aeabi_llsl
    dadd.o(.text) refers to llsshr.o(.text) for __aeabi_lasr
    dadd.o(.text) refers to depilogue.o(.text) for _double_epilogue
    dmul.o(.text) refers (Special) to iusefp.o(.text) for __I$use$fp
    dmul.o(.text) refers to depilogue.o(.text) for _double_epilogue
    ddiv.o(.text) refers (Special) to iusefp.o(.text) for __I$use$fp
    ddiv.o(.text) refers to depilogue.o(.text) for _double_round
    fflti.o(.text) refers (Special) to iusefp.o(.text) for __I$use$fp
    fflti.o(.text) refers to fepilogue.o(.text) for _float_epilogue
    ffltui.o(.text) refers (Special) to iusefp.o(.text) for __I$use$fp
    ffltui.o(.text) refers to fepilogue.o(.text) for _float_epilogue
    dflti.o(.text) refers (Special) to iusefp.o(.text) for __I$use$fp
    dflti.o(.text) refers to depilogue.o(.text) for _double_epilogue
    dfltui.o(.text) refers (Special) to iusefp.o(.text) for __I$use$fp
    dfltui.o(.text) refers to depilogue.o(.text) for _double_epilogue
    ffixi.o(.text) refers (Special) to iusefp.o(.text) for __I$use$fp
    ffixui.o(.text) refers (Special) to iusefp.o(.text) for __I$use$fp
    dfixi.o(.text) refers (Special) to iusefp.o(.text) for __I$use$fp
    dfixi.o(.text) refers to llushr.o(.text) for __aeabi_llsr
    f2d.o(.text) refers (Special) to iusefp.o(.text) for __I$use$fp
    d2f.o(.text) refers (Special) to iusefp.o(.text) for __I$use$fp
    d2f.o(.text) refers to fepilogue.o(.text) for _float_round
    cfcmple.o(.text) refers (Special) to iusefp.o(.text) for __I$use$fp
    cfrcmple.o(.text) refers (Special) to iusefp.o(.text) for __I$use$fp
    dunder.o(i.__mathlib_dbl_divzero) refers to ddiv.o(.text) for __aeabi_ddiv
    dunder.o(i.__mathlib_dbl_infnan) refers to dscalb.o(.text) for __ARM_scalbn
    dunder.o(i.__mathlib_dbl_infnan2) refers to dadd.o(.text) for __aeabi_dadd
    dunder.o(i.__mathlib_dbl_invalid) refers to ddiv.o(.text) for __aeabi_ddiv
    dunder.o(i.__mathlib_dbl_overflow) refers to dscalb.o(.text) for __ARM_scalbn
    dunder.o(i.__mathlib_dbl_posinfnan) refers to dmul.o(.text) for __aeabi_dmul
    dunder.o(i.__mathlib_dbl_underflow) refers to dscalb.o(.text) for __ARM_scalbn
    fpclassify.o(i.__ARM_fpclassify) refers (Special) to iusefp.o(.text) for __I$use$fp
    poly.o(i.__kernel_poly) refers (Special) to iusefp.o(.text) for __I$use$fp
    poly.o(i.__kernel_poly) refers to dmul.o(.text) for __aeabi_dmul
    poly.o(i.__kernel_poly) refers to dadd.o(.text) for __aeabi_dadd
    qnan.o(.constdata) refers (Special) to iusefp.o(.text) for __I$use$fp
    sqrt.o(i.__softfp_sqrt) refers (Special) to iusefp.o(.text) for __I$use$fp
    sqrt.o(i.__softfp_sqrt) refers to dsqrt.o(.text) for _dsqrt
    sqrt.o(i.__softfp_sqrt) refers to errno.o(i.__set_errno) for __set_errno
    sqrt.o(i.sqrt) refers (Special) to iusefp.o(.text) for __I$use$fp
    sqrt.o(i.sqrt) refers to dsqrt.o(.text) for _dsqrt
    sqrt.o(i.sqrt) refers to errno.o(i.__set_errno) for __set_errno
    sqrt_x.o(i.____softfp_sqrt$lsc) refers (Special) to iusefp.o(.text) for __I$use$fp
    sqrt_x.o(i.____softfp_sqrt$lsc) refers to cdcmple.o(.text) for __aeabi_cdcmple
    sqrt_x.o(i.____softfp_sqrt$lsc) refers to errno.o(i.__set_errno) for __set_errno
    sqrt_x.o(i.____softfp_sqrt$lsc) refers to dsqrt.o(.text) for _dsqrt
    sqrt_x.o(i.__sqrt$lsc) refers (Special) to iusefp.o(.text) for __I$use$fp
    sqrt_x.o(i.__sqrt$lsc) refers to cdcmple.o(.text) for __aeabi_cdcmple
    sqrt_x.o(i.__sqrt$lsc) refers to errno.o(i.__set_errno) for __set_errno
    sqrt_x.o(i.__sqrt$lsc) refers to dsqrt.o(.text) for _dsqrt
    entry2.o(.ARM.Collect$$$$00000001) refers to entry2.o(.ARM.Collect$$$$00002712) for __lit__00000000
    entry2.o(.ARM.Collect$$$$00002712) refers to startup_stm32f10x_md.o(STACK) for __initial_sp
    entry2.o(__vectab_stack_and_reset_area) refers to startup_stm32f10x_md.o(STACK) for __initial_sp
    entry2.o(__vectab_stack_and_reset_area) refers to entry.o(.ARM.Collect$$$$00000000) for __main
    entry5.o(.ARM.Collect$$$$00000004) refers to init.o(.text) for __scatterload
    entry9a.o(.ARM.Collect$$$$0000000B) refers to main.o(i.main) for main
    entry9b.o(.ARM.Collect$$$$0000000C) refers to main.o(i.main) for main
    uldiv.o(.text) refers to llushr.o(.text) for __aeabi_llsr
    uldiv.o(.text) refers to llshl.o(.text) for __aeabi_llsl
    errno.o(i.__aeabi_errno_addr) refers to errno.o(.data) for .data
    errno.o(i.__read_errno) refers to errno.o(.data) for .data
    errno.o(i.__set_errno) refers to errno.o(.data) for .data
    depilogue.o(.text) refers to llshl.o(.text) for __aeabi_llsl
    depilogue.o(.text) refers to llushr.o(.text) for __aeabi_llsr
    dfixul.o(.text) refers to llushr.o(.text) for __aeabi_llsr
    dfixul.o(.text) refers to llshl.o(.text) for __aeabi_llsl
    init.o(.text) refers to entry5.o(.ARM.Collect$$$$00000004) for __main_after_scatterload
    dsqrt.o(.text) refers to llushr.o(.text) for __aeabi_llsr
    dsqrt.o(.text) refers to depilogue.o(.text) for _double_round


==============================================================================

Removing Unused input sections from the image.

    Removing gray_track.o(i.sensor_test), (136 bytes).
    Removing filter.o(i.Mahony_Filter), (84 bytes).
    Removing grayscale_sensor.o(i.Grayscale_Sensor_Read_Single), (30 bytes).
    Removing system_stm32f10x.o(i.SystemCoreClockUpdate), (164 bytes).
    Removing system_stm32f10x.o(.data), (20 bytes).
    Removing startup_stm32f10x_md.o(HEAP), (512 bytes).
    Removing ml_delay.o(i.delay_s), (24 bytes).
    Removing ml_uart.o(i._sys_exit), (4 bytes).
    Removing ml_uart.o(i.uart_getbyte), (20 bytes).
    Removing ml_adc.o(i.adc_get), (64 bytes).
    Removing ml_adc.o(i.adc_init), (472 bytes).
    Removing ml_adc.o(i.adc_pin_init), (224 bytes).
    Removing ml_adc.o(.data), (12 bytes).
    Removing ml_mpu6050.o(i.MPU6050_Init), (52 bytes).
    Removing ml_mpu6050.o(i.MPU6050_Write), (46 bytes).
    Removing ml_i2c.o(i.I2C_SendAck), (34 bytes).
    Removing ml_oled.o(i.OLED_ShowBinNum), (62 bytes).
    Removing ml_oled.o(i.OLED_ShowFloat), (152 bytes).
    Removing ml_oled.o(i.OLED_ShowHexNum), (84 bytes).
    Removing ml_hmc5883l.o(i.HMC5883L_GetData), (96 bytes).
    Removing ml_hmc5883l.o(i.HMC5883L_Init), (28 bytes).
    Removing ml_hmc5883l.o(i.HMC5883L_Read), (64 bytes).
    Removing ml_hmc5883l.o(i.HMC5883L_Write), (46 bytes).
    Removing dfixi.o(.text), (62 bytes).
    Removing dsqrt.o(.text), (162 bytes).
    Removing cdcmple.o(.text), (48 bytes).

26 unused section(s) (total 2702 bytes) removed from the image.

==============================================================================

Image Symbol Table

    Local Symbols

    Symbol Name                              Value     Ov Type        Size  Object(Section)

    ../clib/../cmprslib/zerorunl2.c          0x00000000   Number         0  __dczerorl2.o ABSOLUTE
    ../clib/microlib/division.c              0x00000000   Number         0  uidiv.o ABSOLUTE
    ../clib/microlib/division.c              0x00000000   Number         0  uldiv.o ABSOLUTE
    ../clib/microlib/errno.c                 0x00000000   Number         0  errno.o ABSOLUTE
    ../clib/microlib/init/entry.s            0x00000000   Number         0  entry10a.o ABSOLUTE
    ../clib/microlib/init/entry.s            0x00000000   Number         0  entry9b.o ABSOLUTE
    ../clib/microlib/init/entry.s            0x00000000   Number         0  entry8b.o ABSOLUTE
    ../clib/microlib/init/entry.s            0x00000000   Number         0  entry8a.o ABSOLUTE
    ../clib/microlib/init/entry.s            0x00000000   Number         0  entry9a.o ABSOLUTE
    ../clib/microlib/init/entry.s            0x00000000   Number         0  entry7b.o ABSOLUTE
    ../clib/microlib/init/entry.s            0x00000000   Number         0  entry7a.o ABSOLUTE
    ../clib/microlib/init/entry.s            0x00000000   Number         0  entry.o ABSOLUTE
    ../clib/microlib/init/entry.s            0x00000000   Number         0  entry11a.o ABSOLUTE
    ../clib/microlib/init/entry.s            0x00000000   Number         0  entry10b.o ABSOLUTE
    ../clib/microlib/init/entry.s            0x00000000   Number         0  entry11b.o ABSOLUTE
    ../clib/microlib/init/entry.s            0x00000000   Number         0  entry2.o ABSOLUTE
    ../clib/microlib/init/entry.s            0x00000000   Number         0  entry5.o ABSOLUTE
    ../clib/microlib/longlong.c              0x00000000   Number         0  llsshr.o ABSOLUTE
    ../clib/microlib/longlong.c              0x00000000   Number         0  llshl.o ABSOLUTE
    ../clib/microlib/longlong.c              0x00000000   Number         0  llushr.o ABSOLUTE
    ../clib/microlib/printf/printf.c         0x00000000   Number         0  printf0.o ABSOLUTE
    ../clib/microlib/printf/printf.c         0x00000000   Number         0  printf1.o ABSOLUTE
    ../clib/microlib/printf/printf.c         0x00000000   Number         0  printf4.o ABSOLUTE
    ../clib/microlib/printf/printf.c         0x00000000   Number         0  printf6.o ABSOLUTE
    ../clib/microlib/printf/printf.c         0x00000000   Number         0  printf7.o ABSOLUTE
    ../clib/microlib/printf/printf.c         0x00000000   Number         0  printfb.o ABSOLUTE
    ../clib/microlib/printf/printf.c         0x00000000   Number         0  printf5.o ABSOLUTE
    ../clib/microlib/printf/printf.c         0x00000000   Number         0  printf8.o ABSOLUTE
    ../clib/microlib/printf/printf.c         0x00000000   Number         0  printf3.o ABSOLUTE
    ../clib/microlib/printf/printf.c         0x00000000   Number         0  printfa.o ABSOLUTE
    ../clib/microlib/printf/printf.c         0x00000000   Number         0  printf2.o ABSOLUTE
    ../clib/microlib/printf/stubs.s          0x00000000   Number         0  stubs.o ABSOLUTE
    ../clib/microlib/string/strcpy.c         0x00000000   Number         0  strcpy.o ABSOLUTE
    ../clib/microlib/stubs.s                 0x00000000   Number         0  useno.o ABSOLUTE
    ../clib/microlib/stubs.s                 0x00000000   Number         0  iusefp.o ABSOLUTE
    ../fplib/microlib/d2f.c                  0x00000000   Number         0  d2f.o ABSOLUTE
    ../fplib/microlib/f2d.c                  0x00000000   Number         0  f2d.o ABSOLUTE
    ../fplib/microlib/fpadd.c                0x00000000   Number         0  dadd.o ABSOLUTE
    ../fplib/microlib/fpadd.c                0x00000000   Number         0  fadd.o ABSOLUTE
    ../fplib/microlib/fpdiv.c                0x00000000   Number         0  fdiv.o ABSOLUTE
    ../fplib/microlib/fpdiv.c                0x00000000   Number         0  ddiv.o ABSOLUTE
    ../fplib/microlib/fpepilogue.c           0x00000000   Number         0  fepilogue.o ABSOLUTE
    ../fplib/microlib/fpepilogue.c           0x00000000   Number         0  depilogue.o ABSOLUTE
    ../fplib/microlib/fpfix.c                0x00000000   Number         0  dfixi.o ABSOLUTE
    ../fplib/microlib/fpfix.c                0x00000000   Number         0  ffixui.o ABSOLUTE
    ../fplib/microlib/fpfix.c                0x00000000   Number         0  ffixi.o ABSOLUTE
    ../fplib/microlib/fpfix.c                0x00000000   Number         0  dfixul.o ABSOLUTE
    ../fplib/microlib/fpflt.c                0x00000000   Number         0  dfltui.o ABSOLUTE
    ../fplib/microlib/fpflt.c                0x00000000   Number         0  dflti.o ABSOLUTE
    ../fplib/microlib/fpflt.c                0x00000000   Number         0  ffltui.o ABSOLUTE
    ../fplib/microlib/fpflt.c                0x00000000   Number         0  fflti.o ABSOLUTE
    ../fplib/microlib/fpmul.c                0x00000000   Number         0  dmul.o ABSOLUTE
    ../fplib/microlib/fpmul.c                0x00000000   Number         0  fmul.o ABSOLUTE
    ../fplib/microlib/fpscalb.c              0x00000000   Number         0  dscalb.o ABSOLUTE
    ../fplib/microlib/fpsqrt.c               0x00000000   Number         0  dsqrt.o ABSOLUTE
    ../mathlib/atan.c                        0x00000000   Number         0  atan_x.o ABSOLUTE
    ../mathlib/atan.c                        0x00000000   Number         0  atan.o ABSOLUTE
    ../mathlib/atan2.c                       0x00000000   Number         0  atan2.o ABSOLUTE
    ../mathlib/atan2.c                       0x00000000   Number         0  atan2_x.o ABSOLUTE
    ../mathlib/dunder.c                      0x00000000   Number         0  dunder.o ABSOLUTE
    ../mathlib/fpclassify.c                  0x00000000   Number         0  fpclassify.o ABSOLUTE
    ../mathlib/poly.c                        0x00000000   Number         0  poly.o ABSOLUTE
    ../mathlib/pow.c                         0x00000000   Number         0  pow_x.o ABSOLUTE
    ../mathlib/pow.c                         0x00000000   Number         0  pow.o ABSOLUTE
    ../mathlib/qnan.c                        0x00000000   Number         0  qnan.o ABSOLUTE
    ../mathlib/sqrt.c                        0x00000000   Number         0  sqrt.o ABSOLUTE
    ../mathlib/sqrt.c                        0x00000000   Number         0  sqrt_x.o ABSOLUTE
    ..\ML_LIBS\ml_adc.c                      0x00000000   Number         0  ml_adc.o ABSOLUTE
    ..\ML_LIBS\ml_delay.c                    0x00000000   Number         0  ml_delay.o ABSOLUTE
    ..\ML_LIBS\ml_exti.c                     0x00000000   Number         0  ml_exti.o ABSOLUTE
    ..\ML_LIBS\ml_gpio.c                     0x00000000   Number         0  ml_gpio.o ABSOLUTE
    ..\ML_LIBS\ml_nvic.c                     0x00000000   Number         0  ml_nvic.o ABSOLUTE
    ..\ML_LIBS\ml_pwm.c                      0x00000000   Number         0  ml_pwm.o ABSOLUTE
    ..\ML_LIBS\ml_tim.c                      0x00000000   Number         0  ml_tim.o ABSOLUTE
    ..\ML_LIBS\ml_uart.c                     0x00000000   Number         0  ml_uart.o ABSOLUTE
    ..\code\filter.c                         0x00000000   Number         0  filter.o ABSOLUTE
    ..\code\gray_track.c                     0x00000000   Number         0  gray_track.o ABSOLUTE
    ..\code\grayscale_sensor.c               0x00000000   Number         0  grayscale_sensor.o ABSOLUTE
    ..\code\motor.c                          0x00000000   Number         0  motor.o ABSOLUTE
    ..\code\pid.c                            0x00000000   Number         0  pid.o ABSOLUTE
    ..\code\uart_tune.c                      0x00000000   Number         0  uart_tune.o ABSOLUTE
    ..\ml_libs\ml_hmc5883l.c                 0x00000000   Number         0  ml_hmc5883l.o ABSOLUTE
    ..\ml_libs\ml_i2c.c                      0x00000000   Number         0  ml_i2c.o ABSOLUTE
    ..\ml_libs\ml_mpu6050.c                  0x00000000   Number         0  ml_mpu6050.o ABSOLUTE
    ..\ml_libs\ml_oled.c                     0x00000000   Number         0  ml_oled.o ABSOLUTE
    ..\sys\startup_stm32f10x_md.s            0x00000000   Number         0  startup_stm32f10x_md.o ABSOLUTE
    ..\sys\system_stm32f10x.c                0x00000000   Number         0  system_stm32f10x.o ABSOLUTE
    cdcmple.s                                0x00000000   Number         0  cdcmple.o ABSOLUTE
    cdrcmple.s                               0x00000000   Number         0  cdrcmple.o ABSOLUTE
    cfcmple.s                                0x00000000   Number         0  cfcmple.o ABSOLUTE
    cfrcmple.s                               0x00000000   Number         0  cfrcmple.o ABSOLUTE
    dc.s                                     0x00000000   Number         0  dc.o ABSOLUTE
    handlers.s                               0x00000000   Number         0  handlers.o ABSOLUTE
    init.s                                   0x00000000   Number         0  init.o ABSOLUTE
    isr.c                                    0x00000000   Number         0  isr.o ABSOLUTE
    main.c                                   0x00000000   Number         0  main.o ABSOLUTE
    RESET                                    0x08000000   Section      236  startup_stm32f10x_md.o(RESET)
    .ARM.Collect$$$$00000000                 0x080000ec   Section        0  entry.o(.ARM.Collect$$$$00000000)
    .ARM.Collect$$$$00000001                 0x080000ec   Section        4  entry2.o(.ARM.Collect$$$$00000001)
    .ARM.Collect$$$$00000004                 0x080000f0   Section        4  entry5.o(.ARM.Collect$$$$00000004)
    .ARM.Collect$$$$00000008                 0x080000f4   Section        0  entry7b.o(.ARM.Collect$$$$00000008)
    .ARM.Collect$$$$0000000A                 0x080000f4   Section        0  entry8b.o(.ARM.Collect$$$$0000000A)
    .ARM.Collect$$$$0000000B                 0x080000f4   Section        8  entry9a.o(.ARM.Collect$$$$0000000B)
    .ARM.Collect$$$$0000000D                 0x080000fc   Section        0  entry10a.o(.ARM.Collect$$$$0000000D)
    .ARM.Collect$$$$0000000F                 0x080000fc   Section        0  entry11a.o(.ARM.Collect$$$$0000000F)
    .ARM.Collect$$$$00002712                 0x080000fc   Section        4  entry2.o(.ARM.Collect$$$$00002712)
    __lit__00000000                          0x080000fc   Data           4  entry2.o(.ARM.Collect$$$$00002712)
    .text                                    0x08000100   Section       36  startup_stm32f10x_md.o(.text)
    .text                                    0x08000124   Section        0  strcpy.o(.text)
    .text                                    0x08000136   Section        0  fadd.o(.text)
    .text                                    0x080001e6   Section        0  fmul.o(.text)
    .text                                    0x0800024a   Section        0  fdiv.o(.text)
    .text                                    0x080002c6   Section        0  dadd.o(.text)
    .text                                    0x08000414   Section        0  dmul.o(.text)
    .text                                    0x080004f8   Section        0  ddiv.o(.text)
    .text                                    0x080005d6   Section        0  fflti.o(.text)
    .text                                    0x080005e8   Section        0  ffltui.o(.text)
    .text                                    0x080005f2   Section        0  dflti.o(.text)
    .text                                    0x08000614   Section        0  dfltui.o(.text)
    .text                                    0x0800062e   Section        0  ffixi.o(.text)
    .text                                    0x08000660   Section        0  ffixui.o(.text)
    .text                                    0x08000688   Section        0  f2d.o(.text)
    .text                                    0x080006ae   Section        0  d2f.o(.text)
    .text                                    0x080006e8   Section       20  cfcmple.o(.text)
    .text                                    0x080006fc   Section       20  cfrcmple.o(.text)
    .text                                    0x08000710   Section        0  uidiv.o(.text)
    .text                                    0x0800073c   Section        0  uldiv.o(.text)
    .text                                    0x0800079e   Section        0  llshl.o(.text)
    .text                                    0x080007bc   Section        0  llushr.o(.text)
    .text                                    0x080007dc   Section        0  llsshr.o(.text)
    .text                                    0x08000800   Section        0  fepilogue.o(.text)
    .text                                    0x08000800   Section        0  iusefp.o(.text)
    .text                                    0x0800086e   Section        0  depilogue.o(.text)
    .text                                    0x08000928   Section        0  dscalb.o(.text)
    .text                                    0x08000956   Section        0  dfixul.o(.text)
    .text                                    0x08000988   Section       48  cdrcmple.o(.text)
    .text                                    0x080009b8   Section       36  init.o(.text)
    .text                                    0x080009dc   Section        0  __dczerorl2.o(.text)
    i.EXTI0_IRQHandler                       0x08000a34   Section        0  isr.o(i.EXTI0_IRQHandler)
    i.EXTI1_IRQHandler                       0x08000d34   Section        0  isr.o(i.EXTI1_IRQHandler)
    i.EXTI2_IRQHandler                       0x08000d4c   Section        0  isr.o(i.EXTI2_IRQHandler)
    i.EXTI3_IRQHandler                       0x08000d64   Section        0  isr.o(i.EXTI3_IRQHandler)
    i.EXTI4_IRQHandler                       0x08000d7c   Section        0  isr.o(i.EXTI4_IRQHandler)
    i.EXTI9_5_IRQHandler                     0x08000db8   Section        0  isr.o(i.EXTI9_5_IRQHandler)
    i.Grayscale_Sensor_Init                  0x08000e38   Section        0  grayscale_sensor.o(i.Grayscale_Sensor_Init)
    i.Grayscale_Sensor_Read_All              0x08000eac   Section        0  grayscale_sensor.o(i.Grayscale_Sensor_Read_All)
    i.I2C_Init                               0x08000ed2   Section        0  ml_i2c.o(i.I2C_Init)
    i.I2C_NotSendAck                         0x08000efe   Section        0  ml_i2c.o(i.I2C_NotSendAck)
    i.I2C_ReceiveByte                        0x08000f20   Section        0  ml_i2c.o(i.I2C_ReceiveByte)
    i.I2C_SendByte                           0x08000f60   Section        0  ml_i2c.o(i.I2C_SendByte)
    i.I2C_Start                              0x08000fa2   Section        0  ml_i2c.o(i.I2C_Start)
    i.I2C_Stop                               0x08000fce   Section        0  ml_i2c.o(i.I2C_Stop)
    i.I2C_WaitAck                            0x08000ff0   Section        0  ml_i2c.o(i.I2C_WaitAck)
    i.Kalman_Filter                          0x08001020   Section        0  filter.o(i.Kalman_Filter)
    i.MPU6050_GetData                        0x08001160   Section        0  ml_mpu6050.o(i.MPU6050_GetData)
    i.MPU6050_Read                           0x08001218   Section        0  ml_mpu6050.o(i.MPU6050_Read)
    i.NVIC_Group_Config                      0x08001258   Section        0  ml_nvic.o(i.NVIC_Group_Config)
    i.NVIC_init                              0x08001280   Section        0  ml_nvic.o(i.NVIC_init)
    i.OLED_Clear                             0x080012cc   Section        0  ml_oled.o(i.OLED_Clear)
    i.OLED_I2C_Init                          0x080012f6   Section        0  ml_oled.o(i.OLED_I2C_Init)
    i.OLED_I2C_SendByte                      0x08001322   Section        0  ml_oled.o(i.OLED_I2C_SendByte)
    i.OLED_I2C_Start                         0x0800136c   Section        0  ml_oled.o(i.OLED_I2C_Start)
    i.OLED_I2C_Stop                          0x08001398   Section        0  ml_oled.o(i.OLED_I2C_Stop)
    i.OLED_Init                              0x080013ba   Section        0  ml_oled.o(i.OLED_Init)
    i.OLED_Pow                               0x08001470   Section        0  ml_oled.o(i.OLED_Pow)
    i.OLED_SetCursor                         0x08001484   Section        0  ml_oled.o(i.OLED_SetCursor)
    i.OLED_ShowChar                          0x080014a8   Section        0  ml_oled.o(i.OLED_ShowChar)
    i.OLED_ShowNum                           0x0800151c   Section        0  ml_oled.o(i.OLED_ShowNum)
    i.OLED_ShowSignedNum                     0x08001560   Section        0  ml_oled.o(i.OLED_ShowSignedNum)
    i.OLED_ShowString                        0x080015c6   Section        0  ml_oled.o(i.OLED_ShowString)
    i.OLED_WriteCommand                      0x080015ee   Section        0  ml_oled.o(i.OLED_WriteCommand)
    i.OLED_WriteData                         0x0800160e   Section        0  ml_oled.o(i.OLED_WriteData)
    i.Read_OUT_value                         0x0800162e   Section        0  grayscale_sensor.o(i.Read_OUT_value)
    Read_OUT_value                           0x0800162f   Thumb Code    12  grayscale_sensor.o(i.Read_OUT_value)
    i.SetSysClock                            0x0800163a   Section        0  system_stm32f10x.o(i.SetSysClock)
    SetSysClock                              0x0800163b   Thumb Code     8  system_stm32f10x.o(i.SetSysClock)
    i.SetSysClockTo72                        0x08001644   Section        0  system_stm32f10x.o(i.SetSysClockTo72)
    SetSysClockTo72                          0x08001645   Thumb Code   214  system_stm32f10x.o(i.SetSysClockTo72)
    i.SystemInit                             0x08001724   Section        0  system_stm32f10x.o(i.SystemInit)
    i.TIM2_IRQHandler                        0x08001784   Section        0  isr.o(i.TIM2_IRQHandler)
    i.TIM3_IRQHandler                        0x080017a4   Section        0  isr.o(i.TIM3_IRQHandler)
    i.TIM4_IRQHandler                        0x080017d4   Section        0  isr.o(i.TIM4_IRQHandler)
    i.USART1_IRQHandler                      0x080017f0   Section        0  isr.o(i.USART1_IRQHandler)
    i.USART2_IRQHandler                      0x0800180c   Section        0  isr.o(i.USART2_IRQHandler)
    i.USART3_IRQHandler                      0x08001828   Section        0  isr.o(i.USART3_IRQHandler)
    i.__0printf                              0x08001854   Section        0  printfa.o(i.__0printf)
    i.__0sprintf                             0x08001874   Section        0  printfa.o(i.__0sprintf)
    i.__ARM_fpclassify                       0x0800189c   Section        0  fpclassify.o(i.__ARM_fpclassify)
    i.__kernel_poly                          0x080018c4   Section        0  poly.o(i.__kernel_poly)
    i.__mathlib_dbl_infnan                   0x0800196e   Section        0  dunder.o(i.__mathlib_dbl_infnan)
    i.__mathlib_dbl_infnan2                  0x08001974   Section        0  dunder.o(i.__mathlib_dbl_infnan2)
    i.__mathlib_dbl_underflow                0x08001978   Section        0  dunder.o(i.__mathlib_dbl_underflow)
    i.__scatterload_copy                     0x08001988   Section       14  handlers.o(i.__scatterload_copy)
    i.__scatterload_null                     0x08001996   Section        2  handlers.o(i.__scatterload_null)
    i.__scatterload_zeroinit                 0x08001998   Section       14  handlers.o(i.__scatterload_zeroinit)
    i._delay_us                              0x080019a6   Section        0  grayscale_sensor.o(i._delay_us)
    _delay_us                                0x080019a7   Thumb Code    10  grayscale_sensor.o(i._delay_us)
    i._fp_digits                             0x080019b0   Section        0  printfa.o(i._fp_digits)
    _fp_digits                               0x080019b1   Thumb Code   366  printfa.o(i._fp_digits)
    i._printf_core                           0x08001b34   Section        0  printfa.o(i._printf_core)
    _printf_core                             0x08001b35   Thumb Code  1744  printfa.o(i._printf_core)
    i._printf_post_padding                   0x08002210   Section        0  printfa.o(i._printf_post_padding)
    _printf_post_padding                     0x08002211   Thumb Code    36  printfa.o(i._printf_post_padding)
    i._printf_pre_padding                    0x08002234   Section        0  printfa.o(i._printf_pre_padding)
    _printf_pre_padding                      0x08002235   Thumb Code    46  printfa.o(i._printf_pre_padding)
    i._select_channel                        0x08002264   Section        0  grayscale_sensor.o(i._select_channel)
    _select_channel                          0x08002265   Thumb Code    92  grayscale_sensor.o(i._select_channel)
    i._sputc                                 0x080022c4   Section        0  printfa.o(i._sputc)
    _sputc                                   0x080022c5   Thumb Code    10  printfa.o(i._sputc)
    i.atan                                   0x080022d0   Section        0  atan.o(i.atan)
    i.atan2                                  0x080024f0   Section        0  atan2.o(i.atan2)
    i.datavision_send                        0x08002670   Section        0  pid.o(i.datavision_send)
    i.delay_ms                               0x080026e4   Section        0  ml_delay.o(i.delay_ms)
    i.delay_us                               0x080026fc   Section        0  ml_delay.o(i.delay_us)
    i.digtal                                 0x0800272c   Section        0  gray_track.o(i.digtal)
    i.encoder_init                           0x08002748   Section        0  motor.o(i.encoder_init)
    i.exti_init                              0x08002774   Section        0  ml_exti.o(i.exti_init)
    i.exti_pin_init                          0x08002880   Section        0  ml_exti.o(i.exti_pin_init)
    i.fputc                                  0x080029c8   Section        0  ml_uart.o(i.fputc)
    i.gpio_get                               0x080029e4   Section        0  ml_gpio.o(i.gpio_get)
    i.gpio_init                              0x08002a08   Section        0  ml_gpio.o(i.gpio_init)
    i.gpio_set                               0x08002bac   Section        0  ml_gpio.o(i.gpio_set)
    i.main                                   0x08002bec   Section        0  main.o(i.main)
    i.motorA_duty                            0x08002e60   Section        0  motor.o(i.motorA_duty)
    i.motorB_duty                            0x08002e98   Section        0  motor.o(i.motorB_duty)
    i.motor_init                             0x08002ed0   Section        0  motor.o(i.motor_init)
    i.motor_target_set                       0x08002f14   Section        0  pid.o(i.motor_target_set)
    i.pid_cal                                0x08002f78   Section        0  pid.o(i.pid_cal)
    i.pid_control                            0x0800303c   Section        0  pid.o(i.pid_control)
    i.pid_init                               0x080030e0   Section        0  pid.o(i.pid_init)
    i.pidout_limit                           0x080030f0   Section        0  pid.o(i.pidout_limit)
    i.pwm_init                               0x08003118   Section        0  ml_pwm.o(i.pwm_init)
    i.pwm_pin_init                           0x08003288   Section        0  ml_pwm.o(i.pwm_pin_init)
    i.pwm_update                             0x08003334   Section        0  ml_pwm.o(i.pwm_update)
    i.tim_interrupt_ms_init                  0x08003448   Section        0  ml_tim.o(i.tim_interrupt_ms_init)
    i.track                                  0x080034b8   Section        0  gray_track.o(i.track)
    i.tune_apply_speed_scale                 0x08003850   Section        0  uart_tune.o(i.tune_apply_speed_scale)
    tune_apply_speed_scale                   0x08003851   Thumb Code   172  uart_tune.o(i.tune_apply_speed_scale)
    i.tune_parse_float                       0x08003920   Section        0  uart_tune.o(i.tune_parse_float)
    tune_parse_float                         0x08003921   Thumb Code   178  uart_tune.o(i.tune_parse_float)
    i.tune_print_help                        0x080039dc   Section        0  uart_tune.o(i.tune_print_help)
    tune_print_help                          0x080039dd   Thumb Code   132  uart_tune.o(i.tune_print_help)
    i.tune_print_status                      0x08003a7c   Section        0  uart_tune.o(i.tune_print_status)
    tune_print_status                        0x08003a7d   Thumb Code   244  uart_tune.o(i.tune_print_status)
    i.uart_baud_config                       0x08003b98   Section        0  ml_uart.o(i.uart_baud_config)
    i.uart_init                              0x08003c38   Section        0  ml_uart.o(i.uart_init)
    i.uart_pin_init                          0x08003c9c   Section        0  ml_uart.o(i.uart_pin_init)
    i.uart_sendbyte                          0x08003cf4   Section        0  ml_uart.o(i.uart_sendbyte)
    i.uart_sendstr                           0x08003d14   Section        0  ml_uart.o(i.uart_sendstr)
    i.uart_tune_init                         0x08003d30   Section        0  uart_tune.o(i.uart_tune_init)
    i.uart_tune_process                      0x08003d98   Section        0  uart_tune.o(i.uart_tune_process)
    i.uart_tune_rx_isr                       0x08004000   Section        0  uart_tune.o(i.uart_tune_rx_isr)
    .constdata                               0x08004038   Section     1520  ml_oled.o(.constdata)
    .constdata                               0x08004628   Section      152  atan.o(.constdata)
    atanhi                                   0x08004628   Data          32  atan.o(.constdata)
    atanlo                                   0x08004648   Data          32  atan.o(.constdata)
    aTodd                                    0x08004668   Data          40  atan.o(.constdata)
    aTeven                                   0x08004690   Data          48  atan.o(.constdata)
    .constdata                               0x080046c0   Section        8  qnan.o(.constdata)
    .conststring                             0x080046c8   Section       31  gray_track.o(.conststring)
    .conststring                             0x080046e8   Section      560  uart_tune.o(.conststring)
    .data                                    0x20000000   Section        4  isr.o(.data)
    .data                                    0x20000004   Section       16  motor.o(.data)
    .data                                    0x20000014   Section       64  gray_track.o(.data)
    ever_seen_line                           0x2000004a   Data           1  gray_track.o(.data)
    last_valid_error                         0x2000004c   Data           4  gray_track.o(.data)
    prev_error                               0x20000050   Data           4  gray_track.o(.data)
    .data                                    0x20000054   Section      144  filter.o(.data)
    .data                                    0x200000e4   Section        3  uart_tune.o(.data)
    rx_head                                  0x200000e4   Data           1  uart_tune.o(.data)
    rx_tail                                  0x200000e5   Data           1  uart_tune.o(.data)
    cmd_idx                                  0x200000e6   Data           1  uart_tune.o(.data)
    .data                                    0x200000e8   Section       12  ml_gpio.o(.data)
    .data                                    0x200000f4   Section       12  ml_tim.o(.data)
    .data                                    0x20000100   Section       16  ml_uart.o(.data)
    .data                                    0x20000110   Section       48  ml_mpu6050.o(.data)
    .data                                    0x20000140   Section       12  ml_hmc5883l.o(.data)
    .bss                                     0x2000014c   Section      156  pid.o(.bss)
    .bss                                     0x200001e8   Section       16  gray_track.o(.bss)
    .bss                                     0x200001f8   Section       96  uart_tune.o(.bss)
    rx_buf                                   0x200001f8   Data          64  uart_tune.o(.bss)
    cmd_buf                                  0x20000238   Data          32  uart_tune.o(.bss)
    STACK                                    0x20000258   Section     1024  startup_stm32f10x_md.o(STACK)

    Global Symbols

    Symbol Name                              Value     Ov Type        Size  Object(Section)

    BuildAttributes$$THM_ISAv4$P$D$K$B$S$PE$A:L22UL41UL21$X:L11$S22US41US21$IEEE1$IW$USESV6$~STKCKD$USESV7$~SHL$OTIME$ROPI$IEEEX$EBA8$MICROLIB$REQ8$PRES8$EABIv2 0x00000000   Number         0  anon$$obj.o ABSOLUTE
    __ARM_use_no_argv                        0x00000000   Number         0  main.o ABSOLUTE
    __use_no_errno                           0x00000000   Number         0  useno.o ABSOLUTE
    __use_no_exception_handling              0x00000000   Number         0  useno.o ABSOLUTE
    __use_no_fp                              0x00000000   Number         0  useno.o ABSOLUTE
    __use_no_heap                            0x00000000   Number         0  useno.o ABSOLUTE
    __use_no_heap_region                     0x00000000   Number         0  useno.o ABSOLUTE
    __use_no_semihosting                     0x00000000   Number         0  useno.o ABSOLUTE
    __use_no_semihosting_swi                 0x00000000   Number         0  useno.o ABSOLUTE
    __use_no_signal_handling                 0x00000000   Number         0  useno.o ABSOLUTE
    _printf_a                                0x00000000   Number         0  stubs.o ABSOLUTE
    _printf_c                                0x00000000   Number         0  stubs.o ABSOLUTE
    _printf_charcount                        0x00000000   Number         0  stubs.o ABSOLUTE
    _printf_d                                0x00000000   Number         0  stubs.o ABSOLUTE
    _printf_e                                0x00000000   Number         0  stubs.o ABSOLUTE
    _printf_f                                0x00000000   Number         0  stubs.o ABSOLUTE
    _printf_flags                            0x00000000   Number         0  stubs.o ABSOLUTE
    _printf_fp_dec                           0x00000000   Number         0  stubs.o ABSOLUTE
    _printf_fp_hex                           0x00000000   Number         0  stubs.o ABSOLUTE
    _printf_g                                0x00000000   Number         0  stubs.o ABSOLUTE
    _printf_i                                0x00000000   Number         0  stubs.o ABSOLUTE
    _printf_int_dec                          0x00000000   Number         0  stubs.o ABSOLUTE
    _printf_l                                0x00000000   Number         0  stubs.o ABSOLUTE
    _printf_lc                               0x00000000   Number         0  stubs.o ABSOLUTE
    _printf_ll                               0x00000000   Number         0  stubs.o ABSOLUTE
    _printf_lld                              0x00000000   Number         0  stubs.o ABSOLUTE
    _printf_lli                              0x00000000   Number         0  stubs.o ABSOLUTE
    _printf_llo                              0x00000000   Number         0  stubs.o ABSOLUTE
    _printf_llu                              0x00000000   Number         0  stubs.o ABSOLUTE
    _printf_llx                              0x00000000   Number         0  stubs.o ABSOLUTE
    _printf_longlong_dec                     0x00000000   Number         0  stubs.o ABSOLUTE
    _printf_longlong_hex                     0x00000000   Number         0  stubs.o ABSOLUTE
    _printf_longlong_oct                     0x00000000   Number         0  stubs.o ABSOLUTE
    _printf_ls                               0x00000000   Number         0  stubs.o ABSOLUTE
    _printf_mbtowc                           0x00000000   Number         0  stubs.o ABSOLUTE
    _printf_n                                0x00000000   Number         0  stubs.o ABSOLUTE
    _printf_o                                0x00000000   Number         0  stubs.o ABSOLUTE
    _printf_p                                0x00000000   Number         0  stubs.o ABSOLUTE
    _printf_percent                          0x00000000   Number         0  stubs.o ABSOLUTE
    _printf_pre_padding                      0x00000000   Number         0  stubs.o ABSOLUTE
    _printf_return_value                     0x00000000   Number         0  stubs.o ABSOLUTE
    _printf_s                                0x00000000   Number         0  stubs.o ABSOLUTE
    _printf_sizespec                         0x00000000   Number         0  stubs.o ABSOLUTE
    _printf_str                              0x00000000   Number         0  stubs.o ABSOLUTE
    _printf_truncate_signed                  0x00000000   Number         0  stubs.o ABSOLUTE
    _printf_truncate_unsigned                0x00000000   Number         0  stubs.o ABSOLUTE
    _printf_u                                0x00000000   Number         0  stubs.o ABSOLUTE
    _printf_wc                               0x00000000   Number         0  stubs.o ABSOLUTE
    _printf_wctomb                           0x00000000   Number         0  stubs.o ABSOLUTE
    _printf_widthprec                        0x00000000   Number         0  stubs.o ABSOLUTE
    _printf_x                                0x00000000   Number         0  stubs.o ABSOLUTE
    __cpp_initialize__aeabi_                  - Undefined Weak Reference
    __cxa_finalize                            - Undefined Weak Reference
    _clock_init                               - Undefined Weak Reference
    _microlib_exit                            - Undefined Weak Reference
    __Vectors_Size                           0x000000ec   Number         0  startup_stm32f10x_md.o ABSOLUTE
    __Vectors                                0x08000000   Data           4  startup_stm32f10x_md.o(RESET)
    __Vectors_End                            0x080000ec   Data           0  startup_stm32f10x_md.o(RESET)
    __main                                   0x080000ed   Thumb Code     0  entry.o(.ARM.Collect$$$$00000000)
    _main_stk                                0x080000ed   Thumb Code     0  entry2.o(.ARM.Collect$$$$00000001)
    _main_scatterload                        0x080000f1   Thumb Code     0  entry5.o(.ARM.Collect$$$$00000004)
    __main_after_scatterload                 0x080000f5   Thumb Code     0  entry5.o(.ARM.Collect$$$$00000004)
    _main_clock                              0x080000f5   Thumb Code     0  entry7b.o(.ARM.Collect$$$$00000008)
    _main_cpp_init                           0x080000f5   Thumb Code     0  entry8b.o(.ARM.Collect$$$$0000000A)
    _main_init                               0x080000f5   Thumb Code     0  entry9a.o(.ARM.Collect$$$$0000000B)
    __rt_final_cpp                           0x080000fd   Thumb Code     0  entry10a.o(.ARM.Collect$$$$0000000D)
    __rt_final_exit                          0x080000fd   Thumb Code     0  entry11a.o(.ARM.Collect$$$$0000000F)
    Reset_Handler                            0x08000101   Thumb Code     8  startup_stm32f10x_md.o(.text)
    NMI_Handler                              0x08000109   Thumb Code     2  startup_stm32f10x_md.o(.text)
    HardFault_Handler                        0x0800010b   Thumb Code     2  startup_stm32f10x_md.o(.text)
    MemManage_Handler                        0x0800010d   Thumb Code     2  startup_stm32f10x_md.o(.text)
    BusFault_Handler                         0x0800010f   Thumb Code     2  startup_stm32f10x_md.o(.text)
    UsageFault_Handler                       0x08000111   Thumb Code     2  startup_stm32f10x_md.o(.text)
    SVC_Handler                              0x08000113   Thumb Code     2  startup_stm32f10x_md.o(.text)
    DebugMon_Handler                         0x08000115   Thumb Code     2  startup_stm32f10x_md.o(.text)
    PendSV_Handler                           0x08000117   Thumb Code     2  startup_stm32f10x_md.o(.text)
    SysTick_Handler                          0x08000119   Thumb Code     2  startup_stm32f10x_md.o(.text)
    ADC1_2_IRQHandler                        0x0800011b   Thumb Code     0  startup_stm32f10x_md.o(.text)
    CAN1_RX1_IRQHandler                      0x0800011b   Thumb Code     0  startup_stm32f10x_md.o(.text)
    CAN1_SCE_IRQHandler                      0x0800011b   Thumb Code     0  startup_stm32f10x_md.o(.text)
    DMA1_Channel1_IRQHandler                 0x0800011b   Thumb Code     0  startup_stm32f10x_md.o(.text)
    DMA1_Channel2_IRQHandler                 0x0800011b   Thumb Code     0  startup_stm32f10x_md.o(.text)
    DMA1_Channel3_IRQHandler                 0x0800011b   Thumb Code     0  startup_stm32f10x_md.o(.text)
    DMA1_Channel4_IRQHandler                 0x0800011b   Thumb Code     0  startup_stm32f10x_md.o(.text)
    DMA1_Channel5_IRQHandler                 0x0800011b   Thumb Code     0  startup_stm32f10x_md.o(.text)
    DMA1_Channel6_IRQHandler                 0x0800011b   Thumb Code     0  startup_stm32f10x_md.o(.text)
    DMA1_Channel7_IRQHandler                 0x0800011b   Thumb Code     0  startup_stm32f10x_md.o(.text)
    EXTI15_10_IRQHandler                     0x0800011b   Thumb Code     0  startup_stm32f10x_md.o(.text)
    FLASH_IRQHandler                         0x0800011b   Thumb Code     0  startup_stm32f10x_md.o(.text)
    I2C1_ER_IRQHandler                       0x0800011b   Thumb Code     0  startup_stm32f10x_md.o(.text)
    I2C1_EV_IRQHandler                       0x0800011b   Thumb Code     0  startup_stm32f10x_md.o(.text)
    I2C2_ER_IRQHandler                       0x0800011b   Thumb Code     0  startup_stm32f10x_md.o(.text)
    I2C2_EV_IRQHandler                       0x0800011b   Thumb Code     0  startup_stm32f10x_md.o(.text)
    PVD_IRQHandler                           0x0800011b   Thumb Code     0  startup_stm32f10x_md.o(.text)
    RCC_IRQHandler                           0x0800011b   Thumb Code     0  startup_stm32f10x_md.o(.text)
    RTCAlarm_IRQHandler                      0x0800011b   Thumb Code     0  startup_stm32f10x_md.o(.text)
    RTC_IRQHandler                           0x0800011b   Thumb Code     0  startup_stm32f10x_md.o(.text)
    SPI1_IRQHandler                          0x0800011b   Thumb Code     0  startup_stm32f10x_md.o(.text)
    SPI2_IRQHandler                          0x0800011b   Thumb Code     0  startup_stm32f10x_md.o(.text)
    TAMPER_IRQHandler                        0x0800011b   Thumb Code     0  startup_stm32f10x_md.o(.text)
    TIM1_BRK_IRQHandler                      0x0800011b   Thumb Code     0  startup_stm32f10x_md.o(.text)
    TIM1_CC_IRQHandler                       0x0800011b   Thumb Code     0  startup_stm32f10x_md.o(.text)
    TIM1_TRG_COM_IRQHandler                  0x0800011b   Thumb Code     0  startup_stm32f10x_md.o(.text)
    TIM1_UP_IRQHandler                       0x0800011b   Thumb Code     0  startup_stm32f10x_md.o(.text)
    USBWakeUp_IRQHandler                     0x0800011b   Thumb Code     0  startup_stm32f10x_md.o(.text)
    USB_HP_CAN1_TX_IRQHandler                0x0800011b   Thumb Code     0  startup_stm32f10x_md.o(.text)
    USB_LP_CAN1_RX0_IRQHandler               0x0800011b   Thumb Code     0  startup_stm32f10x_md.o(.text)
    WWDG_IRQHandler                          0x0800011b   Thumb Code     0  startup_stm32f10x_md.o(.text)
    strcpy                                   0x08000125   Thumb Code    18  strcpy.o(.text)
    __aeabi_fadd                             0x08000137   Thumb Code   164  fadd.o(.text)
    __aeabi_fsub                             0x080001db   Thumb Code     6  fadd.o(.text)
    __aeabi_frsub                            0x080001e1   Thumb Code     6  fadd.o(.text)
    __aeabi_fmul                             0x080001e7   Thumb Code   100  fmul.o(.text)
    __aeabi_fdiv                             0x0800024b   Thumb Code   124  fdiv.o(.text)
    __aeabi_dadd                             0x080002c7   Thumb Code   322  dadd.o(.text)
    __aeabi_dsub                             0x08000409   Thumb Code     6  dadd.o(.text)
    __aeabi_drsub                            0x0800040f   Thumb Code     6  dadd.o(.text)
    __aeabi_dmul                             0x08000415   Thumb Code   228  dmul.o(.text)
    __aeabi_ddiv                             0x080004f9   Thumb Code   222  ddiv.o(.text)
    __aeabi_i2f                              0x080005d7   Thumb Code    18  fflti.o(.text)
    __aeabi_ui2f                             0x080005e9   Thumb Code    10  ffltui.o(.text)
    __aeabi_i2d                              0x080005f3   Thumb Code    34  dflti.o(.text)
    __aeabi_ui2d                             0x08000615   Thumb Code    26  dfltui.o(.text)
    __aeabi_f2iz                             0x0800062f   Thumb Code    50  ffixi.o(.text)
    __aeabi_f2uiz                            0x08000661   Thumb Code    40  ffixui.o(.text)
    __aeabi_f2d                              0x08000689   Thumb Code    38  f2d.o(.text)
    __aeabi_d2f                              0x080006af   Thumb Code    56  d2f.o(.text)
    __aeabi_cfcmpeq                          0x080006e9   Thumb Code     0  cfcmple.o(.text)
    __aeabi_cfcmple                          0x080006e9   Thumb Code    20  cfcmple.o(.text)
    __aeabi_cfrcmple                         0x080006fd   Thumb Code    20  cfrcmple.o(.text)
    __aeabi_uidiv                            0x08000711   Thumb Code     0  uidiv.o(.text)
    __aeabi_uidivmod                         0x08000711   Thumb Code    44  uidiv.o(.text)
    __aeabi_uldivmod                         0x0800073d   Thumb Code    98  uldiv.o(.text)
    __aeabi_llsl                             0x0800079f   Thumb Code    30  llshl.o(.text)
    _ll_shift_l                              0x0800079f   Thumb Code     0  llshl.o(.text)
    __aeabi_llsr                             0x080007bd   Thumb Code    32  llushr.o(.text)
    _ll_ushift_r                             0x080007bd   Thumb Code     0  llushr.o(.text)
    __aeabi_lasr                             0x080007dd   Thumb Code    36  llsshr.o(.text)
    _ll_sshift_r                             0x080007dd   Thumb Code     0  llsshr.o(.text)
    __I$use$fp                               0x08000801   Thumb Code     0  iusefp.o(.text)
    _float_round                             0x08000801   Thumb Code    18  fepilogue.o(.text)
    _float_epilogue                          0x08000813   Thumb Code    92  fepilogue.o(.text)
    _double_round                            0x0800086f   Thumb Code    30  depilogue.o(.text)
    _double_epilogue                         0x0800088d   Thumb Code   156  depilogue.o(.text)
    __ARM_scalbn                             0x08000929   Thumb Code    46  dscalb.o(.text)
    scalbn                                   0x08000929   Thumb Code     0  dscalb.o(.text)
    __aeabi_d2ulz                            0x08000957   Thumb Code    48  dfixul.o(.text)
    __aeabi_cdrcmple                         0x08000989   Thumb Code    48  cdrcmple.o(.text)
    __scatterload                            0x080009b9   Thumb Code    28  init.o(.text)
    __scatterload_rt2                        0x080009b9   Thumb Code     0  init.o(.text)
    __decompress                             0x080009dd   Thumb Code     0  __dczerorl2.o(.text)
    __decompress1                            0x080009dd   Thumb Code    86  __dczerorl2.o(.text)
    EXTI0_IRQHandler                         0x08000a35   Thumb Code   660  isr.o(i.EXTI0_IRQHandler)
    EXTI1_IRQHandler                         0x08000d35   Thumb Code    18  isr.o(i.EXTI1_IRQHandler)
    EXTI2_IRQHandler                         0x08000d4d   Thumb Code    18  isr.o(i.EXTI2_IRQHandler)
    EXTI3_IRQHandler                         0x08000d65   Thumb Code    18  isr.o(i.EXTI3_IRQHandler)
    EXTI4_IRQHandler                         0x08000d7d   Thumb Code    52  isr.o(i.EXTI4_IRQHandler)
    EXTI9_5_IRQHandler                       0x08000db9   Thumb Code   120  isr.o(i.EXTI9_5_IRQHandler)
    Grayscale_Sensor_Init                    0x08000e39   Thumb Code   102  grayscale_sensor.o(i.Grayscale_Sensor_Init)
    Grayscale_Sensor_Read_All                0x08000ead   Thumb Code    38  grayscale_sensor.o(i.Grayscale_Sensor_Read_All)
    I2C_Init                                 0x08000ed3   Thumb Code    44  ml_i2c.o(i.I2C_Init)
    I2C_NotSendAck                           0x08000eff   Thumb Code    34  ml_i2c.o(i.I2C_NotSendAck)
    I2C_ReceiveByte                          0x08000f21   Thumb Code    64  ml_i2c.o(i.I2C_ReceiveByte)
    I2C_SendByte                             0x08000f61   Thumb Code    66  ml_i2c.o(i.I2C_SendByte)
    I2C_Start                                0x08000fa3   Thumb Code    44  ml_i2c.o(i.I2C_Start)
    I2C_Stop                                 0x08000fcf   Thumb Code    34  ml_i2c.o(i.I2C_Stop)
    I2C_WaitAck                              0x08000ff1   Thumb Code    48  ml_i2c.o(i.I2C_WaitAck)
    Kalman_Filter                            0x08001021   Thumb Code   320  filter.o(i.Kalman_Filter)
    MPU6050_GetData                          0x08001161   Thumb Code   160  ml_mpu6050.o(i.MPU6050_GetData)
    MPU6050_Read                             0x08001219   Thumb Code    64  ml_mpu6050.o(i.MPU6050_Read)
    NVIC_Group_Config                        0x08001259   Thumb Code    30  ml_nvic.o(i.NVIC_Group_Config)
    NVIC_init                                0x08001281   Thumb Code    70  ml_nvic.o(i.NVIC_init)
    OLED_Clear                               0x080012cd   Thumb Code    42  ml_oled.o(i.OLED_Clear)
    OLED_I2C_Init                            0x080012f7   Thumb Code    44  ml_oled.o(i.OLED_I2C_Init)
    OLED_I2C_SendByte                        0x08001323   Thumb Code    74  ml_oled.o(i.OLED_I2C_SendByte)
    OLED_I2C_Start                           0x0800136d   Thumb Code    44  ml_oled.o(i.OLED_I2C_Start)
    OLED_I2C_Stop                            0x08001399   Thumb Code    34  ml_oled.o(i.OLED_I2C_Stop)
    OLED_Init                                0x080013bb   Thumb Code   182  ml_oled.o(i.OLED_Init)
    OLED_Pow                                 0x08001471   Thumb Code    20  ml_oled.o(i.OLED_Pow)
    OLED_SetCursor                           0x08001485   Thumb Code    34  ml_oled.o(i.OLED_SetCursor)
    OLED_ShowChar                            0x080014a9   Thumb Code   110  ml_oled.o(i.OLED_ShowChar)
    OLED_ShowNum                             0x0800151d   Thumb Code    68  ml_oled.o(i.OLED_ShowNum)
    OLED_ShowSignedNum                       0x08001561   Thumb Code   102  ml_oled.o(i.OLED_ShowSignedNum)
    OLED_ShowString                          0x080015c7   Thumb Code    40  ml_oled.o(i.OLED_ShowString)
    OLED_WriteCommand                        0x080015ef   Thumb Code    32  ml_oled.o(i.OLED_WriteCommand)
    OLED_WriteData                           0x0800160f   Thumb Code    32  ml_oled.o(i.OLED_WriteData)
    SystemInit                               0x08001725   Thumb Code    78  system_stm32f10x.o(i.SystemInit)
    TIM2_IRQHandler                          0x08001785   Thumb Code    30  isr.o(i.TIM2_IRQHandler)
    TIM3_IRQHandler                          0x080017a5   Thumb Code    40  isr.o(i.TIM3_IRQHandler)
    TIM4_IRQHandler                          0x080017d5   Thumb Code    24  isr.o(i.TIM4_IRQHandler)
    USART1_IRQHandler                        0x080017f1   Thumb Code    24  isr.o(i.USART1_IRQHandler)
    USART2_IRQHandler                        0x0800180d   Thumb Code    24  isr.o(i.USART2_IRQHandler)
    USART3_IRQHandler                        0x08001829   Thumb Code    38  isr.o(i.USART3_IRQHandler)
    __0printf                                0x08001855   Thumb Code    22  printfa.o(i.__0printf)
    __1printf                                0x08001855   Thumb Code     0  printfa.o(i.__0printf)
    __2printf                                0x08001855   Thumb Code     0  printfa.o(i.__0printf)
    __c89printf                              0x08001855   Thumb Code     0  printfa.o(i.__0printf)
    printf                                   0x08001855   Thumb Code     0  printfa.o(i.__0printf)
    __0sprintf                               0x08001875   Thumb Code    34  printfa.o(i.__0sprintf)
    __1sprintf                               0x08001875   Thumb Code     0  printfa.o(i.__0sprintf)
    __2sprintf                               0x08001875   Thumb Code     0  printfa.o(i.__0sprintf)
    __c89sprintf                             0x08001875   Thumb Code     0  printfa.o(i.__0sprintf)
    sprintf                                  0x08001875   Thumb Code     0  printfa.o(i.__0sprintf)
    __ARM_fpclassify                         0x0800189d   Thumb Code    40  fpclassify.o(i.__ARM_fpclassify)
    __kernel_poly                            0x080018c5   Thumb Code   170  poly.o(i.__kernel_poly)
    __mathlib_dbl_infnan                     0x0800196f   Thumb Code     6  dunder.o(i.__mathlib_dbl_infnan)
    __mathlib_dbl_infnan2                    0x08001975   Thumb Code     4  dunder.o(i.__mathlib_dbl_infnan2)
    __mathlib_dbl_underflow                  0x08001979   Thumb Code    10  dunder.o(i.__mathlib_dbl_underflow)
    __scatterload_copy                       0x08001989   Thumb Code    14  handlers.o(i.__scatterload_copy)
    __scatterload_null                       0x08001997   Thumb Code     2  handlers.o(i.__scatterload_null)
    __scatterload_zeroinit                   0x08001999   Thumb Code    14  handlers.o(i.__scatterload_zeroinit)
    atan                                     0x080022d1   Thumb Code   474  atan.o(i.atan)
    atan2                                    0x080024f1   Thumb Code   346  atan2.o(i.atan2)
    datavision_send                          0x08002671   Thumb Code   108  pid.o(i.datavision_send)
    delay_ms                                 0x080026e5   Thumb Code    24  ml_delay.o(i.delay_ms)
    delay_us                                 0x080026fd   Thumb Code    46  ml_delay.o(i.delay_us)
    digtal                                   0x0800272d   Thumb Code    22  gray_track.o(i.digtal)
    encoder_init                             0x08002749   Thumb Code    44  motor.o(i.encoder_init)
    exti_init                                0x08002775   Thumb Code   254  ml_exti.o(i.exti_init)
    exti_pin_init                            0x08002881   Thumb Code   328  ml_exti.o(i.exti_pin_init)
    fputc                                    0x080029c9   Thumb Code    24  ml_uart.o(i.fputc)
    gpio_get                                 0x080029e5   Thumb Code    30  ml_gpio.o(i.gpio_get)
    gpio_init                                0x08002a09   Thumb Code   412  ml_gpio.o(i.gpio_init)
    gpio_set                                 0x08002bad   Thumb Code    60  ml_gpio.o(i.gpio_set)
    main                                     0x08002bed   Thumb Code   550  main.o(i.main)
    motorA_duty                              0x08002e61   Thumb Code    50  motor.o(i.motorA_duty)
    motorB_duty                              0x08002e99   Thumb Code    50  motor.o(i.motorB_duty)
    motor_init                               0x08002ed1   Thumb Code    68  motor.o(i.motor_init)
    motor_target_set                         0x08002f15   Thumb Code    84  pid.o(i.motor_target_set)
    pid_cal                                  0x08002f79   Thumb Code   194  pid.o(i.pid_cal)
    pid_control                              0x0800303d   Thumb Code   138  pid.o(i.pid_control)
    pid_init                                 0x080030e1   Thumb Code    14  pid.o(i.pid_init)
    pidout_limit                             0x080030f1   Thumb Code    34  pid.o(i.pidout_limit)
    pwm_init                                 0x08003119   Thumb Code   354  ml_pwm.o(i.pwm_init)
    pwm_pin_init                             0x08003289   Thumb Code   172  ml_pwm.o(i.pwm_pin_init)
    pwm_update                               0x08003335   Thumb Code   266  ml_pwm.o(i.pwm_update)
    tim_interrupt_ms_init                    0x08003449   Thumb Code   104  ml_tim.o(i.tim_interrupt_ms_init)
    track                                    0x080034b9   Thumb Code   790  gray_track.o(i.track)
    uart_baud_config                         0x08003b99   Thumb Code   142  ml_uart.o(i.uart_baud_config)
    uart_init                                0x08003c39   Thumb Code    92  ml_uart.o(i.uart_init)
    uart_pin_init                            0x08003c9d   Thumb Code    86  ml_uart.o(i.uart_pin_init)
    uart_sendbyte                            0x08003cf5   Thumb Code    28  ml_uart.o(i.uart_sendbyte)
    uart_sendstr                             0x08003d15   Thumb Code    26  ml_uart.o(i.uart_sendstr)
    uart_tune_init                           0x08003d31   Thumb Code    32  uart_tune.o(i.uart_tune_init)
    uart_tune_process                        0x08003d99   Thumb Code   556  uart_tune.o(i.uart_tune_process)
    uart_tune_rx_isr                         0x08004001   Thumb Code    44  uart_tune.o(i.uart_tune_rx_isr)
    OLED_F8x16                               0x08004038   Data        1520  ml_oled.o(.constdata)
    __mathlib_zero                           0x080046c0   Data           8  qnan.o(.constdata)
    Region$$Table$$Base                      0x08004918   Number         0  anon$$obj.o(Region$$Table)
    Region$$Table$$Limit                     0x08004938   Number         0  anon$$obj.o(Region$$Table)
    g_tim3_tick                              0x20000000   Data           4  isr.o(.data)
    motorA_dir                               0x20000004   Data           1  motor.o(.data)
    motorB_dir                               0x20000005   Data           1  motor.o(.data)
    Encoder_count1                           0x20000008   Data           4  motor.o(.data)
    Encoder_count2                           0x2000000c   Data           4  motor.o(.data)
    speed_now                                0x20000010   Data           4  motor.o(.data)
    g_track_state                            0x20000014   Data           8  gray_track.o(.data)
    sensor_labels                            0x2000001c   Data          32  gray_track.o(.data)
    g_track_kp                               0x2000003c   Data           4  gray_track.o(.data)
    g_track_kd                               0x20000040   Data           4  gray_track.o(.data)
    g_speed_fast                             0x20000044   Data           2  gray_track.o(.data)
    g_speed_slow                             0x20000046   Data           2  gray_track.o(.data)
    g_speed_min                              0x20000048   Data           2  gray_track.o(.data)
    KF_Yaw                                   0x20000054   Data          48  filter.o(.data)
    KF_Roll                                  0x20000084   Data          48  filter.o(.data)
    KF_Pitch                                 0x200000b4   Data          48  filter.o(.data)
    gpio_index                               0x200000e8   Data          12  ml_gpio.o(.data)
    tim_index                                0x200000f4   Data          12  ml_tim.o(.data)
    uart_index                               0x20000100   Data          12  ml_uart.o(.data)
    __stdout                                 0x2000010c   Data           4  ml_uart.o(.data)
    ax                                       0x20000110   Data           2  ml_mpu6050.o(.data)
    ay                                       0x20000112   Data           2  ml_mpu6050.o(.data)
    az                                       0x20000114   Data           2  ml_mpu6050.o(.data)
    gx                                       0x20000116   Data           2  ml_mpu6050.o(.data)
    gy                                       0x20000118   Data           2  ml_mpu6050.o(.data)
    gz                                       0x2000011a   Data           2  ml_mpu6050.o(.data)
    roll_gyro                                0x2000011c   Data           4  ml_mpu6050.o(.data)
    pitch_gyro                               0x20000120   Data           4  ml_mpu6050.o(.data)
    yaw_gyro                                 0x20000124   Data           4  ml_mpu6050.o(.data)
    roll_acc                                 0x20000128   Data           4  ml_mpu6050.o(.data)
    pitch_acc                                0x2000012c   Data           4  ml_mpu6050.o(.data)
    yaw_acc                                  0x20000130   Data           4  ml_mpu6050.o(.data)
    roll_Kalman                              0x20000134   Data           4  ml_mpu6050.o(.data)
    pitch_Kalman                             0x20000138   Data           4  ml_mpu6050.o(.data)
    yaw_Kalman                               0x2000013c   Data           4  ml_mpu6050.o(.data)
    hmc_x                                    0x20000140   Data           2  ml_hmc5883l.o(.data)
    hmc_y                                    0x20000142   Data           2  ml_hmc5883l.o(.data)
    hmc_z                                    0x20000144   Data           2  ml_hmc5883l.o(.data)
    yaw_hmc                                  0x20000148   Data           4  ml_hmc5883l.o(.data)
    motorA                                   0x2000014c   Data          52  pid.o(.bss)
    motorB                                   0x20000180   Data          52  pid.o(.bss)
    angle                                    0x200001b4   Data          52  pid.o(.bss)
    g_sensor_data                            0x200001e8   Data          16  gray_track.o(.bss)
    __initial_sp                             0x20000658   Data           0  startup_stm32f10x_md.o(STACK)



==============================================================================

Memory Map of the image

  Image Entry point : 0x080000ed

  Load Region LR_IROM1 (Base: 0x08000000, Size: 0x00004a84, Max: 0x00010000, ABSOLUTE, COMPRESSED[0x000049a0])

    Execution Region ER_IROM1 (Exec base: 0x08000000, Load base: 0x08000000, Size: 0x00004938, Max: 0x00010000, ABSOLUTE)

    Exec Addr    Load Addr    Size         Type   Attr      Idx    E Section Name        Object

    0x08000000   0x08000000   0x000000ec   Data   RO          449    RESET               startup_stm32f10x_md.o
    0x080000ec   0x080000ec   0x00000000   Code   RO          982  * .ARM.Collect$$$$00000000  mc_w.l(entry.o)
    0x080000ec   0x080000ec   0x00000004   Code   RO         1309    .ARM.Collect$$$$00000001  mc_w.l(entry2.o)
    0x080000f0   0x080000f0   0x00000004   Code   RO         1312    .ARM.Collect$$$$00000004  mc_w.l(entry5.o)
    0x080000f4   0x080000f4   0x00000000   Code   RO         1314    .ARM.Collect$$$$00000008  mc_w.l(entry7b.o)
    0x080000f4   0x080000f4   0x00000000   Code   RO         1316    .ARM.Collect$$$$0000000A  mc_w.l(entry8b.o)
    0x080000f4   0x080000f4   0x00000008   Code   RO         1317    .ARM.Collect$$$$0000000B  mc_w.l(entry9a.o)
    0x080000fc   0x080000fc   0x00000000   Code   RO         1319    .ARM.Collect$$$$0000000D  mc_w.l(entry10a.o)
    0x080000fc   0x080000fc   0x00000000   Code   RO         1321    .ARM.Collect$$$$0000000F  mc_w.l(entry11a.o)
    0x080000fc   0x080000fc   0x00000004   Code   RO         1310    .ARM.Collect$$$$00002712  mc_w.l(entry2.o)
    0x08000100   0x08000100   0x00000024   Code   RO          450    .text               startup_stm32f10x_md.o
    0x08000124   0x08000124   0x00000012   Code   RO          985    .text               mc_w.l(strcpy.o)
    0x08000136   0x08000136   0x000000b0   Code   RO         1248    .text               mf_w.l(fadd.o)
    0x080001e6   0x080001e6   0x00000064   Code   RO         1250    .text               mf_w.l(fmul.o)
    0x0800024a   0x0800024a   0x0000007c   Code   RO         1252    .text               mf_w.l(fdiv.o)
    0x080002c6   0x080002c6   0x0000014e   Code   RO         1254    .text               mf_w.l(dadd.o)
    0x08000414   0x08000414   0x000000e4   Code   RO         1256    .text               mf_w.l(dmul.o)
    0x080004f8   0x080004f8   0x000000de   Code   RO         1258    .text               mf_w.l(ddiv.o)
    0x080005d6   0x080005d6   0x00000012   Code   RO         1260    .text               mf_w.l(fflti.o)
    0x080005e8   0x080005e8   0x0000000a   Code   RO         1262    .text               mf_w.l(ffltui.o)
    0x080005f2   0x080005f2   0x00000022   Code   RO         1264    .text               mf_w.l(dflti.o)
    0x08000614   0x08000614   0x0000001a   Code   RO         1266    .text               mf_w.l(dfltui.o)
    0x0800062e   0x0800062e   0x00000032   Code   RO         1268    .text               mf_w.l(ffixi.o)
    0x08000660   0x08000660   0x00000028   Code   RO         1270    .text               mf_w.l(ffixui.o)
    0x08000688   0x08000688   0x00000026   Code   RO         1274    .text               mf_w.l(f2d.o)
    0x080006ae   0x080006ae   0x00000038   Code   RO         1276    .text               mf_w.l(d2f.o)
    0x080006e6   0x080006e6   0x00000002   PAD
    0x080006e8   0x080006e8   0x00000014   Code   RO         1278    .text               mf_w.l(cfcmple.o)
    0x080006fc   0x080006fc   0x00000014   Code   RO         1280    .text               mf_w.l(cfrcmple.o)
    0x08000710   0x08000710   0x0000002c   Code   RO         1323    .text               mc_w.l(uidiv.o)
    0x0800073c   0x0800073c   0x00000062   Code   RO         1325    .text               mc_w.l(uldiv.o)
    0x0800079e   0x0800079e   0x0000001e   Code   RO         1327    .text               mc_w.l(llshl.o)
    0x080007bc   0x080007bc   0x00000020   Code   RO         1329    .text               mc_w.l(llushr.o)
    0x080007dc   0x080007dc   0x00000024   Code   RO         1331    .text               mc_w.l(llsshr.o)
    0x08000800   0x08000800   0x00000000   Code   RO         1340    .text               mc_w.l(iusefp.o)
    0x08000800   0x08000800   0x0000006e   Code   RO         1341    .text               mf_w.l(fepilogue.o)
    0x0800086e   0x0800086e   0x000000ba   Code   RO         1343    .text               mf_w.l(depilogue.o)
    0x08000928   0x08000928   0x0000002e   Code   RO         1345    .text               mf_w.l(dscalb.o)
    0x08000956   0x08000956   0x00000030   Code   RO         1347    .text               mf_w.l(dfixul.o)
    0x08000986   0x08000986   0x00000002   PAD
    0x08000988   0x08000988   0x00000030   Code   RO         1349    .text               mf_w.l(cdrcmple.o)
    0x080009b8   0x080009b8   0x00000024   Code   RO         1351    .text               mc_w.l(init.o)
    0x080009dc   0x080009dc   0x00000056   Code   RO         1365    .text               mc_w.l(__dczerorl2.o)
    0x08000a32   0x08000a32   0x00000002   PAD
    0x08000a34   0x08000a34   0x00000300   Code   RO          105    i.EXTI0_IRQHandler  isr.o
    0x08000d34   0x08000d34   0x00000018   Code   RO          106    i.EXTI1_IRQHandler  isr.o
    0x08000d4c   0x08000d4c   0x00000018   Code   RO          107    i.EXTI2_IRQHandler  isr.o
    0x08000d64   0x08000d64   0x00000018   Code   RO          108    i.EXTI3_IRQHandler  isr.o
    0x08000d7c   0x08000d7c   0x0000003c   Code   RO          109    i.EXTI4_IRQHandler  isr.o
    0x08000db8   0x08000db8   0x00000080   Code   RO          110    i.EXTI9_5_IRQHandler  isr.o
    0x08000e38   0x08000e38   0x00000074   Code   RO          326    i.Grayscale_Sensor_Init  grayscale_sensor.o
    0x08000eac   0x08000eac   0x00000026   Code   RO          327    i.Grayscale_Sensor_Read_All  grayscale_sensor.o
    0x08000ed2   0x08000ed2   0x0000002c   Code   RO          750    i.I2C_Init          ml_i2c.o
    0x08000efe   0x08000efe   0x00000022   Code   RO          751    i.I2C_NotSendAck    ml_i2c.o
    0x08000f20   0x08000f20   0x00000040   Code   RO          752    i.I2C_ReceiveByte   ml_i2c.o
    0x08000f60   0x08000f60   0x00000042   Code   RO          754    i.I2C_SendByte      ml_i2c.o
    0x08000fa2   0x08000fa2   0x0000002c   Code   RO          755    i.I2C_Start         ml_i2c.o
    0x08000fce   0x08000fce   0x00000022   Code   RO          756    i.I2C_Stop          ml_i2c.o
    0x08000ff0   0x08000ff0   0x00000030   Code   RO          757    i.I2C_WaitAck       ml_i2c.o
    0x08001020   0x08001020   0x00000140   Code   RO          302    i.Kalman_Filter     filter.o
    0x08001160   0x08001160   0x000000b8   Code   RO          714    i.MPU6050_GetData   ml_mpu6050.o
    0x08001218   0x08001218   0x00000040   Code   RO          716    i.MPU6050_Read      ml_mpu6050.o
    0x08001258   0x08001258   0x00000028   Code   RO          548    i.NVIC_Group_Config  ml_nvic.o
    0x08001280   0x08001280   0x0000004c   Code   RO          549    i.NVIC_init         ml_nvic.o
    0x080012cc   0x080012cc   0x0000002a   Code   RO          804    i.OLED_Clear        ml_oled.o
    0x080012f6   0x080012f6   0x0000002c   Code   RO          805    i.OLED_I2C_Init     ml_oled.o
    0x08001322   0x08001322   0x0000004a   Code   RO          806    i.OLED_I2C_SendByte  ml_oled.o
    0x0800136c   0x0800136c   0x0000002c   Code   RO          807    i.OLED_I2C_Start    ml_oled.o
    0x08001398   0x08001398   0x00000022   Code   RO          808    i.OLED_I2C_Stop     ml_oled.o
    0x080013ba   0x080013ba   0x000000b6   Code   RO          809    i.OLED_Init         ml_oled.o
    0x08001470   0x08001470   0x00000014   Code   RO          810    i.OLED_Pow          ml_oled.o
    0x08001484   0x08001484   0x00000022   Code   RO          811    i.OLED_SetCursor    ml_oled.o
    0x080014a6   0x080014a6   0x00000002   PAD
    0x080014a8   0x080014a8   0x00000074   Code   RO          813    i.OLED_ShowChar     ml_oled.o
    0x0800151c   0x0800151c   0x00000044   Code   RO          816    i.OLED_ShowNum      ml_oled.o
    0x08001560   0x08001560   0x00000066   Code   RO          817    i.OLED_ShowSignedNum  ml_oled.o
    0x080015c6   0x080015c6   0x00000028   Code   RO          818    i.OLED_ShowString   ml_oled.o
    0x080015ee   0x080015ee   0x00000020   Code   RO          819    i.OLED_WriteCommand  ml_oled.o
    0x0800160e   0x0800160e   0x00000020   Code   RO          820    i.OLED_WriteData    ml_oled.o
    0x0800162e   0x0800162e   0x0000000c   Code   RO          329    i.Read_OUT_value    grayscale_sensor.o
    0x0800163a   0x0800163a   0x00000008   Code   RO          413    i.SetSysClock       system_stm32f10x.o
    0x08001642   0x08001642   0x00000002   PAD
    0x08001644   0x08001644   0x000000e0   Code   RO          414    i.SetSysClockTo72   system_stm32f10x.o
    0x08001724   0x08001724   0x00000060   Code   RO          416    i.SystemInit        system_stm32f10x.o
    0x08001784   0x08001784   0x0000001e   Code   RO          111    i.TIM2_IRQHandler   isr.o
    0x080017a2   0x080017a2   0x00000002   PAD
    0x080017a4   0x080017a4   0x00000030   Code   RO          112    i.TIM3_IRQHandler   isr.o
    0x080017d4   0x080017d4   0x0000001c   Code   RO          113    i.TIM4_IRQHandler   isr.o
    0x080017f0   0x080017f0   0x0000001c   Code   RO          114    i.USART1_IRQHandler  isr.o
    0x0800180c   0x0800180c   0x0000001c   Code   RO          115    i.USART2_IRQHandler  isr.o
    0x08001828   0x08001828   0x0000002c   Code   RO          116    i.USART3_IRQHandler  isr.o
    0x08001854   0x08001854   0x00000020   Code   RO         1220    i.__0printf         mc_w.l(printfa.o)
    0x08001874   0x08001874   0x00000028   Code   RO         1222    i.__0sprintf        mc_w.l(printfa.o)
    0x0800189c   0x0800189c   0x00000028   Code   RO         1296    i.__ARM_fpclassify  m_ws.l(fpclassify.o)
    0x080018c4   0x080018c4   0x000000aa   Code   RO         1298    i.__kernel_poly     m_ws.l(poly.o)
    0x0800196e   0x0800196e   0x00000006   Code   RO         1283    i.__mathlib_dbl_infnan  m_ws.l(dunder.o)
    0x08001974   0x08001974   0x00000004   Code   RO         1284    i.__mathlib_dbl_infnan2  m_ws.l(dunder.o)
    0x08001978   0x08001978   0x00000010   Code   RO         1288    i.__mathlib_dbl_underflow  m_ws.l(dunder.o)
    0x08001988   0x08001988   0x0000000e   Code   RO         1359    i.__scatterload_copy  mc_w.l(handlers.o)
    0x08001996   0x08001996   0x00000002   Code   RO         1360    i.__scatterload_null  mc_w.l(handlers.o)
    0x08001998   0x08001998   0x0000000e   Code   RO         1361    i.__scatterload_zeroinit  mc_w.l(handlers.o)
    0x080019a6   0x080019a6   0x0000000a   Code   RO          330    i._delay_us         grayscale_sensor.o
    0x080019b0   0x080019b0   0x00000184   Code   RO         1227    i._fp_digits        mc_w.l(printfa.o)
    0x08001b34   0x08001b34   0x000006dc   Code   RO         1228    i._printf_core      mc_w.l(printfa.o)
    0x08002210   0x08002210   0x00000024   Code   RO         1229    i._printf_post_padding  mc_w.l(printfa.o)
    0x08002234   0x08002234   0x0000002e   Code   RO         1230    i._printf_pre_padding  mc_w.l(printfa.o)
    0x08002262   0x08002262   0x00000002   PAD
    0x08002264   0x08002264   0x00000060   Code   RO          331    i._select_channel   grayscale_sensor.o
    0x080022c4   0x080022c4   0x0000000a   Code   RO         1232    i._sputc            mc_w.l(printfa.o)
    0x080022ce   0x080022ce   0x00000002   PAD
    0x080022d0   0x080022d0   0x00000220   Code   RO          955    i.atan              m_ws.l(atan.o)
    0x080024f0   0x080024f0   0x00000180   Code   RO          965    i.atan2             m_ws.l(atan2.o)
    0x08002670   0x08002670   0x00000074   Code   RO          222    i.datavision_send   pid.o
    0x080026e4   0x080026e4   0x00000018   Code   RO          524    i.delay_ms          ml_delay.o
    0x080026fc   0x080026fc   0x0000002e   Code   RO          526    i.delay_us          ml_delay.o
    0x0800272a   0x0800272a   0x00000002   PAD
    0x0800272c   0x0800272c   0x0000001c   Code   RO          270    i.digtal            gray_track.o
    0x08002748   0x08002748   0x0000002c   Code   RO          186    i.encoder_init      motor.o
    0x08002774   0x08002774   0x0000010c   Code   RO          696    i.exti_init         ml_exti.o
    0x08002880   0x08002880   0x00000148   Code   RO          697    i.exti_pin_init     ml_exti.o
    0x080029c8   0x080029c8   0x0000001c   Code   RO          609    i.fputc             ml_uart.o
    0x080029e4   0x080029e4   0x00000024   Code   RO          455    i.gpio_get          ml_gpio.o
    0x08002a08   0x08002a08   0x000001a4   Code   RO          456    i.gpio_init         ml_gpio.o
    0x08002bac   0x08002bac   0x00000040   Code   RO          457    i.gpio_set          ml_gpio.o
    0x08002bec   0x08002bec   0x00000274   Code   RO            1    i.main              main.o
    0x08002e60   0x08002e60   0x00000038   Code   RO          187    i.motorA_duty       motor.o
    0x08002e98   0x08002e98   0x00000038   Code   RO          188    i.motorB_duty       motor.o
    0x08002ed0   0x08002ed0   0x00000044   Code   RO          189    i.motor_init        motor.o
    0x08002f14   0x08002f14   0x00000064   Code   RO          223    i.motor_target_set  pid.o
    0x08002f78   0x08002f78   0x000000c2   Code   RO          224    i.pid_cal           pid.o
    0x0800303a   0x0800303a   0x00000002   PAD
    0x0800303c   0x0800303c   0x000000a4   Code   RO          225    i.pid_control       pid.o
    0x080030e0   0x080030e0   0x0000000e   Code   RO          226    i.pid_init          pid.o
    0x080030ee   0x080030ee   0x00000002   PAD
    0x080030f0   0x080030f0   0x00000028   Code   RO          227    i.pidout_limit      pid.o
    0x08003118   0x08003118   0x00000170   Code   RO          566    i.pwm_init          ml_pwm.o
    0x08003288   0x08003288   0x000000ac   Code   RO          567    i.pwm_pin_init      ml_pwm.o
    0x08003334   0x08003334   0x00000114   Code   RO          568    i.pwm_update        ml_pwm.o
    0x08003448   0x08003448   0x00000070   Code   RO          590    i.tim_interrupt_ms_init  ml_tim.o
    0x080034b8   0x080034b8   0x00000398   Code   RO          272    i.track             gray_track.o
    0x08003850   0x08003850   0x000000d0   Code   RO          365    i.tune_apply_speed_scale  uart_tune.o
    0x08003920   0x08003920   0x000000bc   Code   RO          366    i.tune_parse_float  uart_tune.o
    0x080039dc   0x080039dc   0x000000a0   Code   RO          367    i.tune_print_help   uart_tune.o
    0x08003a7c   0x08003a7c   0x0000011c   Code   RO          368    i.tune_print_status  uart_tune.o
    0x08003b98   0x08003b98   0x000000a0   Code   RO          610    i.uart_baud_config  ml_uart.o
    0x08003c38   0x08003c38   0x00000064   Code   RO          612    i.uart_init         ml_uart.o
    0x08003c9c   0x08003c9c   0x00000056   Code   RO          613    i.uart_pin_init     ml_uart.o
    0x08003cf2   0x08003cf2   0x00000002   PAD
    0x08003cf4   0x08003cf4   0x00000020   Code   RO          614    i.uart_sendbyte     ml_uart.o
    0x08003d14   0x08003d14   0x0000001a   Code   RO          615    i.uart_sendstr      ml_uart.o
    0x08003d2e   0x08003d2e   0x00000002   PAD
    0x08003d30   0x08003d30   0x00000068   Code   RO          369    i.uart_tune_init    uart_tune.o
    0x08003d98   0x08003d98   0x00000268   Code   RO          370    i.uart_tune_process  uart_tune.o
    0x08004000   0x08004000   0x00000038   Code   RO          371    i.uart_tune_rx_isr  uart_tune.o
    0x08004038   0x08004038   0x000005f0   Data   RO          821    .constdata          ml_oled.o
    0x08004628   0x08004628   0x00000098   Data   RO          956    .constdata          m_ws.l(atan.o)
    0x080046c0   0x080046c0   0x00000008   Data   RO         1300    .constdata          m_ws.l(qnan.o)
    0x080046c8   0x080046c8   0x0000001f   Data   RO          274    .conststring        gray_track.o
    0x080046e7   0x080046e7   0x00000001   PAD
    0x080046e8   0x080046e8   0x00000230   Data   RO          373    .conststring        uart_tune.o
    0x08004918   0x08004918   0x00000020   Data   RO         1357    Region$$Table       anon$$obj.o


    Execution Region RW_IRAM1 (Exec base: 0x20000000, Load base: 0x08004938, Size: 0x00000658, Max: 0x00005000, ABSOLUTE, COMPRESSED[0x00000068])

    Exec Addr    Load Addr    Size         Type   Attr      Idx    E Section Name        Object

    0x20000000   COMPRESSED   0x00000004   Data   RW          117    .data               isr.o
    0x20000004   COMPRESSED   0x00000010   Data   RW          190    .data               motor.o
    0x20000014   COMPRESSED   0x00000040   Data   RW          275    .data               gray_track.o
    0x20000054   COMPRESSED   0x00000090   Data   RW          304    .data               filter.o
    0x200000e4   COMPRESSED   0x00000003   Data   RW          374    .data               uart_tune.o
    0x200000e7   COMPRESSED   0x00000001   PAD
    0x200000e8   COMPRESSED   0x0000000c   Data   RW          458    .data               ml_gpio.o
    0x200000f4   COMPRESSED   0x0000000c   Data   RW          591    .data               ml_tim.o
    0x20000100   COMPRESSED   0x00000010   Data   RW          616    .data               ml_uart.o
    0x20000110   COMPRESSED   0x00000030   Data   RW          718    .data               ml_mpu6050.o
    0x20000140   COMPRESSED   0x0000000c   Data   RW          922    .data               ml_hmc5883l.o
    0x2000014c        -       0x0000009c   Zero   RW          228    .bss                pid.o
    0x200001e8        -       0x00000010   Zero   RW          273    .bss                gray_track.o
    0x200001f8        -       0x00000060   Zero   RW          372    .bss                uart_tune.o
    0x20000258        -       0x00000400   Zero   RW          447    STACK               startup_stm32f10x_md.o


==============================================================================

Image component sizes


      Code (inc. data)   RO Data    RW Data    ZI Data      Debug   Object Name

       320          0          0        144          0       1630   filter.o
       948        146         31         64         16       3429   gray_track.o
       272         18          0          0          0       2616   grayscale_sensor.o
      1234        168          0          4          0       5280   isr.o
       628         78          0          0          0     206735   main.o
        70          0          0          0          0        918   ml_delay.o
       596         38          0          0          0       1408   ml_exti.o
       520         18          0         12          0       4659   ml_gpio.o
         0          0          0         12          0        304   ml_hmc5883l.o
       334          0          0          0          0       3314   ml_i2c.o
       248         24          0         48          0       1746   ml_mpu6050.o
       116         16          0          0          0       1068   ml_nvic.o
       864          6       1520          0          0       8190   ml_oled.o
       816         36          0          0          0       1931   ml_pwm.o
       112          8          0         12          0       1412   ml_tim.o
       432         34          0         16          0       5083   ml_uart.o
       224         12          0         16          0       2180   motor.o
       628         56          0          0        156       4017   pid.o
        36          8        236          0       1024        808   startup_stm32f10x_md.o
       328         28          0          0          0       1781   system_stm32f10x.o
      1616        258        560          3         96       5376   uart_tune.o

    ----------------------------------------------------------------------
     10358        952       2380        332       1292     263885   Object Totals
         0          0         32          0          0          0   (incl. Generated)
        16          0          1          1          0          0   (incl. Padding)

    ----------------------------------------------------------------------

      Code (inc. data)   RO Data    RW Data    ZI Data      Debug   Library Member Name

       544         70        152          0          0        124   atan.o
       384         38          0          0          0        144   atan2.o
        26          6          0          0          0        204   dunder.o
        40          0          0          0          0         68   fpclassify.o
       170          0          0          0          0         96   poly.o
         0          0          8          0          0          0   qnan.o
        86          0          0          0          0          0   __dczerorl2.o
         0          0          0          0          0          0   entry.o
         0          0          0          0          0          0   entry10a.o
         0          0          0          0          0          0   entry11a.o
         8          4          0          0          0          0   entry2.o
         4          0          0          0          0          0   entry5.o
         0          0          0          0          0          0   entry7b.o
         0          0          0          0          0          0   entry8b.o
         8          4          0          0          0          0   entry9a.o
        30          0          0          0          0          0   handlers.o
        36          8          0          0          0         68   init.o
         0          0          0          0          0          0   iusefp.o
        30          0          0          0          0         68   llshl.o
        36          0          0          0          0         68   llsshr.o
        32          0          0          0          0         68   llushr.o
      2308         96          0          0          0        604   printfa.o
        18          0          0          0          0         68   strcpy.o
        44          0          0          0          0         80   uidiv.o
        98          0          0          0          0         92   uldiv.o
        48          0          0          0          0         68   cdrcmple.o
        20          0          0          0          0         68   cfcmple.o
        20          0          0          0          0         68   cfrcmple.o
        56          0          0          0          0         88   d2f.o
       334          0          0          0          0        148   dadd.o
       222          0          0          0          0        100   ddiv.o
       186          0          0          0          0        176   depilogue.o
        48          0          0          0          0         68   dfixul.o
        34          0          0          0          0         76   dflti.o
        26          0          0          0          0         76   dfltui.o
       228          0          0          0          0         96   dmul.o
        46          0          0          0          0         80   dscalb.o
        38          0          0          0          0         68   f2d.o
       176          0          0          0          0        140   fadd.o
       124          0          0          0          0         88   fdiv.o
       110          0          0          0          0        168   fepilogue.o
        50          0          0          0          0         68   ffixi.o
        40          0          0          0          0         68   ffixui.o
        18          0          0          0          0         68   fflti.o
        10          0          0          0          0         68   ffltui.o
       100          0          0          0          0         76   fmul.o

    ----------------------------------------------------------------------
      5846        226        160          0          0       3676   Library Totals
        10          0          0          0          0          0   (incl. Padding)

    ----------------------------------------------------------------------

      Code (inc. data)   RO Data    RW Data    ZI Data      Debug   Library Name

      1164        114        160          0          0        636   m_ws.l
      2738        112          0          0          0       1116   mc_w.l
      1934          0          0          0          0       1924   mf_w.l

    ----------------------------------------------------------------------
      5846        226        160          0          0       3676   Library Totals

    ----------------------------------------------------------------------

==============================================================================


      Code (inc. data)   RO Data    RW Data    ZI Data      Debug   

     16204       1178       2540        332       1292     261553   Grand Totals
     16204       1178       2540        104       1292     261553   ELF Image Totals (compressed)
     16204       1178       2540        104          0          0   ROM Totals

==============================================================================

    Total RO  Size (Code + RO Data)                18744 (  18.30kB)
    Total RW  Size (RW Data + ZI Data)              1624 (   1.59kB)
    Total ROM Size (Code + RO Data + RW Data)      18848 (  18.41kB)

==============================================================================

