<html>
<body>
<pre>
<h1>µVision Build Log</h1>
<h2>Tool Versions:</h2>
IDE-Version: ¦ÌVision V5.24.2.0
Copyright (C) 2017 ARM Ltd and ARM Germany GmbH. All rights reserved.
License Information: 5EE ASUS, XX, LIC=----
 
Tool Versions:
Toolchain:       MDK-Lite  Version: 5.24.1
Toolchain Path:  D:\Keil_v5\ARM\ARMCC\Bin
C Compiler:      Armcc.exe V5.06 update 5 (build 528)
Assembler:       Armasm.exe V5.06 update 5 (build 528)
Linker/Locator:  ArmLink.exe V5.06 update 5 (build 528)
Library Manager: ArmAr.exe V5.06 update 5 (build 528)
Hex Converter:   FromElf.exe V5.06 update 5 (build 528)
CPU DLL:         SARMCM3.DLL V5.24.1
Dialog DLL:      DCM.DLL V1.16.0.0
Target DLL:      CMSIS_AGDI.dll V1.28.3.0
Dialog DLL:      TCM.DLL V1.32.0.0
 
<h2>Project:</h2>
C:\Users\ASUS\Desktop\car_v1.2(3)\car_v1.2\user\Project.uvprojx
Project File Date:  06/06/2026

<h2>Output:</h2>
*** Using Compiler 'V5.06 update 5 (build 528)', folder: 'D:\Keil_v5\ARM\ARMCC\Bin'
Rebuild target 'Target 1'
assembling startup_stm32f10x_md.s...
compiling filter.c...
compiling ml_delay.c...
..\ML_LIBS\ml_delay.c(41): warning:  #1-D: last line of file ends without a newline
  }
..\ML_LIBS\ml_delay.c: 1 warning, 0 errors
compiling isr.c...
..\code\grayscale_sensor.h(45): warning:  #1-D: last line of file ends without a newline
  #endif // __GRAYSCALE_SENSOR_H
isr.c(188): warning:  #1-D: last line of file ends without a newline
  }
isr.c: 2 warnings, 0 errors
compiling system_stm32f10x.c...
compiling ml_pwm.c...
..\code\grayscale_sensor.h(45): warning:  #1-D: last line of file ends without a newline
  #endif // __GRAYSCALE_SENSOR_H
..\ML_LIBS\ml_pwm.c: 1 warning, 0 errors
compiling main.c...
..\code\grayscale_sensor.h(45): warning:  #1-D: last line of file ends without a newline
  #endif // __GRAYSCALE_SENSOR_H
main.c: 1 warning, 0 errors
compiling motor.c...
..\code\grayscale_sensor.h(45): warning:  #1-D: last line of file ends without a newline
  #endif // __GRAYSCALE_SENSOR_H
..\code\motor.c: 1 warning, 0 errors
compiling gray_track.c...
..\code\grayscale_sensor.h(45): warning:  #1-D: last line of file ends without a newline
  #endif // __GRAYSCALE_SENSOR_H
..\code\gray_track.c(157): warning:  #1-D: last line of file ends without a newline
  }
..\code\gray_track.c: 2 warnings, 0 errors
compiling ml_tim.c...
..\code\grayscale_sensor.h(45): warning:  #1-D: last line of file ends without a newline
  #endif // __GRAYSCALE_SENSOR_H
..\ML_LIBS\ml_tim.c: 1 warning, 0 errors
compiling ml_gpio.c...
..\code\grayscale_sensor.h(45): warning:  #1-D: last line of file ends without a newline
  #endif // __GRAYSCALE_SENSOR_H
..\ML_LIBS\ml_gpio.c: 1 warning, 0 errors
compiling ml_nvic.c...
..\code\grayscale_sensor.h(45): warning:  #1-D: last line of file ends without a newline
  #endif // __GRAYSCALE_SENSOR_H
..\ML_LIBS\ml_nvic.c: 1 warning, 0 errors
compiling pid.c...
..\code\grayscale_sensor.h(45): warning:  #1-D: last line of file ends without a newline
  #endif // __GRAYSCALE_SENSOR_H
..\code\pid.c: 1 warning, 0 errors
compiling grayscale_sensor.c...
..\code\grayscale_sensor.h(45): warning:  #1-D: last line of file ends without a newline
  #endif // __GRAYSCALE_SENSOR_H
..\code\grayscale_sensor.c(66): warning:  #1-D: last line of file ends without a newline
  }
..\code\grayscale_sensor.c: 2 warnings, 0 errors
compiling ml_uart.c...
..\code\grayscale_sensor.h(45): warning:  #1-D: last line of file ends without a newline
  #endif // __GRAYSCALE_SENSOR_H
..\ML_LIBS\ml_uart.c: 1 warning, 0 errors
compiling ml_adc.c...
..\code\grayscale_sensor.h(45): warning:  #1-D: last line of file ends without a newline
  #endif // __GRAYSCALE_SENSOR_H
..\ML_LIBS\ml_adc.c: 1 warning, 0 errors
compiling ml_i2c.c...
..\code\grayscale_sensor.h(45): warning:  #1-D: last line of file ends without a newline
  #endif // __GRAYSCALE_SENSOR_H
..\ml_libs\ml_i2c.c: 1 warning, 0 errors
compiling ml_hmc5883l.c...
..\code\grayscale_sensor.h(45): warning:  #1-D: last line of file ends without a newline
  #endif // __GRAYSCALE_SENSOR_H
..\ml_libs\ml_hmc5883l.c: 1 warning, 0 errors
compiling ml_exti.c...
..\code\grayscale_sensor.h(45): warning:  #1-D: last line of file ends without a newline
  #endif // __GRAYSCALE_SENSOR_H
..\ML_LIBS\ml_exti.c: 1 warning, 0 errors
compiling ml_mpu6050.c...
..\code\grayscale_sensor.h(45): warning:  #1-D: last line of file ends without a newline
  #endif // __GRAYSCALE_SENSOR_H
..\ml_libs\ml_mpu6050.c: 1 warning, 0 errors
compiling ml_oled.c...
..\code\grayscale_sensor.h(45): warning:  #1-D: last line of file ends without a newline
  #endif // __GRAYSCALE_SENSOR_H
..\ml_libs\ml_oled.c(252): warning:  #1-D: last line of file ends without a newline
  }
..\ml_libs\ml_oled.c: 2 warnings, 0 errors
linking...
Program Size: Code=13758 RO-data=1986 RW-data=304 ZI-data=1808  
FromELF: creating hex file...
".\Objects\Project.axf" - 0 Error(s), 22 Warning(s).

<h2>Software Packages used:</h2>

Package Vendor: Keil
                https://www.keil.com/pack/Keil.STM32F1xx_DFP.2.4.1.pack
                Keil.STM32F1xx_DFP.2.4.1
                STMicroelectronics STM32F1 Series Device Support, Drivers and Examples

<h2>Collection of Component include folders:</h2>
  .\RTE\_Target_1
  D:\Keil_v5\Keil\STM32F1xx_DFP\2.4.1\Device\Include

<h2>Collection of Component Files used:</h2>
Build Time Elapsed:  00:00:02
</pre>
</body>
</html>
